2026-02-27T21:24:44.9639440Z ##[group]Run PavanMudigonda/html-reporter-github-pages@v1.5.13
2026-02-27T21:24:44.9639823Z with:
2026-02-27T21:24:44.9640008Z   test_results: test-results
2026-02-27T21:24:44.9640228Z   keep_reports: 20
2026-02-27T21:24:44.9640417Z   gh_pages: gh_pages
2026-02-27T21:24:44.9640621Z   subfolder: docs
2026-02-27T21:24:44.9640798Z   tool_name: cucumber
2026-02-27T21:24:44.9640981Z   workflow_name: test
2026-02-27T21:24:44.9641158Z   env: QA
2026-02-27T21:24:44.9641324Z   use_actions_summary: true
2026-02-27T21:24:44.9641642Z   token: ***
2026-02-27T21:24:44.9641874Z   results_history: results-history
2026-02-27T21:24:44.9642104Z   github_run_num: 120
2026-02-27T21:24:44.9642296Z   github_run_id: 22504364968
2026-02-27T21:24:44.9642579Z   github_repo: PavanMudigonda/html-reporter-github-pages
2026-02-27T21:24:44.9642891Z   order: descending
2026-02-27T21:24:44.9643099Z   allure_report_generate_flag: false
2026-02-27T21:24:44.9643337Z   force_orphan: true
2026-02-27T21:24:44.9643532Z ##[endgroup]
2026-02-27T21:24:44.9755408Z ##[group]Run actions/setup-python@v6.2.0
2026-02-27T21:24:44.9755679Z with:
2026-02-27T21:24:44.9755872Z   python-version: 3.13
2026-02-27T21:24:44.9756076Z   check-latest: false
2026-02-27T21:24:44.9756366Z   token: ***
2026-02-27T21:24:44.9756718Z   update-environment: true
2026-02-27T21:24:44.9757152Z   allow-prereleases: false
2026-02-27T21:24:44.9757412Z   freethreaded: false
2026-02-27T21:24:44.9757606Z ##[endgroup]
2026-02-27T21:24:45.1012997Z ##[group]Installed versions
2026-02-27T21:24:45.1115682Z Successfully set up CPython (3.13.12)
2026-02-27T21:24:45.1116378Z ##[endgroup]
2026-02-27T21:24:45.1217769Z ##[group]Run set -e
2026-02-27T21:24:45.1218132Z [36;1mset -e[0m
2026-02-27T21:24:45.1218398Z [36;1mecho "::group::Validating action inputs"[0m
2026-02-27T21:24:45.1218681Z [36;1m[0m
2026-02-27T21:24:45.1218946Z [36;1m# Validate keep_reports is a positive integer (minimum 1)[0m
2026-02-27T21:24:45.1219327Z [36;1mif ! [[ "20" =~ ^[0-9]+$ ]] || [[ "20" -lt 1 ]]; then[0m
2026-02-27T21:24:45.1219762Z [36;1m  echo "::error::keep_reports must be a positive integer (minimum 1), got: 20"[0m
2026-02-27T21:24:45.1220159Z [36;1m  exit 1[0m
2026-02-27T21:24:45.1220328Z [36;1mfi[0m
2026-02-27T21:24:45.1220488Z [36;1m[0m
2026-02-27T21:24:45.1220672Z [36;1m# Validate order parameter[0m
2026-02-27T21:24:45.1221026Z [36;1mif [[ "descending" != "ascending" && "descending" != "descending" ]]; then[0m
2026-02-27T21:24:45.1221507Z [36;1m  echo "::error::order must be 'ascending' or 'descending', got: descending"[0m
2026-02-27T21:24:45.1221871Z [36;1m  exit 1[0m
2026-02-27T21:24:45.1222046Z [36;1mfi[0m
2026-02-27T21:24:45.1222198Z [36;1m[0m
2026-02-27T21:24:45.1222400Z [36;1m# Validate test_results directory exists[0m
2026-02-27T21:24:45.1222692Z [36;1mif [ ! -d "test-results" ]; then[0m
2026-02-27T21:24:45.1223027Z [36;1m  echo "::error::test_results directory not found: test-results"[0m
2026-02-27T21:24:45.1223352Z [36;1m  exit 1[0m
2026-02-27T21:24:45.1223529Z [36;1mfi[0m
2026-02-27T21:24:45.1223695Z [36;1m[0m
2026-02-27T21:24:45.1223922Z [36;1m# Validate subfolder doesn't contain dangerous paths[0m
2026-02-27T21:24:45.1224231Z [36;1mif [[ "docs" == *..* ]]; then[0m
2026-02-27T21:24:45.1224603Z [36;1m  echo "::error::subfolder cannot contain '..' (parent directory references)"[0m
2026-02-27T21:24:45.1224987Z [36;1m  exit 1[0m
2026-02-27T21:24:45.1225150Z [36;1mfi[0m
2026-02-27T21:24:45.1225303Z [36;1m[0m
2026-02-27T21:24:45.1225459Z [36;1mif [[ "docs" == /* ]]; then[0m
2026-02-27T21:24:45.1225818Z [36;1m  echo "::error::subfolder cannot be an absolute path (cannot start with '/')"[0m
2026-02-27T21:24:45.1226271Z [36;1m  exit 1[0m
2026-02-27T21:24:45.1226467Z [36;1mfi[0m
2026-02-27T21:24:45.1226624Z [36;1m[0m
2026-02-27T21:24:45.1227137Z [36;1m# Validate allure_report_generate_flag is a boolean[0m
2026-02-27T21:24:45.1227506Z [36;1mif [[ "false" != "true" && "false" != "false" ]]; then[0m
2026-02-27T21:24:45.1227937Z [36;1m  echo "::error::allure_report_generate_flag must be 'true' or 'false', got: false"[0m
2026-02-27T21:24:45.1228547Z [36;1m  exit 1[0m
2026-02-27T21:24:45.1228718Z [36;1mfi[0m
2026-02-27T21:24:45.1228873Z [36;1m[0m
2026-02-27T21:24:45.1229077Z [36;1m# Validate use_actions_summary is a boolean[0m
2026-02-27T21:24:45.1229404Z [36;1mif [[ "true" != "true" && "true" != "false" ]]; then[0m
2026-02-27T21:24:45.1229802Z [36;1m  echo "::error::use_actions_summary must be 'true' or 'false', got: true"[0m
2026-02-27T21:24:45.1230152Z [36;1m  exit 1[0m
2026-02-27T21:24:45.1230317Z [36;1mfi[0m
2026-02-27T21:24:45.1230472Z [36;1m[0m
2026-02-27T21:24:45.1230673Z [36;1m# Warn about external_repository usage[0m
2026-02-27T21:24:45.1230939Z [36;1mif [[ -n "" ]]; then[0m
2026-02-27T21:24:45.1231373Z [36;1m  echo "::warning::Using external_repository requires a Personal Access Token (PAT) with 'repo' scope."[0m
2026-02-27T21:24:45.1232028Z [36;1m  echo '::warning::Make sure you provide: token: secrets.YOUR_GITHUB_PAT in your workflow file'[0m
2026-02-27T21:24:45.1232619Z [36;1m  echo "::warning::The default GITHUB_TOKEN cannot push to external repositories."[0m
2026-02-27T21:24:45.1232991Z [36;1mfi[0m
2026-02-27T21:24:45.1233149Z [36;1m[0m
2026-02-27T21:24:45.1233486Z [36;1mecho "✅ All input validations passed"[0m
2026-02-27T21:24:45.1233760Z [36;1mecho "::endgroup::"[0m
2026-02-27T21:24:45.1297995Z shell: /usr/bin/bash --noprofile --norc -e -o pipefail {0}
2026-02-27T21:24:45.1298349Z env:
2026-02-27T21:24:45.1298592Z   pythonLocation: /opt/hostedtoolcache/Python/3.13.12/x64
2026-02-27T21:24:45.1299014Z   PKG_CONFIG_PATH: /opt/hostedtoolcache/Python/3.13.12/x64/lib/pkgconfig
2026-02-27T21:24:45.1299432Z   Python_ROOT_DIR: /opt/hostedtoolcache/Python/3.13.12/x64
2026-02-27T21:24:45.1299802Z   Python2_ROOT_DIR: /opt/hostedtoolcache/Python/3.13.12/x64
2026-02-27T21:24:45.1300168Z   Python3_ROOT_DIR: /opt/hostedtoolcache/Python/3.13.12/x64
2026-02-27T21:24:45.1300523Z   LD_LIBRARY_PATH: /opt/hostedtoolcache/Python/3.13.12/x64/lib
2026-02-27T21:24:45.1300858Z ##[endgroup]
2026-02-27T21:24:45.1409014Z ##[group]Validating action inputs
2026-02-27T21:24:45.1412133Z ✅ All input validations passed
2026-02-27T21:24:45.1412955Z ##[endgroup]
2026-02-27T21:24:45.1450177Z ##[group]Run sersoft-gmbh/setup-gh-cli-action@v2.0.1
2026-02-27T21:24:45.1450513Z with:
2026-02-27T21:24:45.1450691Z   version: stable
2026-02-27T21:24:45.1451048Z   github-token: ***
2026-02-27T21:24:45.1451234Z env:
2026-02-27T21:24:45.1451480Z   pythonLocation: /opt/hostedtoolcache/Python/3.13.12/x64
2026-02-27T21:24:45.1451898Z   PKG_CONFIG_PATH: /opt/hostedtoolcache/Python/3.13.12/x64/lib/pkgconfig
2026-02-27T21:24:45.1452302Z   Python_ROOT_DIR: /opt/hostedtoolcache/Python/3.13.12/x64
2026-02-27T21:24:45.1452656Z   Python2_ROOT_DIR: /opt/hostedtoolcache/Python/3.13.12/x64
2026-02-27T21:24:45.1453010Z   Python3_ROOT_DIR: /opt/hostedtoolcache/Python/3.13.12/x64
2026-02-27T21:24:45.1453373Z   LD_LIBRARY_PATH: /opt/hostedtoolcache/Python/3.13.12/x64/lib
2026-02-27T21:24:45.1453681Z ##[endgroup]
2026-02-27T21:24:45.2329637Z ##[group]Validate input
2026-02-27T21:24:45.2331667Z ##[endgroup]
2026-02-27T21:24:45.2332620Z ##[group]Checking cache
2026-02-27T21:24:45.2334367Z ##[endgroup]
2026-02-27T21:24:45.2334797Z ##[group]Fetching release
2026-02-27T21:24:45.4896002Z ##[endgroup]
2026-02-27T21:24:45.4896700Z ##[group]Installing release
2026-02-27T21:24:45.7384240Z [command]/usr/bin/tar xz --warning=no-unknown-keyword --overwrite -C /home/runner/work/_temp/43854824-ae4d-4e64-ad79-a4f926545fa1 -f /home/runner/work/_temp/294d6c18-4530-454b-a9b6-f0a5fedbe98f
2026-02-27T21:24:46.1110092Z ##[endgroup]
2026-02-27T21:24:46.1110741Z ##[group]Checking installation
2026-02-27T21:24:46.1133272Z [command]/opt/hostedtoolcache/gh/gh-cli/2.87.3/bin/gh version
2026-02-27T21:24:46.1433418Z gh version 2.87.3 (2026-02-23)
2026-02-27T21:24:46.1434089Z https://github.com/cli/cli/releases/tag/v2.87.3
2026-02-27T21:24:46.1454834Z ##[endgroup]
2026-02-27T21:24:46.1571517Z ##[group]Run set -e
2026-02-27T21:24:46.1572036Z [36;1mset -e[0m
2026-02-27T21:24:46.1572274Z [36;1mCURRENT_BRANCH=$(git branch --show-current)[0m
2026-02-27T21:24:46.1572671Z [36;1m# Fallback to SHA if in detached HEAD state (common in GitHub Actions)[0m
2026-02-27T21:24:46.1573053Z [36;1mif [[ -z "$CURRENT_BRANCH" ]]; then[0m
2026-02-27T21:24:46.1573329Z [36;1m  CURRENT_REF=$(git rev-parse HEAD)[0m
2026-02-27T21:24:46.1573677Z [36;1m  echo "In detached HEAD state, will restore to commit: $CURRENT_REF"[0m
2026-02-27T21:24:46.1574012Z [36;1melse[0m
2026-02-27T21:24:46.1574196Z [36;1m  CURRENT_REF="$CURRENT_BRANCH"[0m
2026-02-27T21:24:46.1574476Z [36;1m  echo "Current branch: $CURRENT_BRANCH"[0m
2026-02-27T21:24:46.1574731Z [36;1mfi[0m
2026-02-27T21:24:46.1574894Z [36;1mSTASHED=false[0m
2026-02-27T21:24:46.1575115Z [36;1mif [[ -n $(git status -s) ]]; then[0m
2026-02-27T21:24:46.1575439Z [36;1m  git stash push --keep-index --include-untracked || true[0m
2026-02-27T21:24:46.1575758Z [36;1m  STASHED=true[0m
2026-02-27T21:24:46.1575965Z [36;1mfi;[0m
2026-02-27T21:24:46.1576132Z [36;1m[0m
2026-02-27T21:24:46.1576411Z [36;1m# Check if the remote branch exists (use token for private repo support)[0m
2026-02-27T21:24:46.1577507Z [36;1mif git ls-remote --exit-code --heads "https://x-access-token:${GITHUB_TOKEN}@github.com/PavanMudigonda/html-reporter-github-pages.git" "gh_pages"; then[0m
2026-02-27T21:24:46.1578380Z [36;1m  echo "REMOTE BRANCH EXISTS"[0m
2026-02-27T21:24:46.1578610Z [36;1melse[0m
2026-02-27T21:24:46.1578843Z [36;1m  git config --local user.email "$GIT_USER_EMAIL"[0m
2026-02-27T21:24:46.1579171Z [36;1m  git config --local user.name "$GIT_USER_NAME"[0m
2026-02-27T21:24:46.1579472Z [36;1m  git switch --orphan "gh_pages"[0m
2026-02-27T21:24:46.1579712Z [36;1m  git add .[0m
2026-02-27T21:24:46.1579986Z [36;1m  git commit --allow-empty -m "Initial commit on orphan branch"[0m
2026-02-27T21:24:46.1580348Z [36;1m  git config --global pull.rebase true[0m
2026-02-27T21:24:46.1580657Z [36;1m  # Configure git to use token for authentication[0m
2026-02-27T21:24:46.1581258Z [36;1m  git remote set-url origin "https://x-access-token:${GITHUB_TOKEN}@github.com/PavanMudigonda/html-reporter-github-pages.git"[0m
2026-02-27T21:24:46.1581825Z [36;1m  git push -u origin "gh_pages"[0m
2026-02-27T21:24:46.1582060Z [36;1mfi;[0m
2026-02-27T21:24:46.1582218Z [36;1m[0m
2026-02-27T21:24:46.1582418Z [36;1m# Switch back to the original branch or commit[0m
2026-02-27T21:24:46.1582708Z [36;1mgit checkout "$CURRENT_REF"[0m
2026-02-27T21:24:46.1582921Z [36;1m[0m
2026-02-27T21:24:46.1583100Z [36;1m# Restore the stash if there was one[0m
2026-02-27T21:24:46.1583357Z [36;1mif [[ "$STASHED" == true ]]; then[0m
2026-02-27T21:24:46.1583625Z [36;1m  if git stash list | grep -q "WIP"; then[0m
2026-02-27T21:24:46.1583889Z [36;1m    git stash pop || true[0m
2026-02-27T21:24:46.1584106Z [36;1m  else[0m
2026-02-27T21:24:46.1584308Z [36;1m    echo "No stash entries found."[0m
2026-02-27T21:24:46.1584546Z [36;1m  fi[0m
2026-02-27T21:24:46.1584710Z [36;1mfi;[0m
2026-02-27T21:24:46.1635983Z shell: /usr/bin/bash --noprofile --norc -e -o pipefail {0}
2026-02-27T21:24:46.1636307Z env:
2026-02-27T21:24:46.1636554Z   pythonLocation: /opt/hostedtoolcache/Python/3.13.12/x64
2026-02-27T21:24:46.1637237Z   PKG_CONFIG_PATH: /opt/hostedtoolcache/Python/3.13.12/x64/lib/pkgconfig
2026-02-27T21:24:46.1637639Z   Python_ROOT_DIR: /opt/hostedtoolcache/Python/3.13.12/x64
2026-02-27T21:24:46.1637984Z   Python2_ROOT_DIR: /opt/hostedtoolcache/Python/3.13.12/x64
2026-02-27T21:24:46.1638343Z   Python3_ROOT_DIR: /opt/hostedtoolcache/Python/3.13.12/x64
2026-02-27T21:24:46.1638688Z   LD_LIBRARY_PATH: /opt/hostedtoolcache/Python/3.13.12/x64/lib
2026-02-27T21:24:46.1638998Z   GIT_USER_EMAIL: actions@github.com
2026-02-27T21:24:46.1639234Z   GIT_USER_NAME: GitHub Actions
2026-02-27T21:24:46.1639651Z   GITHUB_TOKEN: ***
2026-02-27T21:24:46.1639845Z ##[endgroup]
2026-02-27T21:24:46.1743387Z Current branch: main
2026-02-27T21:24:46.3645486Z c9f889ff6574afa2922fbacda5b37027eaf22b4b	refs/heads/gh_pages
2026-02-27T21:24:46.3648689Z REMOTE BRANCH EXISTS
2026-02-27T21:24:46.3679485Z Already on 'main'
2026-02-27T21:24:46.3683237Z Your branch is up to date with 'origin/main'.
2026-02-27T21:24:46.3710567Z ##[group]Run # Check if the folder exists
2026-02-27T21:24:46.3710887Z [36;1m# Check if the folder exists[0m
2026-02-27T21:24:46.3711133Z [36;1mif [ -d "gh_pages" ]; then[0m
2026-02-27T21:24:46.3711400Z [36;1m  echo "Folder exists. Deleting..."[0m
2026-02-27T21:24:46.3711664Z [36;1m  rm -rf "gh_pages"[0m
2026-02-27T21:24:46.3711884Z [36;1m  echo "Folder deleted."[0m
2026-02-27T21:24:46.3712100Z [36;1melse[0m
2026-02-27T21:24:46.3712282Z [36;1m  echo "Folder does not exist."[0m
2026-02-27T21:24:46.3712515Z [36;1mfi;[0m
2026-02-27T21:24:46.3762875Z shell: /usr/bin/bash --noprofile --norc -e -o pipefail {0}
2026-02-27T21:24:46.3763199Z env:
2026-02-27T21:24:46.3763448Z   pythonLocation: /opt/hostedtoolcache/Python/3.13.12/x64
2026-02-27T21:24:46.3763872Z   PKG_CONFIG_PATH: /opt/hostedtoolcache/Python/3.13.12/x64/lib/pkgconfig
2026-02-27T21:24:46.3764266Z   Python_ROOT_DIR: /opt/hostedtoolcache/Python/3.13.12/x64
2026-02-27T21:24:46.3764633Z   Python2_ROOT_DIR: /opt/hostedtoolcache/Python/3.13.12/x64
2026-02-27T21:24:46.3765196Z   Python3_ROOT_DIR: /opt/hostedtoolcache/Python/3.13.12/x64
2026-02-27T21:24:46.3765597Z   LD_LIBRARY_PATH: /opt/hostedtoolcache/Python/3.13.12/x64/lib
2026-02-27T21:24:46.3765889Z ##[endgroup]
2026-02-27T21:24:46.3839908Z Folder does not exist.
2026-02-27T21:24:46.3911761Z ##[group]Run actions/checkout@v5.0.0
2026-02-27T21:24:46.3912170Z with:
2026-02-27T21:24:46.3912436Z   ref: gh_pages
2026-02-27T21:24:46.3912730Z   path: gh_pages
2026-02-27T21:24:46.3913043Z   persist-credentials: false
2026-02-27T21:24:46.3913492Z   repository: PavanMudigonda/html-reporter-github-pages
2026-02-27T21:24:46.3913939Z   token: ***
2026-02-27T21:24:46.3914123Z   ssh-strict: true
2026-02-27T21:24:46.3914300Z   ssh-user: git
2026-02-27T21:24:46.3914481Z   clean: true
2026-02-27T21:24:46.3914666Z   sparse-checkout-cone-mode: true
2026-02-27T21:24:46.3914899Z   fetch-depth: 1
2026-02-27T21:24:46.3915079Z   fetch-tags: false
2026-02-27T21:24:46.3915261Z   show-progress: true
2026-02-27T21:24:46.3915460Z   lfs: false
2026-02-27T21:24:46.3915619Z   submodules: false
2026-02-27T21:24:46.3915806Z   set-safe-directory: true
2026-02-27T21:24:46.3915996Z env:
2026-02-27T21:24:46.3916224Z   pythonLocation: /opt/hostedtoolcache/Python/3.13.12/x64
2026-02-27T21:24:46.3916623Z   PKG_CONFIG_PATH: /opt/hostedtoolcache/Python/3.13.12/x64/lib/pkgconfig
2026-02-27T21:24:46.3917294Z   Python_ROOT_DIR: /opt/hostedtoolcache/Python/3.13.12/x64
2026-02-27T21:24:46.3917652Z   Python2_ROOT_DIR: /opt/hostedtoolcache/Python/3.13.12/x64
2026-02-27T21:24:46.3917999Z   Python3_ROOT_DIR: /opt/hostedtoolcache/Python/3.13.12/x64
2026-02-27T21:24:46.3918356Z   LD_LIBRARY_PATH: /opt/hostedtoolcache/Python/3.13.12/x64/lib
2026-02-27T21:24:46.3918646Z ##[endgroup]
2026-02-27T21:24:46.4804234Z Syncing repository: PavanMudigonda/html-reporter-github-pages
2026-02-27T21:24:46.4805209Z ##[group]Getting Git version info
2026-02-27T21:24:46.4810162Z Working directory is '/home/runner/work/html-reporter-github-pages/html-reporter-github-pages/gh_pages'
2026-02-27T21:24:46.4857458Z [command]/usr/bin/git version
2026-02-27T21:24:46.4910758Z git version 2.53.0
2026-02-27T21:24:46.4939660Z ##[endgroup]
2026-02-27T21:24:46.4957811Z Temporarily overriding HOME='/home/runner/work/_temp/b047b9e8-c365-4562-a313-66b30e50e37e' before making global git config changes
2026-02-27T21:24:46.4959105Z Adding repository directory to the temporary git global config as a safe directory
2026-02-27T21:24:46.4965588Z [command]/usr/bin/git config --global --add safe.directory /home/runner/work/html-reporter-github-pages/html-reporter-github-pages/gh_pages
2026-02-27T21:24:46.5005261Z ##[group]Initializing the repository
2026-02-27T21:24:46.5012839Z [command]/usr/bin/git init /home/runner/work/html-reporter-github-pages/html-reporter-github-pages/gh_pages
2026-02-27T21:24:46.5056374Z hint: Using 'master' as the name for the initial branch. This default branch name
2026-02-27T21:24:46.5059616Z hint: will change to "main" in Git 3.0. To configure the initial branch name
2026-02-27T21:24:46.5060651Z hint: to use in all of your new repositories, which will suppress this warning,
2026-02-27T21:24:46.5061378Z hint: call:
2026-02-27T21:24:46.5061695Z hint:
2026-02-27T21:24:46.5062228Z hint: 	git config --global init.defaultBranch <name>
2026-02-27T21:24:46.5062763Z hint:
2026-02-27T21:24:46.5063395Z hint: Names commonly chosen instead of 'master' are 'main', 'trunk' and
2026-02-27T21:24:46.5064196Z hint: 'development'. The just-created branch can be renamed via this command:
2026-02-27T21:24:46.5064583Z hint:
2026-02-27T21:24:46.5064933Z hint: 	git branch -m <name>
2026-02-27T21:24:46.5065394Z hint:
2026-02-27T21:24:46.5066302Z hint: Disable this message with "git config set advice.defaultBranchName false"
2026-02-27T21:24:46.5068044Z Initialized empty Git repository in /home/runner/work/html-reporter-github-pages/html-reporter-github-pages/gh_pages/.git/
2026-02-27T21:24:46.5072905Z [command]/usr/bin/git remote add origin https://github.com/PavanMudigonda/html-reporter-github-pages
2026-02-27T21:24:46.5105899Z ##[endgroup]
2026-02-27T21:24:46.5106288Z ##[group]Disabling automatic garbage collection
2026-02-27T21:24:46.5111928Z [command]/usr/bin/git config --local gc.auto 0
2026-02-27T21:24:46.5142393Z ##[endgroup]
2026-02-27T21:24:46.5142955Z ##[group]Setting up auth
2026-02-27T21:24:46.5150354Z [command]/usr/bin/git config --local --name-only --get-regexp core\.sshCommand
2026-02-27T21:24:46.5182930Z [command]/usr/bin/git submodule foreach --recursive sh -c "git config --local --name-only --get-regexp 'core\.sshCommand' && git config --local --unset-all 'core.sshCommand' || :"
2026-02-27T21:24:46.5424780Z [command]/usr/bin/git config --local --name-only --get-regexp http\.https\:\/\/github\.com\/\.extraheader
2026-02-27T21:24:46.5455941Z [command]/usr/bin/git submodule foreach --recursive sh -c "git config --local --name-only --get-regexp 'http\.https\:\/\/github\.com\/\.extraheader' && git config --local --unset-all 'http.https://github.com/.extraheader' || :"
2026-02-27T21:24:46.5694766Z [command]/usr/bin/git config --local http.https://github.com/.extraheader AUTHORIZATION: basic ***
2026-02-27T21:24:46.5732358Z ##[endgroup]
2026-02-27T21:24:46.5732994Z ##[group]Fetching the repository
2026-02-27T21:24:46.5742846Z [command]/usr/bin/git -c protocol.version=2 fetch --no-tags --prune --no-recurse-submodules --depth=1 origin +refs/heads/gh_pages*:refs/remotes/origin/gh_pages* +refs/tags/gh_pages*:refs/tags/gh_pages*
2026-02-27T21:24:46.9568170Z From https://github.com/PavanMudigonda/html-reporter-github-pages
2026-02-27T21:24:46.9568738Z  * [new branch]      gh_pages   -> origin/gh_pages
2026-02-27T21:24:46.9599494Z ##[endgroup]
2026-02-27T21:24:46.9599899Z ##[group]Determining the checkout info
2026-02-27T21:24:46.9607103Z [command]/usr/bin/git branch --list --remote origin/gh_pages
2026-02-27T21:24:46.9632573Z   origin/gh_pages
2026-02-27T21:24:46.9637658Z ##[endgroup]
2026-02-27T21:24:46.9642187Z [command]/usr/bin/git sparse-checkout disable
2026-02-27T21:24:46.9680818Z [command]/usr/bin/git config --local --unset-all extensions.worktreeConfig
2026-02-27T21:24:46.9709475Z ##[group]Checking out the ref
2026-02-27T21:24:46.9714261Z [command]/usr/bin/git checkout --progress --force -B gh_pages refs/remotes/origin/gh_pages
2026-02-27T21:24:47.1066329Z Switched to a new branch 'gh_pages'
2026-02-27T21:24:47.1068937Z branch 'gh_pages' set up to track 'origin/gh_pages'.
2026-02-27T21:24:47.1075187Z ##[endgroup]
2026-02-27T21:24:47.1119454Z [command]/usr/bin/git log -1 --format=%H
2026-02-27T21:24:47.1148679Z c9f889ff6574afa2922fbacda5b37027eaf22b4b
2026-02-27T21:24:47.1159361Z ##[group]Removing auth
2026-02-27T21:24:47.1164144Z [command]/usr/bin/git config --local --name-only --get-regexp core\.sshCommand
2026-02-27T21:24:47.1199041Z [command]/usr/bin/git submodule foreach --recursive sh -c "git config --local --name-only --get-regexp 'core\.sshCommand' && git config --local --unset-all 'core.sshCommand' || :"
2026-02-27T21:24:47.1443997Z [command]/usr/bin/git config --local --name-only --get-regexp http\.https\:\/\/github\.com\/\.extraheader
2026-02-27T21:24:47.1467096Z http.https://github.com/.extraheader
2026-02-27T21:24:47.1474811Z [command]/usr/bin/git config --local --unset-all http.https://github.com/.extraheader
2026-02-27T21:24:47.1504930Z [command]/usr/bin/git submodule foreach --recursive sh -c "git config --local --name-only --get-regexp 'http\.https\:\/\/github\.com\/\.extraheader' && git config --local --unset-all 'http.https://github.com/.extraheader' || :"
2026-02-27T21:24:47.1734399Z ##[endgroup]
2026-02-27T21:24:47.1872650Z ##[group]Run set -e
2026-02-27T21:24:47.1873165Z [36;1mset -e[0m
2026-02-27T21:24:47.1873362Z [36;1mGH_PAGES_ACTION_HOME="$PWD"[0m
2026-02-27T21:24:47.1873674Z [36;1m# Transform workflow name: replace spaces with hyphens[0m
2026-02-27T21:24:47.1874069Z [36;1mWORKFLOW_NAME=$(echo "${WORKFLOW_NAME}" | tr " " "-")[0m
2026-02-27T21:24:47.1874429Z [36;1m#--------------------------------------------------------[0m
2026-02-27T21:24:47.1874921Z [36;1mmkdir -p "${GH_PAGES}"[0m
2026-02-27T21:24:47.1875147Z [36;1mcd "${GH_PAGES}"[0m
2026-02-27T21:24:47.1875373Z [36;1mif [[ "${SUBFOLDER}" != "" ]]; then[0m
2026-02-27T21:24:47.1875641Z [36;1m  mkdir -p "${SUBFOLDER}"[0m
2026-02-27T21:24:47.1875867Z [36;1mfi;[0m
2026-02-27T21:24:47.1876044Z [36;1mcd "${GH_PAGES_ACTION_HOME}"[0m
2026-02-27T21:24:47.1876270Z [36;1m# Set variables[0m
2026-02-27T21:24:47.1876499Z [36;1mif [[ "${ALLURE_FLAG}" == 'true' ]]; then[0m
2026-02-27T21:24:47.1876963Z [36;1m  ALLURE_REPORT="allure-report"[0m
2026-02-27T21:24:47.1877263Z [36;1mfi;[0m
2026-02-27T21:24:47.1877511Z [36;1m#-------------------------------------------------------------------[0m
2026-02-27T21:24:47.1877896Z [36;1m# Use single index generator script with order parameter[0m
2026-02-27T21:24:47.1878580Z [36;1mINDEX_SCRIPT_PATH="/home/runner/work/_actions/PavanMudigonda/html-reporter-github-pages/v1.5.13/scripts/index-html-generator.py"[0m
2026-02-27T21:24:47.1879229Z [36;1m#-------------------------------------------------------------------[0m
2026-02-27T21:24:47.1879557Z [36;1mdelete_folders_func () {[0m
2026-02-27T21:24:47.1879913Z [36;1m  # Count only numeric run directories (not index.html, last-history, etc.)[0m
2026-02-27T21:24:47.1880389Z [36;1m  COUNT=$(find . -maxdepth 1 -type d -regex '.*/[0-9]+' 2>/dev/null | wc -l)[0m
2026-02-27T21:24:47.1880844Z [36;1m  echo "count numeric run folders in results-history: ${COUNT}"[0m
2026-02-27T21:24:47.1881214Z [36;1m  echo "keep reports count ${KEEP_REPORTS}"[0m
2026-02-27T21:24:47.1881514Z [36;1m  if (( COUNT >= $KEEP_REPORTS )); then[0m
2026-02-27T21:24:47.1881790Z [36;1m    echo "remove old reports"[0m
2026-02-27T21:24:47.1882092Z [36;1m    REMOVE_COUNT=$(( COUNT - $KEEP_REPORTS + 1 ))[0m
2026-02-27T21:24:47.1882600Z [36;1m    find . -maxdepth 1 -type d -regex '.*/[0-9]+' -print0 | sort -zn | head -zn "${REMOVE_COUNT}" | xargs -0 rm -rv[0m
2026-02-27T21:24:47.1883064Z [36;1m    if [ -f index.html ]; then[0m
2026-02-27T21:24:47.1883312Z [36;1m      echo "remove index.html"[0m
2026-02-27T21:24:47.1883542Z [36;1m      rm -rv index.html[0m
2026-02-27T21:24:47.1883758Z [36;1m    fi;[0m
2026-02-27T21:24:47.1883950Z [36;1m    if [ -d last-history ]; then[0m
2026-02-27T21:24:47.1884213Z [36;1m      echo "remove last-history folder"[0m
2026-02-27T21:24:47.1884483Z [36;1m      rm -rv last-history[0m
2026-02-27T21:24:47.1884706Z [36;1m    fi;            [0m
2026-02-27T21:24:47.1884902Z [36;1m  fi;[0m
2026-02-27T21:24:47.1885057Z [36;1m}[0m
2026-02-27T21:24:47.1885288Z [36;1m#-------------------------------------------------------------------[0m
2026-02-27T21:24:47.1885647Z [36;1mEXTERNAL_REPO_OWNER_SLASH_NAME=${EXTERNAL_REPO}[0m
2026-02-27T21:24:47.1886013Z [36;1mEXTERNAL_REPO_NAME=${EXTERNAL_REPO_OWNER_SLASH_NAME##*/}[0m
2026-02-27T21:24:47.1886524Z [36;1mif [[ "${EXTERNAL_REPO_NAME}" == '' ]]; [0m
2026-02-27T21:24:47.1886952Z [36;1mthen[0m
2026-02-27T21:24:47.1887242Z [36;1m  GH_PAGES_API="/repos/${GITHUB_REPOSITORY}/pages"[0m
2026-02-27T21:24:47.1887552Z [36;1melif [[ "${EXTERNAL_REPO}" != '' ]][0m
2026-02-27T21:24:47.1887793Z [36;1mthen[0m
2026-02-27T21:24:47.1887998Z [36;1m  GH_PAGES_API="/repos/${EXTERNAL_REPO}/pages"[0m
2026-02-27T21:24:47.1888264Z [36;1mfi[0m
2026-02-27T21:24:47.1888748Z [36;1mgh api -H "Accept: application/vnd.github+json" -H "X-GitHub-Api-Version: 2022-11-28" ${GH_PAGES_API} > gh-pages.json || true[0m
2026-02-27T21:24:47.1889345Z [36;1m#-------------------------------------------------------------------[0m
2026-02-27T21:24:47.1889667Z [36;1mif [[ ${REPORT_URL} != '' ]]; then[0m
2026-02-27T21:24:47.1889984Z [36;1m    echo "Replacing github pages url. NEW url ${REPORT_URL}"[0m
2026-02-27T21:24:47.1890288Z [36;1melse[0m
2026-02-27T21:24:47.1890896Z [36;1m    REPORT_URL=$(gh api -H "Accept: application/vnd.github+json" -H "X-GitHub-Api-Version: 2022-11-28" ${GH_PAGES_API} --jq '.html_url' 2>/dev/null | tr -d '"' | xargs || echo "")[0m
2026-02-27T21:24:47.1891874Z [36;1m    # Handle null, empty, or error responses (e.g. 403 when token lacks pages:read permission)[0m
2026-02-27T21:24:47.1892550Z [36;1m    if [[ "$REPORT_URL" == "null" || -z "$REPORT_URL" || "$REPORT_URL" == *"Resource not accessible"* || "$REPORT_URL" != http* ]]; then[0m
2026-02-27T21:24:47.1893080Z [36;1m      # Construct URL from repository name[0m
2026-02-27T21:24:47.1893379Z [36;1m      if [[ -n "${EXTERNAL_REPO}" ]]; then[0m
2026-02-27T21:24:47.1893648Z [36;1m        EXT_OWNER="${EXTERNAL_REPO%%/*}"[0m
2026-02-27T21:24:47.1893922Z [36;1m        EXT_NAME="${EXTERNAL_REPO##*/}"[0m
2026-02-27T21:24:47.1894266Z [36;1m        REPORT_URL="https://${EXT_OWNER}.github.io/${EXT_NAME}"[0m
2026-02-27T21:24:47.1894590Z [36;1m      else[0m
2026-02-27T21:24:47.1894822Z [36;1m        REPO_OWNER_NAME="${GITHUB_REPOSITORY%%/*}"[0m
2026-02-27T21:24:47.1895144Z [36;1m        REPO_BASE_NAME="${GITHUB_REPOSITORY##*/}"[0m
2026-02-27T21:24:47.1895519Z [36;1m        REPORT_URL="https://${REPO_OWNER_NAME}.github.io/${REPO_BASE_NAME}"[0m
2026-02-27T21:24:47.1895868Z [36;1m      fi[0m
2026-02-27T21:24:47.1896374Z [36;1m      echo "::notice::Could not fetch GitHub Pages URL via API (likely missing pages:read permission). Using constructed URL: ${REPORT_URL}"[0m
2026-02-27T21:24:47.1897353Z [36;1m      echo "::notice::To get the exact URL, add 'pages: write' to your workflow permissions block."[0m
2026-02-27T21:24:47.1897775Z [36;1m    fi[0m
2026-02-27T21:24:47.1897968Z [36;1m    REPORT_URL="${REPORT_URL%/}"[0m
2026-02-27T21:24:47.1898227Z [36;1m    echo "${REPORT_URL}"[0m
2026-02-27T21:24:47.1898496Z [36;1m    echo "REPORT_URL=${REPORT_URL}" >> $GITHUB_ENV[0m
2026-02-27T21:24:47.1898815Z [36;1m    if [[ "${USE_ACTIONS_SUMMARY}" != 'false' ]]; then[0m
2026-02-27T21:24:47.1899182Z [36;1m      echo "#### GitHub Pages HTML Reports" >> $GITHUB_STEP_SUMMARY[0m
2026-02-27T21:24:47.1899488Z [36;1m    fi;[0m
2026-02-27T21:24:47.1899737Z [36;1m    echo "REPORT_URL=${REPORT_URL}" >> $GITHUB_OUTPUT        [0m
2026-02-27T21:24:47.1900045Z [36;1mfi;[0m
2026-02-27T21:24:47.1900282Z [36;1m#-------------------------------------------------------------------[0m
2026-02-27T21:24:47.1900668Z [36;1m# Save original GH_PAGES value before it gets modified[0m
2026-02-27T21:24:47.1900969Z [36;1mGH_PAGES_BASE="${GH_PAGES}"[0m
2026-02-27T21:24:47.1901272Z [36;1m# Identify where the current report should be copied to[0m
2026-02-27T21:24:47.1901586Z [36;1mif [[ "${SUBFOLDER}" != "" ]]; then[0m
2026-02-27T21:24:47.1901851Z [36;1m  GH_PAGES="${GH_PAGES}/${SUBFOLDER}"[0m
2026-02-27T21:24:47.1902113Z [36;1m  mkdir -p "${GH_PAGES}"[0m
2026-02-27T21:24:47.1902324Z [36;1mfi;[0m
2026-02-27T21:24:47.1902505Z [36;1mif [[ "${TOOL_NAME}" != "" ]]; then[0m
2026-02-27T21:24:47.1902891Z [36;1m    GH_PAGES="${GH_PAGES}/${TOOL_NAME}"[0m
2026-02-27T21:24:47.1903213Z [36;1m    GITHUB_PAGES_WEBSITE_URL="${REPORT_URL}/${TOOL_NAME}"[0m
2026-02-27T21:24:47.1903518Z [36;1m    mkdir -p "${GH_PAGES}"[0m
2026-02-27T21:24:47.1903737Z [36;1melse[0m
2026-02-27T21:24:47.1903947Z [36;1m    GITHUB_PAGES_WEBSITE_URL="${REPORT_URL}"[0m
2026-02-27T21:24:47.1904200Z [36;1mfi;[0m
2026-02-27T21:24:47.1904387Z [36;1mif [[ "${WORKFLOW_NAME}" != "" ]]; then[0m
2026-02-27T21:24:47.1904663Z [36;1m    GH_PAGES="${GH_PAGES}/${WORKFLOW_NAME}"[0m
2026-02-27T21:24:47.1905041Z [36;1m    GITHUB_PAGES_WEBSITE_URL="${GITHUB_PAGES_WEBSITE_URL}/${WORKFLOW_NAME}"[0m
2026-02-27T21:24:47.1905405Z [36;1m    mkdir -p "${GH_PAGES}"[0m
2026-02-27T21:24:47.1905625Z [36;1mfi;[0m
2026-02-27T21:24:47.1905789Z [36;1mif [[ "${ENV}" != "" ]]; then[0m
2026-02-27T21:24:47.1906030Z [36;1m    GH_PAGES="${GH_PAGES}/${ENV}"[0m
2026-02-27T21:24:47.1906353Z [36;1m    GITHUB_PAGES_WEBSITE_URL="${GITHUB_PAGES_WEBSITE_URL}/${ENV}"[0m
2026-02-27T21:24:47.1906684Z [36;1m    mkdir -p "${GH_PAGES}"[0m
2026-02-27T21:24:47.1907099Z [36;1mfi;[0m
2026-02-27T21:24:47.1907341Z [36;1m#-------------------------------------------------------------------        [0m
2026-02-27T21:24:47.1907806Z [36;1mcreate_executor_json_func () {[0m
2026-02-27T21:24:47.1908096Z [36;1m  if [ ! -f "${TEST_RESULTS}/executor.json" ]; then[0m
2026-02-27T21:24:47.1908386Z [36;1m    #echo "executor.json"[0m
2026-02-27T21:24:47.1908785Z [36;1m    echo '{"name":"GitHub Actions","type":"github","reportName":"Test Reporting",' > executor.json[0m
2026-02-27T21:24:47.1909295Z [36;1m    echo "\"url\":\"${GITHUB_PAGES_WEBSITE_URL}\"," >> executor.json # ???[0m
2026-02-27T21:24:47.1909794Z [36;1m    echo "\"reportUrl\":\"${GITHUB_PAGES_WEBSITE_URL}/${GITHUB_RUN_NUM}/\"," >> executor.json[0m
2026-02-27T21:24:47.1910426Z [36;1m    echo "\"buildUrl\":\"${GITHUB_SERVER_URL}/${GITHUB_REPOSITORY}/actions/runs/${GITHUB_RUN_ID}\"," >> executor.json[0m
2026-02-27T21:24:47.1911152Z [36;1m    echo "\"buildName\":\"GitHub Actions Run #${GITHUB_RUN_NUM}\",\"buildOrder\":\"${GITHUB_RUN_NUM}\"}" >> executor.json[0m
2026-02-27T21:24:47.1911621Z [36;1m[0m
2026-02-27T21:24:47.1911807Z [36;1m    mv ./executor.json ${TEST_RESULTS}  [0m
2026-02-27T21:24:47.1912065Z [36;1m  fi[0m
2026-02-27T21:24:47.1912301Z [36;1m  if [ ! -f "${TEST_RESULTS}/environment.properties" ]; then[0m
2026-02-27T21:24:47.1912602Z [36;1m    {[0m
2026-02-27T21:24:47.1912804Z [36;1m     echo "URL=${GITHUB_PAGES_WEBSITE_URL}"[0m
2026-02-27T21:24:47.1913236Z [36;1m     echo "BUILD_URL=${GITHUB_SERVER_URL}/${GITHUB_REPOSITORY}/actions/runs/${GITHUB_RUN_ID}"[0m
2026-02-27T21:24:47.1913681Z [36;1m     echo "GIT_BRANCH=${GITHUB_REF_NAME}"[0m
2026-02-27T21:24:47.1913958Z [36;1m     echo "GIT_COMMIT_ID=${GITHUB_SHA}"[0m
2026-02-27T21:24:47.1914288Z [36;1m     echo "GIT_COMMIT_MESSAGE=$(git show -s --format=%s HEAD)"[0m
2026-02-27T21:24:47.1914690Z [36;1m     echo "GIT_COMMIT_AUTHOR_NAME=$(git show -s --format='%ae' HEAD)"[0m
2026-02-27T21:24:47.1915097Z [36;1m     echo "GIT_COMMIT_TIME=$(git show -s --format=%ci HEAD)"[0m
2026-02-27T21:24:47.1915454Z [36;1m    } >> environment.properties[0m
2026-02-27T21:24:47.1915692Z [36;1m[0m
2026-02-27T21:24:47.1915902Z [36;1m    mv ./environment.properties ${TEST_RESULTS}[0m
2026-02-27T21:24:47.1916171Z [36;1m  fi [0m
2026-02-27T21:24:47.1916338Z [36;1m}[0m
2026-02-27T21:24:47.1916562Z [36;1m#-------------------------------------------------------------------[0m
2026-02-27T21:24:47.1917065Z [36;1mcopy_current_results_func () {[0m
2026-02-27T21:24:47.1917345Z [36;1m  mkdir -p "./${GH_PAGES}/${GITHUB_RUN_NUM}"[0m
2026-02-27T21:24:47.1917721Z [36;1m  # Preserve the original creation time for this run directory so the[0m
2026-02-27T21:24:47.1918161Z [36;1m  # index listing always shows when a run first happened, even after[0m
2026-02-27T21:24:47.1918573Z [36;1m  # force-orphan re-deployments reset filesystem mtimes.[0m
2026-02-27T21:24:47.1919092Z [36;1m  CREATED_AT_FILE="./${GH_PAGES}/${GITHUB_RUN_NUM}/.created_at"[0m
2026-02-27T21:24:47.1919439Z [36;1m  if [ ! -f "${CREATED_AT_FILE}" ]; then[0m
2026-02-27T21:24:47.1919754Z [36;1m    date -u +"%Y-%m-%dT%H:%M:%SZ" > "${CREATED_AT_FILE}"[0m
2026-02-27T21:24:47.1920035Z [36;1m  fi[0m
2026-02-27T21:24:47.1920307Z [36;1m  # If we are not dealing with Allure Reports then copy the test results[0m
2026-02-27T21:24:47.1920673Z [36;1m  if [[ "${ALLURE_FLAG}" != 'true' ]]; then[0m
2026-02-27T21:24:47.1921031Z [36;1m    # Check if source directory exists and has content before copying[0m
2026-02-27T21:24:47.1921616Z [36;1m    if [ -d "${GH_PAGES_ACTION_HOME}/${TEST_RESULTS}" ] && [ "$(ls -A "${GH_PAGES_ACTION_HOME}/${TEST_RESULTS}" 2>/dev/null)" ]; then[0m
2026-02-27T21:24:47.1922236Z [36;1m      cp -r "${GH_PAGES_ACTION_HOME}/${TEST_RESULTS}"/. "./${GH_PAGES}/${GITHUB_RUN_NUM}"[0m
2026-02-27T21:24:47.1922810Z [36;1m      # If no index.html exists in run folder but HTML files are present, create a redirect index.html[0m
2026-02-27T21:24:47.1923283Z [36;1m      RUN_DEST="./${GH_PAGES}/${GITHUB_RUN_NUM}"[0m
2026-02-27T21:24:47.1923590Z [36;1m      if [ ! -f "${RUN_DEST}/index.html" ]; then[0m
2026-02-27T21:24:47.1924201Z [36;1m        HTML_FILE=$(find "${RUN_DEST}" -maxdepth 1 \( -name "*.html" -o -name "*.htm" \) 2>/dev/null | sort -f | head -n 1)[0m
2026-02-27T21:24:47.1924690Z [36;1m        if [ -n "${HTML_FILE}" ]; then[0m
2026-02-27T21:24:47.1924985Z [36;1m          HTML_BASENAME=$(basename "${HTML_FILE}")[0m
2026-02-27T21:24:47.1925362Z [36;1m          # Validate filename contains only safe characters to prevent XSS[0m
2026-02-27T21:24:47.1925774Z [36;1m          if [[ "${HTML_BASENAME}" =~ ^[a-zA-Z0-9._\ -]+$ ]]; then[0m
2026-02-27T21:24:47.1926311Z [36;1m            echo "::notice::No index.html found in test results. Creating redirect from index.html to ${HTML_BASENAME}"[0m
2026-02-27T21:24:47.1926951Z [36;1m            printf '%s\n' \[0m
2026-02-27T21:24:47.1927241Z [36;1m              '<!DOCTYPE html>' \[0m
2026-02-27T21:24:47.1927478Z [36;1m              '<html>' \[0m
2026-02-27T21:24:47.1927693Z [36;1m              '<head>' \[0m
2026-02-27T21:24:47.1927934Z [36;1m              '  <meta charset="utf-8">' \[0m
2026-02-27T21:24:47.1928312Z [36;1m              "  <meta http-equiv=\"refresh\" content=\"0; url=${HTML_BASENAME}\">" \[0m
2026-02-27T21:24:47.1928742Z [36;1m              "  <title>Redirecting to ${HTML_BASENAME}</title>" \[0m
2026-02-27T21:24:47.1929043Z [36;1m              '</head>' \[0m
2026-02-27T21:24:47.1929263Z [36;1m              '<body>' \[0m
2026-02-27T21:24:47.1929608Z [36;1m              "  <p>Redirecting to <a href=\"${HTML_BASENAME}\">${HTML_BASENAME}</a>...</p>" \[0m
2026-02-27T21:24:47.1929991Z [36;1m              '</body>' \[0m
2026-02-27T21:24:47.1930206Z [36;1m              '</html>' \[0m
2026-02-27T21:24:47.1930437Z [36;1m              > "${RUN_DEST}/index.html"[0m
2026-02-27T21:24:47.1930685Z [36;1m          else[0m
2026-02-27T21:24:47.1931137Z [36;1m            echo "::warning::HTML file '${HTML_BASENAME}' contains unsafe characters; skipping redirect index.html creation"[0m
2026-02-27T21:24:47.1931627Z [36;1m          fi[0m
2026-02-27T21:24:47.1931805Z [36;1m        fi[0m
2026-02-27T21:24:47.1931979Z [36;1m      fi[0m
2026-02-27T21:24:47.1932140Z [36;1m    else[0m
2026-02-27T21:24:47.1932536Z [36;1m      echo "::warning::Test results directory is empty or does not exist: ${GH_PAGES_ACTION_HOME}/${TEST_RESULTS}"[0m
2026-02-27T21:24:47.1932995Z [36;1m    fi[0m
2026-02-27T21:24:47.1933149Z [36;1m  fi;[0m
2026-02-27T21:24:47.1933311Z [36;1m}[0m
2026-02-27T21:24:47.1933532Z [36;1m#-------------------------------------------------------------------[0m
2026-02-27T21:24:47.1933850Z [36;1mgenerate_index_html_func () {[0m
2026-02-27T21:24:47.1934214Z [36;1m  # Strategy: always use a throwaway venv so we never touch the system Python[0m
2026-02-27T21:24:47.1934675Z [36;1m  # and avoid all PEP-668 / externally-managed-environment issues.[0m
2026-02-27T21:24:47.1935272Z [36;1m  # If jinja2 is already importable (e.g. user pre-installed it) skip the venv.[0m
2026-02-27T21:24:47.1935759Z [36;1m  # uv is used to speed up the pip install when available, but is NOT required.[0m
2026-02-27T21:24:47.1936175Z [36;1m  if python3 -c "import jinja2" 2>/dev/null; then[0m
2026-02-27T21:24:47.1936515Z [36;1m    echo "jinja2 already available, skipping install"[0m
2026-02-27T21:24:47.1937068Z [36;1m    python3 "${INDEX_SCRIPT_PATH}" --order "${ORDER}"[0m
2026-02-27T21:24:47.1937356Z [36;1m  else[0m
2026-02-27T21:24:47.1937541Z [36;1m    _J2_VENV="$(mktemp -d)/j2venv"[0m
2026-02-27T21:24:47.1937839Z [36;1m    echo "Creating venv at ${_J2_VENV} for jinja2..."[0m
2026-02-27T21:24:47.1938471Z [36;1m    python3 -m venv "${_J2_VENV}" || { echo "::error::python3 -m venv failed — ensure python3-venv is installed on self-hosted runners"; return 1; }[0m
2026-02-27T21:24:47.1939085Z [36;1m    if command -v uv &>/dev/null; then[0m
2026-02-27T21:24:47.1939450Z [36;1m      uv pip install --python "${_J2_VENV}/bin/python3" --quiet jinja2[0m
2026-02-27T21:24:47.1939775Z [36;1m    else[0m
2026-02-27T21:24:47.1939997Z [36;1m      "${_J2_VENV}/bin/pip" install --quiet jinja2[0m
2026-02-27T21:24:47.1940385Z [36;1m    fi[0m
2026-02-27T21:24:47.1940653Z [36;1m    "${_J2_VENV}/bin/python3" "${INDEX_SCRIPT_PATH}" --order "${ORDER}"[0m
2026-02-27T21:24:47.1940978Z [36;1m  fi[0m
2026-02-27T21:24:47.1941175Z [36;1m  echo "Completed index html generation"[0m
2026-02-27T21:24:47.1941430Z [36;1m}[0m
2026-02-27T21:24:47.1941651Z [36;1m#-------------------------------------------------------------------[0m
2026-02-27T21:24:47.1941967Z [36;1mecho "current path: $PWD"[0m
2026-02-27T21:24:47.1942200Z [36;1mmkdir -p "./${GH_PAGES}"[0m
2026-02-27T21:24:47.1942481Z [36;1mmkdir -p "${GH_PAGES_ACTION_HOME}/${TEST_RESULTS}"[0m
2026-02-27T21:24:47.1942807Z [36;1mecho "NEW results history folder ${GH_PAGES}"[0m
2026-02-27T21:24:47.1943113Z [36;1mecho "New GH_PAGES folder: ${GH_PAGES}"[0m
2026-02-27T21:24:47.1943462Z [36;1mecho "NEW github pages url ${GITHUB_PAGES_WEBSITE_URL}"       [0m
2026-02-27T21:24:47.1943820Z [36;1mecho "GH_PAGES=${GH_PAGES}" >> $GITHUB_ENV[0m
2026-02-27T21:24:47.1944207Z [36;1mecho "GITHUB_PAGES_WEBSITE_URL=${GITHUB_PAGES_WEBSITE_URL}" >> $GITHUB_ENV[0m
2026-02-27T21:24:47.1944702Z [36;1mecho "GITHUB_PAGES_WEBSITE_URL=${GITHUB_PAGES_WEBSITE_URL}" >> $GITHUB_OUTPUT[0m
2026-02-27T21:24:47.1945143Z [36;1m#-------------------------------------------------------------------[0m
2026-02-27T21:24:47.1945631Z [36;1mecho "LATEST_RUN_GH_PAGES_URL=${GITHUB_PAGES_WEBSITE_URL}/${GITHUB_RUN_NUM}/" >> $GITHUB_OUTPUT[0m
2026-02-27T21:24:47.1946061Z [36;1m# Publish Job Summary[0m
2026-02-27T21:24:47.1946329Z [36;1mif [[ "${USE_ACTIONS_SUMMARY}" != 'false' ]]; then[0m
2026-02-27T21:24:47.1946698Z [36;1m  echo "GH Pages History URL: ${REPORT_URL}" >> $GITHUB_STEP_SUMMARY[0m
2026-02-27T21:24:47.1947552Z [36;1m  echo "GH Pages Latest Result URL: ${GITHUB_PAGES_WEBSITE_URL}/${GITHUB_RUN_NUM}/" >> $GITHUB_STEP_SUMMARY[0m
2026-02-27T21:24:47.1948012Z [36;1mfi;[0m
2026-02-27T21:24:47.1948243Z [36;1m#-------------------------------------------------------------------[0m
2026-02-27T21:24:47.1948567Z [36;1m# First Run Delete Function[0m
2026-02-27T21:24:47.1948797Z [36;1mcd "./${GH_PAGES}"[0m
2026-02-27T21:24:47.1949009Z [36;1mdelete_folders_func[0m
2026-02-27T21:24:47.1949224Z [36;1mcd "$GH_PAGES_ACTION_HOME"[0m
2026-02-27T21:24:47.1949510Z [36;1m#-------------------------------------------------------------------[0m
2026-02-27T21:24:47.1949844Z [36;1m# Copy current test-results for staging[0m
2026-02-27T21:24:47.1950109Z [36;1mcopy_current_results_func[0m
2026-02-27T21:24:47.1950403Z [36;1m#-------------------------------------------------------------------   [0m
2026-02-27T21:24:47.1950760Z [36;1m# Generate Final FOLDER STRUCTURE at lowest level[0m
2026-02-27T21:24:47.1951044Z [36;1mcd "./${GH_PAGES}"[0m
2026-02-27T21:24:47.1951392Z [36;1mgenerate_index_html_func[0m
2026-02-27T21:24:47.1951619Z [36;1mcd "$GH_PAGES_ACTION_HOME"[0m
2026-02-27T21:24:47.1951915Z [36;1m#-------------------------------------------------------------------   [0m
2026-02-27T21:24:47.1952319Z [36;1m# Generate index.html at each level of the directory hierarchy[0m
2026-02-27T21:24:47.1952731Z [36;1m# Build path segments: base / subfolder / tool / workflow / env[0m
2026-02-27T21:24:47.1953114Z [36;1mINDEX_DIR="${GH_PAGES_ACTION_HOME}/${GH_PAGES_BASE}"[0m
2026-02-27T21:24:47.1953433Z [36;1m# Always generate at the base level[0m
2026-02-27T21:24:47.1953682Z [36;1mcd "${INDEX_DIR}"[0m
2026-02-27T21:24:47.1953898Z [36;1mgenerate_index_html_func[0m
2026-02-27T21:24:47.1954128Z [36;1mcd "$GH_PAGES_ACTION_HOME"[0m
2026-02-27T21:24:47.1954448Z [36;1m# Walk through each optional path segment and generate index.html[0m
2026-02-27T21:24:47.1954905Z [36;1mfor SEGMENT in "${SUBFOLDER}" "${TOOL_NAME}" "${WORKFLOW_NAME}" "${ENV}"; do[0m
2026-02-27T21:24:47.1955275Z [36;1m  if [[ -n "${SEGMENT}" ]]; then[0m
2026-02-27T21:24:47.1955538Z [36;1m    INDEX_DIR="${INDEX_DIR}/${SEGMENT}"[0m
2026-02-27T21:24:47.1955802Z [36;1m    if [[ -d "${INDEX_DIR}" ]]; then[0m
2026-02-27T21:24:47.1956161Z [36;1m      cd "${INDEX_DIR}"[0m
2026-02-27T21:24:47.1956389Z [36;1m      generate_index_html_func[0m
2026-02-27T21:24:47.1956630Z [36;1m      cd "$GH_PAGES_ACTION_HOME"[0m
2026-02-27T21:24:47.1957058Z [36;1m    fi[0m
2026-02-27T21:24:47.1957223Z [36;1m  fi[0m
2026-02-27T21:24:47.1957386Z [36;1mdone[0m
2026-02-27T21:24:47.1957612Z [36;1m#-------------------------------------------------------------------[0m
2026-02-27T21:24:47.1957926Z [36;1mcd "$GH_PAGES_ACTION_HOME"[0m
2026-02-27T21:24:47.1958189Z [36;1m# Manage History and Last History Folders[0m
2026-02-27T21:24:47.1958517Z [36;1m# Create History folder just in case if its not present.[0m
2026-02-27T21:24:47.1958880Z [36;1m# For Allure Reports it would be present by default[0m
2026-02-27T21:24:47.1959207Z [36;1m# For other reports it will not be present[0m
2026-02-27T21:24:47.1959529Z [36;1mmkdir -p "./${GH_PAGES}/${GITHUB_RUN_NUM}/history"[0m
2026-02-27T21:24:47.1959872Z [36;1m#-------------------------------------------------------------------[0m
2026-02-27T21:24:47.1960186Z [36;1mcd "$GH_PAGES_ACTION_HOME"[0m
2026-02-27T21:24:47.1960427Z [36;1mcd "./${GH_PAGES}"[0m
2026-02-27T21:24:47.1960733Z [36;1mif [ -d last-history ] && [ "$(ls -A ./last-history 2>/dev/null)" ]; then[0m
2026-02-27T21:24:47.1961268Z [36;1m   #Copy Last History from previous run in to Allure Results Folder for Allure Report Generation[0m
2026-02-27T21:24:47.1961805Z [36;1m   cp -r ./last-history/. "${GH_PAGES_ACTION_HOME}/${TEST_RESULTS}/history"[0m
2026-02-27T21:24:47.1962155Z [36;1mfi;[0m
2026-02-27T21:24:47.1962396Z [36;1m#--------------------------------------------------------------------[0m
2026-02-27T21:24:47.1962709Z [36;1m# Allure Report Generation[0m
2026-02-27T21:24:47.1962969Z [36;1mif [[ "${ALLURE_FLAG}" == 'true' ]]; then[0m
2026-02-27T21:24:47.1963229Z [36;1m  cd "$GH_PAGES_ACTION_HOME"[0m
2026-02-27T21:24:47.1963496Z [36;1m  if ! command -v allure &> /dev/null; then[0m
2026-02-27T21:24:47.1963786Z [36;1m    npm -g install allure-commandline[0m
2026-02-27T21:24:47.1964032Z [36;1m  fi[0m
2026-02-27T21:24:47.1964201Z [36;1m  npx allure --version[0m
2026-02-27T21:24:47.1964461Z [36;1m  # cd "${GH_PAGES_ACTION_HOME}/${TEST_RESULTS}"[0m
2026-02-27T21:24:47.1964739Z [36;1m  create_executor_json_func [0m
2026-02-27T21:24:47.1965055Z [36;1m  npx allure generate "${TEST_RESULTS}" -o allure-report --clean[0m
2026-02-27T21:24:47.1965396Z [36;1m  # finally copy allure report[0m
2026-02-27T21:24:47.1965733Z [36;1m  if [ -d allure-report ] && [ "$(ls -A allure-report 2>/dev/null)" ]; then[0m
2026-02-27T21:24:47.1966140Z [36;1m    cp -r allure-report/. "${GH_PAGES}/${GITHUB_RUN_NUM}"[0m
2026-02-27T21:24:47.1966428Z [36;1m  else[0m
2026-02-27T21:24:47.1967237Z [36;1m    echo "::error::Allure report generation failed - allure-report directory is empty or does not exist"[0m
2026-02-27T21:24:47.1967702Z [36;1m    exit 1[0m
2026-02-27T21:24:47.1967871Z [36;1m  fi[0m
2026-02-27T21:24:47.1968093Z [36;1m  # Create Last History Folder if its not present[0m
2026-02-27T21:24:47.1968395Z [36;1m  mkdir -p "./${GH_PAGES}/last-history"[0m
2026-02-27T21:24:47.1968808Z [36;1m  # Create History folder in Test Results just in case so next command copy won't fail[0m
2026-02-27T21:24:47.1969261Z [36;1m  mkdir -p "${GH_PAGES}/${GITHUB_RUN_NUM}/history"[0m
2026-02-27T21:24:47.1969812Z [36;1m  # Move files from Last History folder to History folder inside the most latest run that is currently being run right now[0m
2026-02-27T21:24:47.1970435Z [36;1m  # This is to show up history and retires information under Allure Reports[0m
2026-02-27T21:24:47.1970824Z [36;1m  if [ -d "./${GH_PAGES}/last-history" ]; then[0m
2026-02-27T21:24:47.1971260Z [36;1m    if [ -d ./allure-report/history ] && [ "$(ls -A ./allure-report/history 2>/dev/null)" ]; then[0m
2026-02-27T21:24:47.1971758Z [36;1m      cp -r ./allure-report/history/. "./${GH_PAGES}/last-history"[0m
2026-02-27T21:24:47.1972195Z [36;1m    fi[0m
2026-02-27T21:24:47.1972358Z [36;1m  else[0m
2026-02-27T21:24:47.1972542Z [36;1m    mkdir "./${GH_PAGES}/last-history"[0m
2026-02-27T21:24:47.1972954Z [36;1m    if [ -d ./allure-report/history ] && [ "$(ls -A ./allure-report/history 2>/dev/null)" ]; then[0m
2026-02-27T21:24:47.1973429Z [36;1m      cp -r ./allure-report/history/. "./${GH_PAGES}/last-history"[0m
2026-02-27T21:24:47.1973738Z [36;1m    fi[0m
2026-02-27T21:24:47.1973896Z [36;1m  fi;[0m
2026-02-27T21:24:47.1974052Z [36;1mfi;[0m
2026-02-27T21:24:47.1974284Z [36;1m#--------------------------------------------------------------------[0m
2026-02-27T21:24:47.2023617Z shell: /usr/bin/bash --noprofile --norc -e -o pipefail {0}
2026-02-27T21:24:47.2023931Z env:
2026-02-27T21:24:47.2024168Z   pythonLocation: /opt/hostedtoolcache/Python/3.13.12/x64
2026-02-27T21:24:47.2024569Z   PKG_CONFIG_PATH: /opt/hostedtoolcache/Python/3.13.12/x64/lib/pkgconfig
2026-02-27T21:24:47.2024972Z   Python_ROOT_DIR: /opt/hostedtoolcache/Python/3.13.12/x64
2026-02-27T21:24:47.2025325Z   Python2_ROOT_DIR: /opt/hostedtoolcache/Python/3.13.12/x64
2026-02-27T21:24:47.2025676Z   Python3_ROOT_DIR: /opt/hostedtoolcache/Python/3.13.12/x64
2026-02-27T21:24:47.2026031Z   LD_LIBRARY_PATH: /opt/hostedtoolcache/Python/3.13.12/x64/lib
2026-02-27T21:24:47.2026334Z   ALLURE_FLAG: false
2026-02-27T21:24:47.2026507Z   ENV: QA
2026-02-27T21:24:47.2027010Z   TOKEN: ***
2026-02-27T21:24:47.2027197Z   GH_PAGES: gh_pages
2026-02-27T21:24:47.2027391Z   SUBFOLDER: docs
2026-02-27T21:24:47.2027560Z   KEEP_REPORTS: 20
2026-02-27T21:24:47.2027742Z   GITHUB_RUN_ID: 22504364968
2026-02-27T21:24:47.2027992Z   REPO: PavanMudigonda/html-reporter-github-pages
2026-02-27T21:24:47.2028356Z   GITHUB_REPOSITORY: PavanMudigonda/html-reporter-github-pages
2026-02-27T21:24:47.2028674Z   REPORT_URL: 
2026-02-27T21:24:47.2028836Z   EXTERNAL_REPO: 
2026-02-27T21:24:47.2029007Z   RUNNER_OS: Linux
2026-02-27T21:24:47.2029172Z   GITHUB_RUN_NUM: 120
2026-02-27T21:24:47.2029352Z   TOOL_NAME: cucumber
2026-02-27T21:24:47.2029531Z   ORDER: descending
2026-02-27T21:24:47.2029774Z   GH_TOKEN: ***
2026-02-27T21:24:47.2029948Z   TEST_RESULTS: test-results
2026-02-27T21:24:47.2030148Z   USE_ACTIONS_SUMMARY: true
2026-02-27T21:24:47.2030345Z   WORKFLOW_NAME: test
2026-02-27T21:24:47.2030545Z   GITHUB_SERVER_URL: https://github.com
2026-02-27T21:24:47.2030833Z   GITHUB_SHA: d670529bac95a974e939642ed9f46ec8629363e4
2026-02-27T21:24:47.2031094Z   GITHUB_REF_NAME: main
2026-02-27T21:24:47.2031281Z ##[endgroup]
2026-02-27T21:24:47.5845506Z https://pavanmudigonda.github.io/html-reporter-github-pages
2026-02-27T21:24:47.5903575Z current path: /home/runner/work/html-reporter-github-pages/html-reporter-github-pages
2026-02-27T21:24:47.5929487Z NEW results history folder gh_pages/docs/cucumber/test/QA
2026-02-27T21:24:47.5930509Z New GH_PAGES folder: gh_pages/docs/cucumber/test/QA
2026-02-27T21:24:47.5931171Z NEW github pages url https://pavanmudigonda.github.io/html-reporter-github-pages/cucumber/test/QA
2026-02-27T21:24:47.5957630Z count numeric run folders in results-history: 12
2026-02-27T21:24:47.5958187Z keep reports count 20
2026-02-27T21:24:47.6671780Z Creating venv at /tmp/tmp.84ImZYuCnE/j2venv for jinja2...
2026-02-27T21:24:51.2880543Z 
2026-02-27T21:24:51.2881798Z [notice] A new release of pip is available: 25.3 -> 26.0.1
2026-02-27T21:24:51.2883243Z [notice] To update, run: /tmp/tmp.84ImZYuCnE/j2venv/bin/python3 -m pip install --upgrade pip
2026-02-27T21:24:51.4128222Z ##[notice]Skipping navigation index.html generation in /home/runner/work/html-reporter-github-pages/html-reporter-github-pages/gh_pages/docs/cucumber/test/QA — existing index.html is a user report, not a generated navigation file.
2026-02-27T21:24:51.4228902Z Completed index html generation
2026-02-27T21:24:51.4545320Z Creating venv at /tmp/tmp.JjyPMsy71L/j2venv for jinja2...
2026-02-27T21:24:54.4937415Z 
2026-02-27T21:24:54.4938522Z [notice] A new release of pip is available: 25.3 -> 26.0.1
2026-02-27T21:24:54.4939794Z [notice] To update, run: /tmp/tmp.JjyPMsy71L/j2venv/bin/python3 -m pip install --upgrade pip
2026-02-27T21:24:54.6265595Z Completed index html generation
2026-02-27T21:24:54.6575595Z Creating venv at /tmp/tmp.As4gjRVWSU/j2venv for jinja2...
2026-02-27T21:24:57.7135615Z 
2026-02-27T21:24:57.7136376Z [notice] A new release of pip is available: 25.3 -> 26.0.1
2026-02-27T21:24:57.7137716Z [notice] To update, run: /tmp/tmp.As4gjRVWSU/j2venv/bin/python3 -m pip install --upgrade pip
2026-02-27T21:24:57.8319044Z ##[notice]Skipping navigation index.html generation in /home/runner/work/html-reporter-github-pages/html-reporter-github-pages/gh_pages/docs — existing index.html is a user report, not a generated navigation file.
2026-02-27T21:24:57.8426716Z Completed index html generation
2026-02-27T21:24:57.8737175Z Creating venv at /tmp/tmp.QrhKckK2zx/j2venv for jinja2...
2026-02-27T21:25:00.9297442Z 
2026-02-27T21:25:00.9298243Z [notice] A new release of pip is available: 25.3 -> 26.0.1
2026-02-27T21:25:00.9299315Z [notice] To update, run: /tmp/tmp.QrhKckK2zx/j2venv/bin/python3 -m pip install --upgrade pip
2026-02-27T21:25:01.0594368Z ##[notice]Skipping navigation index.html generation in /home/runner/work/html-reporter-github-pages/html-reporter-github-pages/gh_pages/docs/cucumber — existing index.html is a user report, not a generated navigation file.
2026-02-27T21:25:01.0720684Z Completed index html generation
2026-02-27T21:25:01.1041521Z Creating venv at /tmp/tmp.l5k6puZrq4/j2venv for jinja2...
2026-02-27T21:25:04.1874132Z 
2026-02-27T21:25:04.1875132Z [notice] A new release of pip is available: 25.3 -> 26.0.1
2026-02-27T21:25:04.1876211Z [notice] To update, run: /tmp/tmp.l5k6puZrq4/j2venv/bin/python3 -m pip install --upgrade pip
2026-02-27T21:25:04.3239952Z ##[notice]Skipping navigation index.html generation in /home/runner/work/html-reporter-github-pages/html-reporter-github-pages/gh_pages/docs/cucumber/test — existing index.html is a user report, not a generated navigation file.
2026-02-27T21:25:04.3373938Z Completed index html generation
2026-02-27T21:25:04.3714298Z Creating venv at /tmp/tmp.ZOkzkKaBJg/j2venv for jinja2...
2026-02-27T21:25:07.5067633Z 
2026-02-27T21:25:07.5068658Z [notice] A new release of pip is available: 25.3 -> 26.0.1
2026-02-27T21:25:07.5069491Z [notice] To update, run: /tmp/tmp.ZOkzkKaBJg/j2venv/bin/python3 -m pip install --upgrade pip
2026-02-27T21:25:07.6318534Z ##[notice]Skipping navigation index.html generation in /home/runner/work/html-reporter-github-pages/html-reporter-github-pages/gh_pages/docs/cucumber/test/QA — existing index.html is a user report, not a generated navigation file.
2026-02-27T21:25:07.6442087Z Completed index html generation
2026-02-27T21:25:07.6562187Z ##[group]Run peaceiris/actions-gh-pages@v4.0.0
2026-02-27T21:25:07.6562476Z with:
2026-02-27T21:25:07.6563026Z   github_token: ***
2026-02-27T21:25:07.6563221Z   force_orphan: true
2026-02-27T21:25:07.6563420Z   publish_branch: gh_pages
2026-02-27T21:25:07.6563626Z   keep_files: false
2026-02-27T21:25:07.6563809Z   publish_dir: gh_pages/docs
2026-02-27T21:25:07.6564030Z   destination_dir: docs
2026-02-27T21:25:07.6564221Z   allow_empty_commit: true
2026-02-27T21:25:07.6564415Z   enable_jekyll: false
2026-02-27T21:25:07.6564602Z   disable_nojekyll: false
2026-02-27T21:25:07.6564793Z   exclude_assets: .github
2026-02-27T21:25:07.6564968Z env:
2026-02-27T21:25:07.6565181Z   pythonLocation: /opt/hostedtoolcache/Python/3.13.12/x64
2026-02-27T21:25:07.6565574Z   PKG_CONFIG_PATH: /opt/hostedtoolcache/Python/3.13.12/x64/lib/pkgconfig
2026-02-27T21:25:07.6565951Z   Python_ROOT_DIR: /opt/hostedtoolcache/Python/3.13.12/x64
2026-02-27T21:25:07.6566292Z   Python2_ROOT_DIR: /opt/hostedtoolcache/Python/3.13.12/x64
2026-02-27T21:25:07.6566630Z   Python3_ROOT_DIR: /opt/hostedtoolcache/Python/3.13.12/x64
2026-02-27T21:25:07.6567138Z   LD_LIBRARY_PATH: /opt/hostedtoolcache/Python/3.13.12/x64/lib
2026-02-27T21:25:07.6567609Z   REPORT_URL: https://pavanmudigonda.github.io/html-reporter-github-pages
2026-02-27T21:25:07.6567980Z   GH_PAGES: gh_pages/docs/cucumber/test/QA
2026-02-27T21:25:07.6568617Z   GITHUB_PAGES_WEBSITE_URL: https://pavanmudigonda.github.io/html-reporter-github-pages/cucumber/test/QA
2026-02-27T21:25:07.6569077Z ##[endgroup]
2026-02-27T21:25:07.7218533Z [INFO] Usage https://github.com/peaceiris/actions-gh-pages#readme
2026-02-27T21:25:07.7223297Z ##[group]Dump inputs
2026-02-27T21:25:07.7223707Z [INFO] GithubToken: true
2026-02-27T21:25:07.7224060Z [INFO] PublishBranch: gh_pages
2026-02-27T21:25:07.7224411Z [INFO] PublishDir: gh_pages/docs
2026-02-27T21:25:07.7224922Z [INFO] DestinationDir: docs
2026-02-27T21:25:07.7225235Z [INFO] ExternalRepository: 
2026-02-27T21:25:07.7225542Z [INFO] AllowEmptyCommit: true
2026-02-27T21:25:07.7225837Z [INFO] KeepFiles: false
2026-02-27T21:25:07.7226067Z [INFO] ForceOrphan: true
2026-02-27T21:25:07.7226306Z [INFO] UserName: 
2026-02-27T21:25:07.7226497Z [INFO] UserEmail: 
2026-02-27T21:25:07.7226693Z [INFO] CommitMessage: 
2026-02-27T21:25:07.7227282Z [INFO] FullCommitMessage: 
2026-02-27T21:25:07.7227658Z [INFO] TagName: 
2026-02-27T21:25:07.7227998Z [INFO] TagMessage: 
2026-02-27T21:25:07.7228455Z [INFO] EnableJekyll (DisableNoJekyll): false
2026-02-27T21:25:07.7228894Z [INFO] CNAME: 
2026-02-27T21:25:07.7229201Z [INFO] ExcludeAssets .github
2026-02-27T21:25:07.7229361Z 
2026-02-27T21:25:07.7229681Z ##[endgroup]
2026-02-27T21:25:07.7230191Z ##[group]Setup auth token
2026-02-27T21:25:07.7230584Z [INFO] setup GITHUB_TOKEN
2026-02-27T21:25:07.7231710Z ##[endgroup]
2026-02-27T21:25:07.7232224Z ##[group]Prepare publishing assets
2026-02-27T21:25:07.7235161Z [INFO] ForceOrphan: true
2026-02-27T21:25:07.7243914Z [INFO] chdir /home/runner/actions_github_pages_1772227507722
2026-02-27T21:25:07.7299093Z [command]/usr/bin/git init
2026-02-27T21:25:07.7355719Z hint: Using 'master' as the name for the initial branch. This default branch name
2026-02-27T21:25:07.7358152Z hint: will change to "main" in Git 3.0. To configure the initial branch name
2026-02-27T21:25:07.7359265Z hint: to use in all of your new repositories, which will suppress this warning,
2026-02-27T21:25:07.7359967Z hint: call:
2026-02-27T21:25:07.7360270Z hint:
2026-02-27T21:25:07.7360795Z hint: 	git config --global init.defaultBranch <name>
2026-02-27T21:25:07.7361307Z hint:
2026-02-27T21:25:07.7361950Z hint: Names commonly chosen instead of 'master' are 'main', 'trunk' and
2026-02-27T21:25:07.7362985Z hint: 'development'. The just-created branch can be renamed via this command:
2026-02-27T21:25:07.7363659Z hint:
2026-02-27T21:25:07.7364012Z hint: 	git branch -m <name>
2026-02-27T21:25:07.7364384Z hint:
2026-02-27T21:25:07.7365092Z hint: Disable this message with "git config set advice.defaultBranchName false"
2026-02-27T21:25:07.7373552Z Initialized empty Git repository in /home/runner/actions_github_pages_1772227507722/.git/
2026-02-27T21:25:07.7408390Z [command]/usr/bin/git checkout --orphan gh_pages
2026-02-27T21:25:07.7436042Z Switched to a new branch 'gh_pages'
2026-02-27T21:25:07.7442420Z [INFO] prepare publishing assets
2026-02-27T21:25:07.7443894Z [INFO] copy /home/runner/work/html-reporter-github-pages/html-reporter-github-pages/gh_pages/docs to /home/runner/actions_github_pages_1772227507722/docs
2026-02-27T21:25:07.8193785Z cp: no such file or directory: /home/runner/work/html-reporter-github-pages/html-reporter-github-pages/gh_pages/docs/.*
2026-02-27T21:25:07.8195949Z [INFO] delete excluded assets
2026-02-27T21:25:07.8231620Z rm: no paths given
2026-02-27T21:25:07.8234362Z [INFO] Created /home/runner/actions_github_pages_1772227507722/.nojekyll
2026-02-27T21:25:07.8235234Z ##[endgroup]
2026-02-27T21:25:07.8236358Z ##[group]Setup Git config
2026-02-27T21:25:07.8256416Z [command]/usr/bin/git remote rm origin
2026-02-27T21:25:07.8297763Z error: No such remote: 'origin'
2026-02-27T21:25:07.8305900Z [INFO] The process '/usr/bin/git' failed with exit code 2
2026-02-27T21:25:07.8328610Z [command]/usr/bin/git remote add origin ***github.com/PavanMudigonda/html-reporter-github-pages.git
2026-02-27T21:25:07.8390209Z [command]/usr/bin/git add --all
2026-02-27T21:25:07.9804934Z [command]/usr/bin/git config user.name PavanMudigondaTR
2026-02-27T21:25:07.9864761Z [command]/usr/bin/git config user.email PavanMudigondaTR@users.noreply.github.com
2026-02-27T21:25:07.9904708Z ##[endgroup]
2026-02-27T21:25:07.9905336Z ##[group]Create a commit
2026-02-27T21:25:07.9922518Z [command]/usr/bin/git commit --allow-empty -m deploy: d670529bac95a974e939642ed9f46ec8629363e4
2026-02-27T21:25:08.1075182Z [gh_pages (root-commit) c0e9c0b] deploy: d670529bac95a974e939642ed9f46ec8629363e4
2026-02-27T21:25:08.1076537Z  269 files changed, 5877 insertions(+)
2026-02-27T21:25:08.1077436Z  create mode 100644 .nojekyll
2026-02-27T21:25:08.1078019Z  create mode 100644 docs/cucumber/index.html
2026-02-27T21:25:08.1079072Z  create mode 100644 docs/cucumber/test/QA/106/data/5f0633a6c88f56aecd7e663d5fc25aadc7e29d34.zip
2026-02-27T21:25:08.1080399Z  create mode 100644 docs/cucumber/test/QA/106/data/726ba10d0d6d6472e2202d1dbb2f0cfdf58261b3.webm
2026-02-27T21:25:08.1081323Z  create mode 100644 docs/cucumber/test/QA/106/data/d495cc8c8a7f57b7b572c7abd8696843e3cd2e7e.png
2026-02-27T21:25:08.1082406Z  create mode 100644 docs/cucumber/test/QA/106/index.html
2026-02-27T21:25:08.1083364Z  create mode 100644 docs/cucumber/test/QA/106/salesforce-test-Chrome/test-failed-1.png
2026-02-27T21:25:08.1084368Z  create mode 100644 docs/cucumber/test/QA/106/salesforce-test-Chrome/trace.zip
2026-02-27T21:25:08.1085333Z  create mode 100644 docs/cucumber/test/QA/106/salesforce-test-Chrome/video.webm
2026-02-27T21:25:08.1085960Z  create mode 100644 docs/cucumber/test/QA/106/test-result.json
2026-02-27T21:25:08.1086425Z  create mode 100644 docs/cucumber/test/QA/106/test-result.xml
2026-02-27T21:25:08.1087119Z  create mode 100644 docs/cucumber/test/QA/106/trace/codicon.dcd00fb4.ttf
2026-02-27T21:25:08.1087710Z  create mode 100644 docs/cucumber/test/QA/106/trace/icon-16x16.png
2026-02-27T21:25:08.1088333Z  create mode 100644 docs/cucumber/test/QA/106/trace/icon-192x192.png
2026-02-27T21:25:08.1088957Z  create mode 100644 docs/cucumber/test/QA/106/trace/icon-256x256.png
2026-02-27T21:25:08.1089465Z  create mode 100644 docs/cucumber/test/QA/106/trace/icon-32x32.png
2026-02-27T21:25:08.1089952Z  create mode 100644 docs/cucumber/test/QA/106/trace/icon-384x384.png
2026-02-27T21:25:08.1090453Z  create mode 100644 docs/cucumber/test/QA/106/trace/icon-512x512.png
2026-02-27T21:25:08.1091074Z  create mode 100644 docs/cucumber/test/QA/106/trace/index.html
2026-02-27T21:25:08.1091690Z  create mode 100644 docs/cucumber/test/QA/106/trace/main.a5d7e729.css
2026-02-27T21:25:08.1092198Z  create mode 100644 docs/cucumber/test/QA/106/trace/main.ce7ea3d1.js
2026-02-27T21:25:08.1092684Z  create mode 100644 docs/cucumber/test/QA/106/trace/sw.bundle.js
2026-02-27T21:25:08.1093305Z  create mode 100644 docs/cucumber/test/QA/107/data/5f0633a6c88f56aecd7e663d5fc25aadc7e29d34.zip
2026-02-27T21:25:08.1094549Z  create mode 100644 docs/cucumber/test/QA/107/data/726ba10d0d6d6472e2202d1dbb2f0cfdf58261b3.webm
2026-02-27T21:25:08.1095225Z  create mode 100644 docs/cucumber/test/QA/107/data/d495cc8c8a7f57b7b572c7abd8696843e3cd2e7e.png
2026-02-27T21:25:08.1095741Z  create mode 100644 docs/cucumber/test/QA/107/index.html
2026-02-27T21:25:08.1096217Z  create mode 100644 docs/cucumber/test/QA/107/salesforce-test-Chrome/test-failed-1.png
2026-02-27T21:25:08.1097226Z  create mode 100644 docs/cucumber/test/QA/107/salesforce-test-Chrome/trace.zip
2026-02-27T21:25:08.1097913Z  create mode 100644 docs/cucumber/test/QA/107/salesforce-test-Chrome/video.webm
2026-02-27T21:25:08.1098596Z  create mode 100644 docs/cucumber/test/QA/107/test-result.json
2026-02-27T21:25:08.1099398Z  create mode 100644 docs/cucumber/test/QA/107/test-result.xml
2026-02-27T21:25:08.1100273Z  create mode 100644 docs/cucumber/test/QA/107/trace/codicon.dcd00fb4.ttf
2026-02-27T21:25:08.1101113Z  create mode 100644 docs/cucumber/test/QA/107/trace/icon-16x16.png
2026-02-27T21:25:08.1101933Z  create mode 100644 docs/cucumber/test/QA/107/trace/icon-192x192.png
2026-02-27T21:25:08.1102724Z  create mode 100644 docs/cucumber/test/QA/107/trace/icon-256x256.png
2026-02-27T21:25:08.1103743Z  create mode 100644 docs/cucumber/test/QA/107/trace/icon-32x32.png
2026-02-27T21:25:08.1104495Z  create mode 100644 docs/cucumber/test/QA/107/trace/icon-384x384.png
2026-02-27T21:25:08.1105296Z  create mode 100644 docs/cucumber/test/QA/107/trace/icon-512x512.png
2026-02-27T21:25:08.1106050Z  create mode 100644 docs/cucumber/test/QA/107/trace/index.html
2026-02-27T21:25:08.1107065Z  create mode 100644 docs/cucumber/test/QA/107/trace/main.a5d7e729.css
2026-02-27T21:25:08.1107927Z  create mode 100644 docs/cucumber/test/QA/107/trace/main.ce7ea3d1.js
2026-02-27T21:25:08.1108675Z  create mode 100644 docs/cucumber/test/QA/107/trace/sw.bundle.js
2026-02-27T21:25:08.1109562Z  create mode 100644 docs/cucumber/test/QA/108/data/5f0633a6c88f56aecd7e663d5fc25aadc7e29d34.zip
2026-02-27T21:25:08.1110592Z  create mode 100644 docs/cucumber/test/QA/108/data/726ba10d0d6d6472e2202d1dbb2f0cfdf58261b3.webm
2026-02-27T21:25:08.1111596Z  create mode 100644 docs/cucumber/test/QA/108/data/d495cc8c8a7f57b7b572c7abd8696843e3cd2e7e.png
2026-02-27T21:25:08.1112426Z  create mode 100644 docs/cucumber/test/QA/108/index.html
2026-02-27T21:25:08.1113229Z  create mode 100644 docs/cucumber/test/QA/108/salesforce-test-Chrome/test-failed-1.png
2026-02-27T21:25:08.1114153Z  create mode 100644 docs/cucumber/test/QA/108/salesforce-test-Chrome/trace.zip
2026-02-27T21:25:08.1115045Z  create mode 100644 docs/cucumber/test/QA/108/salesforce-test-Chrome/video.webm
2026-02-27T21:25:08.1116131Z  create mode 100644 docs/cucumber/test/QA/108/test-result.json
2026-02-27T21:25:08.1117000Z  create mode 100644 docs/cucumber/test/QA/108/test-result.xml
2026-02-27T21:25:08.1117515Z  create mode 100644 docs/cucumber/test/QA/108/trace/codicon.dcd00fb4.ttf
2026-02-27T21:25:08.1117988Z  create mode 100644 docs/cucumber/test/QA/108/trace/icon-16x16.png
2026-02-27T21:25:08.1118440Z  create mode 100644 docs/cucumber/test/QA/108/trace/icon-192x192.png
2026-02-27T21:25:08.1118891Z  create mode 100644 docs/cucumber/test/QA/108/trace/icon-256x256.png
2026-02-27T21:25:08.1119340Z  create mode 100644 docs/cucumber/test/QA/108/trace/icon-32x32.png
2026-02-27T21:25:08.1119763Z  create mode 100644 docs/cucumber/test/QA/108/trace/icon-384x384.png
2026-02-27T21:25:08.1120201Z  create mode 100644 docs/cucumber/test/QA/108/trace/icon-512x512.png
2026-02-27T21:25:08.1120616Z  create mode 100644 docs/cucumber/test/QA/108/trace/index.html
2026-02-27T21:25:08.1121035Z  create mode 100644 docs/cucumber/test/QA/108/trace/main.a5d7e729.css
2026-02-27T21:25:08.1121469Z  create mode 100644 docs/cucumber/test/QA/108/trace/main.ce7ea3d1.js
2026-02-27T21:25:08.1121887Z  create mode 100644 docs/cucumber/test/QA/108/trace/sw.bundle.js
2026-02-27T21:25:08.1122410Z  create mode 100644 docs/cucumber/test/QA/110/data/5f0633a6c88f56aecd7e663d5fc25aadc7e29d34.zip
2026-02-27T21:25:08.1123274Z  create mode 100644 docs/cucumber/test/QA/110/data/726ba10d0d6d6472e2202d1dbb2f0cfdf58261b3.webm
2026-02-27T21:25:08.1123934Z  create mode 100644 docs/cucumber/test/QA/110/data/d495cc8c8a7f57b7b572c7abd8696843e3cd2e7e.png
2026-02-27T21:25:08.1124851Z  create mode 100644 docs/cucumber/test/QA/110/index.html
2026-02-27T21:25:08.1125719Z  create mode 100644 docs/cucumber/test/QA/110/salesforce-test-Chrome/test-failed-1.png
2026-02-27T21:25:08.1126735Z  create mode 100644 docs/cucumber/test/QA/110/salesforce-test-Chrome/trace.zip
2026-02-27T21:25:08.1127969Z  create mode 100644 docs/cucumber/test/QA/110/salesforce-test-Chrome/video.webm
2026-02-27T21:25:08.1128835Z  create mode 100644 docs/cucumber/test/QA/110/test-result.json
2026-02-27T21:25:08.1129590Z  create mode 100644 docs/cucumber/test/QA/110/test-result.xml
2026-02-27T21:25:08.1130131Z  create mode 100644 docs/cucumber/test/QA/110/trace/codicon.dcd00fb4.ttf
2026-02-27T21:25:08.1130589Z  create mode 100644 docs/cucumber/test/QA/110/trace/icon-16x16.png
2026-02-27T21:25:08.1131039Z  create mode 100644 docs/cucumber/test/QA/110/trace/icon-192x192.png
2026-02-27T21:25:08.1131465Z  create mode 100644 docs/cucumber/test/QA/110/trace/icon-256x256.png
2026-02-27T21:25:08.1132078Z  create mode 100644 docs/cucumber/test/QA/110/trace/icon-32x32.png
2026-02-27T21:25:08.1132506Z  create mode 100644 docs/cucumber/test/QA/110/trace/icon-384x384.png
2026-02-27T21:25:08.1132924Z  create mode 100644 docs/cucumber/test/QA/110/trace/icon-512x512.png
2026-02-27T21:25:08.1133334Z  create mode 100644 docs/cucumber/test/QA/110/trace/index.html
2026-02-27T21:25:08.1133757Z  create mode 100644 docs/cucumber/test/QA/110/trace/main.a5d7e729.css
2026-02-27T21:25:08.1134182Z  create mode 100644 docs/cucumber/test/QA/110/trace/main.ce7ea3d1.js
2026-02-27T21:25:08.1134599Z  create mode 100644 docs/cucumber/test/QA/110/trace/sw.bundle.js
2026-02-27T21:25:08.1135131Z  create mode 100644 docs/cucumber/test/QA/112/data/5f0633a6c88f56aecd7e663d5fc25aadc7e29d34.zip
2026-02-27T21:25:08.1135776Z  create mode 100644 docs/cucumber/test/QA/112/data/726ba10d0d6d6472e2202d1dbb2f0cfdf58261b3.webm
2026-02-27T21:25:08.1136415Z  create mode 100644 docs/cucumber/test/QA/112/data/d495cc8c8a7f57b7b572c7abd8696843e3cd2e7e.png
2026-02-27T21:25:08.1137174Z  create mode 100644 docs/cucumber/test/QA/112/index.html
2026-02-27T21:25:08.1137661Z  create mode 100644 docs/cucumber/test/QA/112/salesforce-test-Chrome/test-failed-1.png
2026-02-27T21:25:08.1138220Z  create mode 100644 docs/cucumber/test/QA/112/salesforce-test-Chrome/trace.zip
2026-02-27T21:25:08.1138750Z  create mode 100644 docs/cucumber/test/QA/112/salesforce-test-Chrome/video.webm
2026-02-27T21:25:08.1139214Z  create mode 100644 docs/cucumber/test/QA/112/test-result.json
2026-02-27T21:25:08.1139616Z  create mode 100644 docs/cucumber/test/QA/112/test-result.xml
2026-02-27T21:25:08.1140049Z  create mode 100644 docs/cucumber/test/QA/112/trace/codicon.dcd00fb4.ttf
2026-02-27T21:25:08.1140489Z  create mode 100644 docs/cucumber/test/QA/112/trace/icon-16x16.png
2026-02-27T21:25:08.1140927Z  create mode 100644 docs/cucumber/test/QA/112/trace/icon-192x192.png
2026-02-27T21:25:08.1141363Z  create mode 100644 docs/cucumber/test/QA/112/trace/icon-256x256.png
2026-02-27T21:25:08.1141786Z  create mode 100644 docs/cucumber/test/QA/112/trace/icon-32x32.png
2026-02-27T21:25:08.1142214Z  create mode 100644 docs/cucumber/test/QA/112/trace/icon-384x384.png
2026-02-27T21:25:08.1142648Z  create mode 100644 docs/cucumber/test/QA/112/trace/icon-512x512.png
2026-02-27T21:25:08.1143054Z  create mode 100644 docs/cucumber/test/QA/112/trace/index.html
2026-02-27T21:25:08.1143475Z  create mode 100644 docs/cucumber/test/QA/112/trace/main.a5d7e729.css
2026-02-27T21:25:08.1143912Z  create mode 100644 docs/cucumber/test/QA/112/trace/main.ce7ea3d1.js
2026-02-27T21:25:08.1144324Z  create mode 100644 docs/cucumber/test/QA/112/trace/sw.bundle.js
2026-02-27T21:25:08.1144858Z  create mode 100644 docs/cucumber/test/QA/113/data/5f0633a6c88f56aecd7e663d5fc25aadc7e29d34.zip
2026-02-27T21:25:08.1145652Z  create mode 100644 docs/cucumber/test/QA/113/data/726ba10d0d6d6472e2202d1dbb2f0cfdf58261b3.webm
2026-02-27T21:25:08.1146287Z  create mode 100644 docs/cucumber/test/QA/113/data/d495cc8c8a7f57b7b572c7abd8696843e3cd2e7e.png
2026-02-27T21:25:08.1146968Z  create mode 100644 docs/cucumber/test/QA/113/index.html
2026-02-27T21:25:08.1147501Z  create mode 100644 docs/cucumber/test/QA/113/salesforce-test-Chrome/test-failed-1.png
2026-02-27T21:25:08.1148064Z  create mode 100644 docs/cucumber/test/QA/113/salesforce-test-Chrome/trace.zip
2026-02-27T21:25:08.1148596Z  create mode 100644 docs/cucumber/test/QA/113/salesforce-test-Chrome/video.webm
2026-02-27T21:25:08.1149064Z  create mode 100644 docs/cucumber/test/QA/113/test-result.json
2026-02-27T21:25:08.1149459Z  create mode 100644 docs/cucumber/test/QA/113/test-result.xml
2026-02-27T21:25:08.1149891Z  create mode 100644 docs/cucumber/test/QA/113/trace/codicon.dcd00fb4.ttf
2026-02-27T21:25:08.1150342Z  create mode 100644 docs/cucumber/test/QA/113/trace/icon-16x16.png
2026-02-27T21:25:08.1150774Z  create mode 100644 docs/cucumber/test/QA/113/trace/icon-192x192.png
2026-02-27T21:25:08.1151205Z  create mode 100644 docs/cucumber/test/QA/113/trace/icon-256x256.png
2026-02-27T21:25:08.1151766Z  create mode 100644 docs/cucumber/test/QA/113/trace/icon-32x32.png
2026-02-27T21:25:08.1152190Z  create mode 100644 docs/cucumber/test/QA/113/trace/icon-384x384.png
2026-02-27T21:25:08.1152613Z  create mode 100644 docs/cucumber/test/QA/113/trace/icon-512x512.png
2026-02-27T21:25:08.1153024Z  create mode 100644 docs/cucumber/test/QA/113/trace/index.html
2026-02-27T21:25:08.1153435Z  create mode 100644 docs/cucumber/test/QA/113/trace/main.a5d7e729.css
2026-02-27T21:25:08.1153882Z  create mode 100644 docs/cucumber/test/QA/113/trace/main.ce7ea3d1.js
2026-02-27T21:25:08.1154304Z  create mode 100644 docs/cucumber/test/QA/113/trace/sw.bundle.js
2026-02-27T21:25:08.1154893Z  create mode 100644 docs/cucumber/test/QA/114/data/5f0633a6c88f56aecd7e663d5fc25aadc7e29d34.zip
2026-02-27T21:25:08.1155554Z  create mode 100644 docs/cucumber/test/QA/114/data/726ba10d0d6d6472e2202d1dbb2f0cfdf58261b3.webm
2026-02-27T21:25:08.1156209Z  create mode 100644 docs/cucumber/test/QA/114/data/d495cc8c8a7f57b7b572c7abd8696843e3cd2e7e.png
2026-02-27T21:25:08.1156712Z  create mode 100644 docs/cucumber/test/QA/114/index.html
2026-02-27T21:25:08.1157427Z  create mode 100644 docs/cucumber/test/QA/114/salesforce-test-Chrome/test-failed-1.png
2026-02-27T21:25:08.1157999Z  create mode 100644 docs/cucumber/test/QA/114/salesforce-test-Chrome/trace.zip
2026-02-27T21:25:08.1158536Z  create mode 100644 docs/cucumber/test/QA/114/salesforce-test-Chrome/video.webm
2026-02-27T21:25:08.1159016Z  create mode 100644 docs/cucumber/test/QA/114/test-result.json
2026-02-27T21:25:08.1159423Z  create mode 100644 docs/cucumber/test/QA/114/test-result.xml
2026-02-27T21:25:08.1159851Z  create mode 100644 docs/cucumber/test/QA/114/trace/codicon.dcd00fb4.ttf
2026-02-27T21:25:08.1160309Z  create mode 100644 docs/cucumber/test/QA/114/trace/icon-16x16.png
2026-02-27T21:25:08.1160759Z  create mode 100644 docs/cucumber/test/QA/114/trace/icon-192x192.png
2026-02-27T21:25:08.1161198Z  create mode 100644 docs/cucumber/test/QA/114/trace/icon-256x256.png
2026-02-27T21:25:08.1161628Z  create mode 100644 docs/cucumber/test/QA/114/trace/icon-32x32.png
2026-02-27T21:25:08.1162054Z  create mode 100644 docs/cucumber/test/QA/114/trace/icon-384x384.png
2026-02-27T21:25:08.1162481Z  create mode 100644 docs/cucumber/test/QA/114/trace/icon-512x512.png
2026-02-27T21:25:08.1162892Z  create mode 100644 docs/cucumber/test/QA/114/trace/index.html
2026-02-27T21:25:08.1163317Z  create mode 100644 docs/cucumber/test/QA/114/trace/main.a5d7e729.css
2026-02-27T21:25:08.1163751Z  create mode 100644 docs/cucumber/test/QA/114/trace/main.ce7ea3d1.js
2026-02-27T21:25:08.1164167Z  create mode 100644 docs/cucumber/test/QA/114/trace/sw.bundle.js
2026-02-27T21:25:08.1164700Z  create mode 100644 docs/cucumber/test/QA/115/data/5f0633a6c88f56aecd7e663d5fc25aadc7e29d34.zip
2026-02-27T21:25:08.1165477Z  create mode 100644 docs/cucumber/test/QA/115/data/726ba10d0d6d6472e2202d1dbb2f0cfdf58261b3.webm
2026-02-27T21:25:08.1166119Z  create mode 100644 docs/cucumber/test/QA/115/data/d495cc8c8a7f57b7b572c7abd8696843e3cd2e7e.png
2026-02-27T21:25:08.1166626Z  create mode 100644 docs/cucumber/test/QA/115/index.html
2026-02-27T21:25:08.1167339Z  create mode 100644 docs/cucumber/test/QA/115/salesforce-test-Chrome/test-failed-1.png
2026-02-27T21:25:08.1167902Z  create mode 100644 docs/cucumber/test/QA/115/salesforce-test-Chrome/trace.zip
2026-02-27T21:25:08.1168430Z  create mode 100644 docs/cucumber/test/QA/115/salesforce-test-Chrome/video.webm
2026-02-27T21:25:08.1168894Z  create mode 100644 docs/cucumber/test/QA/115/test-result.json
2026-02-27T21:25:08.1169284Z  create mode 100644 docs/cucumber/test/QA/115/test-result.xml
2026-02-27T21:25:08.1169718Z  create mode 100644 docs/cucumber/test/QA/115/trace/codicon.dcd00fb4.ttf
2026-02-27T21:25:08.1170169Z  create mode 100644 docs/cucumber/test/QA/115/trace/icon-16x16.png
2026-02-27T21:25:08.1170606Z  create mode 100644 docs/cucumber/test/QA/115/trace/icon-192x192.png
2026-02-27T21:25:08.1171039Z  create mode 100644 docs/cucumber/test/QA/115/trace/icon-256x256.png
2026-02-27T21:25:08.1171604Z  create mode 100644 docs/cucumber/test/QA/115/trace/icon-32x32.png
2026-02-27T21:25:08.1172026Z  create mode 100644 docs/cucumber/test/QA/115/trace/icon-384x384.png
2026-02-27T21:25:08.1172454Z  create mode 100644 docs/cucumber/test/QA/115/trace/icon-512x512.png
2026-02-27T21:25:08.1172855Z  create mode 100644 docs/cucumber/test/QA/115/trace/index.html
2026-02-27T21:25:08.1173271Z  create mode 100644 docs/cucumber/test/QA/115/trace/main.a5d7e729.css
2026-02-27T21:25:08.1173708Z  create mode 100644 docs/cucumber/test/QA/115/trace/main.ce7ea3d1.js
2026-02-27T21:25:08.1174122Z  create mode 100644 docs/cucumber/test/QA/115/trace/sw.bundle.js
2026-02-27T21:25:08.1174643Z  create mode 100644 docs/cucumber/test/QA/116/data/5f0633a6c88f56aecd7e663d5fc25aadc7e29d34.zip
2026-02-27T21:25:08.1175319Z  create mode 100644 docs/cucumber/test/QA/116/data/726ba10d0d6d6472e2202d1dbb2f0cfdf58261b3.webm
2026-02-27T21:25:08.1175962Z  create mode 100644 docs/cucumber/test/QA/116/data/d495cc8c8a7f57b7b572c7abd8696843e3cd2e7e.png
2026-02-27T21:25:08.1176481Z  create mode 100644 docs/cucumber/test/QA/116/index.html
2026-02-27T21:25:08.1177220Z  create mode 100644 docs/cucumber/test/QA/116/salesforce-test-Chrome/test-failed-1.png
2026-02-27T21:25:08.1177806Z  create mode 100644 docs/cucumber/test/QA/116/salesforce-test-Chrome/trace.zip
2026-02-27T21:25:08.1178350Z  create mode 100644 docs/cucumber/test/QA/116/salesforce-test-Chrome/video.webm
2026-02-27T21:25:08.1178822Z  create mode 100644 docs/cucumber/test/QA/116/test-result.json
2026-02-27T21:25:08.1179228Z  create mode 100644 docs/cucumber/test/QA/116/test-result.xml
2026-02-27T21:25:08.1179677Z  create mode 100644 docs/cucumber/test/QA/116/trace/codicon.dcd00fb4.ttf
2026-02-27T21:25:08.1180130Z  create mode 100644 docs/cucumber/test/QA/116/trace/icon-16x16.png
2026-02-27T21:25:08.1180569Z  create mode 100644 docs/cucumber/test/QA/116/trace/icon-192x192.png
2026-02-27T21:25:08.1180997Z  create mode 100644 docs/cucumber/test/QA/116/trace/icon-256x256.png
2026-02-27T21:25:08.1181431Z  create mode 100644 docs/cucumber/test/QA/116/trace/icon-32x32.png
2026-02-27T21:25:08.1181852Z  create mode 100644 docs/cucumber/test/QA/116/trace/icon-384x384.png
2026-02-27T21:25:08.1182285Z  create mode 100644 docs/cucumber/test/QA/116/trace/icon-512x512.png
2026-02-27T21:25:08.1182696Z  create mode 100644 docs/cucumber/test/QA/116/trace/index.html
2026-02-27T21:25:08.1183110Z  create mode 100644 docs/cucumber/test/QA/116/trace/main.a5d7e729.css
2026-02-27T21:25:08.1183544Z  create mode 100644 docs/cucumber/test/QA/116/trace/main.ce7ea3d1.js
2026-02-27T21:25:08.1183959Z  create mode 100644 docs/cucumber/test/QA/116/trace/sw.bundle.js
2026-02-27T21:25:08.1184338Z  create mode 100644 docs/cucumber/test/QA/117/.created_at
2026-02-27T21:25:08.1184993Z  create mode 100644 docs/cucumber/test/QA/117/data/5f0633a6c88f56aecd7e663d5fc25aadc7e29d34.zip
2026-02-27T21:25:08.1185641Z  create mode 100644 docs/cucumber/test/QA/117/data/726ba10d0d6d6472e2202d1dbb2f0cfdf58261b3.webm
2026-02-27T21:25:08.1186277Z  create mode 100644 docs/cucumber/test/QA/117/data/d495cc8c8a7f57b7b572c7abd8696843e3cd2e7e.png
2026-02-27T21:25:08.1186912Z  create mode 100644 docs/cucumber/test/QA/117/index.html
2026-02-27T21:25:08.1187403Z  create mode 100644 docs/cucumber/test/QA/117/salesforce-test-Chrome/test-failed-1.png
2026-02-27T21:25:08.1187968Z  create mode 100644 docs/cucumber/test/QA/117/salesforce-test-Chrome/trace.zip
2026-02-27T21:25:08.1188495Z  create mode 100644 docs/cucumber/test/QA/117/salesforce-test-Chrome/video.webm
2026-02-27T21:25:08.1188981Z  create mode 100644 docs/cucumber/test/QA/117/test-result.json
2026-02-27T21:25:08.1189386Z  create mode 100644 docs/cucumber/test/QA/117/test-result.xml
2026-02-27T21:25:08.1189820Z  create mode 100644 docs/cucumber/test/QA/117/trace/codicon.dcd00fb4.ttf
2026-02-27T21:25:08.1190277Z  create mode 100644 docs/cucumber/test/QA/117/trace/icon-16x16.png
2026-02-27T21:25:08.1190711Z  create mode 100644 docs/cucumber/test/QA/117/trace/icon-192x192.png
2026-02-27T21:25:08.1191271Z  create mode 100644 docs/cucumber/test/QA/117/trace/icon-256x256.png
2026-02-27T21:25:08.1191699Z  create mode 100644 docs/cucumber/test/QA/117/trace/icon-32x32.png
2026-02-27T21:25:08.1192125Z  create mode 100644 docs/cucumber/test/QA/117/trace/icon-384x384.png
2026-02-27T21:25:08.1192554Z  create mode 100644 docs/cucumber/test/QA/117/trace/icon-512x512.png
2026-02-27T21:25:08.1192966Z  create mode 100644 docs/cucumber/test/QA/117/trace/index.html
2026-02-27T21:25:08.1193383Z  create mode 100644 docs/cucumber/test/QA/117/trace/main.a5d7e729.css
2026-02-27T21:25:08.1193819Z  create mode 100644 docs/cucumber/test/QA/117/trace/main.ce7ea3d1.js
2026-02-27T21:25:08.1194237Z  create mode 100644 docs/cucumber/test/QA/117/trace/sw.bundle.js
2026-02-27T21:25:08.1194628Z  create mode 100644 docs/cucumber/test/QA/118/.created_at
2026-02-27T21:25:08.1195139Z  create mode 100644 docs/cucumber/test/QA/118/data/5f0633a6c88f56aecd7e663d5fc25aadc7e29d34.zip
2026-02-27T21:25:08.1195789Z  create mode 100644 docs/cucumber/test/QA/118/data/726ba10d0d6d6472e2202d1dbb2f0cfdf58261b3.webm
2026-02-27T21:25:08.1196433Z  create mode 100644 docs/cucumber/test/QA/118/data/d495cc8c8a7f57b7b572c7abd8696843e3cd2e7e.png
2026-02-27T21:25:08.1197048Z  create mode 100644 docs/cucumber/test/QA/118/index.html
2026-02-27T21:25:08.1197525Z  create mode 100644 docs/cucumber/test/QA/118/salesforce-test-Chrome/test-failed-1.png
2026-02-27T21:25:08.1198085Z  create mode 100644 docs/cucumber/test/QA/118/salesforce-test-Chrome/trace.zip
2026-02-27T21:25:08.1198605Z  create mode 100644 docs/cucumber/test/QA/118/salesforce-test-Chrome/video.webm
2026-02-27T21:25:08.1199068Z  create mode 100644 docs/cucumber/test/QA/118/test-result.json
2026-02-27T21:25:08.1199470Z  create mode 100644 docs/cucumber/test/QA/118/test-result.xml
2026-02-27T21:25:08.1199901Z  create mode 100644 docs/cucumber/test/QA/118/trace/codicon.dcd00fb4.ttf
2026-02-27T21:25:08.1200588Z  create mode 100644 docs/cucumber/test/QA/118/trace/icon-16x16.png
2026-02-27T21:25:08.1201454Z  create mode 100644 docs/cucumber/test/QA/118/trace/icon-192x192.png
2026-02-27T21:25:08.1202163Z  create mode 100644 docs/cucumber/test/QA/118/trace/icon-256x256.png
2026-02-27T21:25:08.1202609Z  create mode 100644 docs/cucumber/test/QA/118/trace/icon-32x32.png
2026-02-27T21:25:08.1203040Z  create mode 100644 docs/cucumber/test/QA/118/trace/icon-384x384.png
2026-02-27T21:25:08.1203492Z  create mode 100644 docs/cucumber/test/QA/118/trace/icon-512x512.png
2026-02-27T21:25:08.1203916Z  create mode 100644 docs/cucumber/test/QA/118/trace/index.html
2026-02-27T21:25:08.1204338Z  create mode 100644 docs/cucumber/test/QA/118/trace/main.a5d7e729.css
2026-02-27T21:25:08.1204788Z  create mode 100644 docs/cucumber/test/QA/118/trace/main.ce7ea3d1.js
2026-02-27T21:25:08.1205384Z  create mode 100644 docs/cucumber/test/QA/118/trace/sw.bundle.js
2026-02-27T21:25:08.1205947Z  create mode 100644 docs/cucumber/test/QA/119/.created_at
2026-02-27T21:25:08.1207035Z  create mode 100644 docs/cucumber/test/QA/119/data/5f0633a6c88f56aecd7e663d5fc25aadc7e29d34.zip
2026-02-27T21:25:08.1207943Z  create mode 100644 docs/cucumber/test/QA/119/data/726ba10d0d6d6472e2202d1dbb2f0cfdf58261b3.webm
2026-02-27T21:25:08.1209025Z  create mode 100644 docs/cucumber/test/QA/119/data/d495cc8c8a7f57b7b572c7abd8696843e3cd2e7e.png
2026-02-27T21:25:08.1209552Z  create mode 100644 docs/cucumber/test/QA/119/index.html
2026-02-27T21:25:08.1210170Z  create mode 100644 docs/cucumber/test/QA/119/salesforce-test-Chrome/test-failed-1.png
2026-02-27T21:25:08.1210738Z  create mode 100644 docs/cucumber/test/QA/119/salesforce-test-Chrome/trace.zip
2026-02-27T21:25:08.1211271Z  create mode 100644 docs/cucumber/test/QA/119/salesforce-test-Chrome/video.webm
2026-02-27T21:25:08.1211741Z  create mode 100644 docs/cucumber/test/QA/119/test-result.json
2026-02-27T21:25:08.1212153Z  create mode 100644 docs/cucumber/test/QA/119/test-result.xml
2026-02-27T21:25:08.1212596Z  create mode 100644 docs/cucumber/test/QA/119/trace/codicon.dcd00fb4.ttf
2026-02-27T21:25:08.1213229Z  create mode 100644 docs/cucumber/test/QA/119/trace/icon-16x16.png
2026-02-27T21:25:08.1213662Z  create mode 100644 docs/cucumber/test/QA/119/trace/icon-192x192.png
2026-02-27T21:25:08.1214100Z  create mode 100644 docs/cucumber/test/QA/119/trace/icon-256x256.png
2026-02-27T21:25:08.1214528Z  create mode 100644 docs/cucumber/test/QA/119/trace/icon-32x32.png
2026-02-27T21:25:08.1214953Z  create mode 100644 docs/cucumber/test/QA/119/trace/icon-384x384.png
2026-02-27T21:25:08.1215384Z  create mode 100644 docs/cucumber/test/QA/119/trace/icon-512x512.png
2026-02-27T21:25:08.1215792Z  create mode 100644 docs/cucumber/test/QA/119/trace/index.html
2026-02-27T21:25:08.1216208Z  create mode 100644 docs/cucumber/test/QA/119/trace/main.a5d7e729.css
2026-02-27T21:25:08.1216653Z  create mode 100644 docs/cucumber/test/QA/119/trace/main.ce7ea3d1.js
2026-02-27T21:25:08.1217329Z  create mode 100644 docs/cucumber/test/QA/119/trace/sw.bundle.js
2026-02-27T21:25:08.1217732Z  create mode 100644 docs/cucumber/test/QA/120/.created_at
2026-02-27T21:25:08.1218259Z  create mode 100644 docs/cucumber/test/QA/120/data/5f0633a6c88f56aecd7e663d5fc25aadc7e29d34.zip
2026-02-27T21:25:08.1218912Z  create mode 100644 docs/cucumber/test/QA/120/data/726ba10d0d6d6472e2202d1dbb2f0cfdf58261b3.webm
2026-02-27T21:25:08.1219546Z  create mode 100644 docs/cucumber/test/QA/120/data/d495cc8c8a7f57b7b572c7abd8696843e3cd2e7e.png
2026-02-27T21:25:08.1220045Z  create mode 100644 docs/cucumber/test/QA/120/index.html
2026-02-27T21:25:08.1220577Z  create mode 100644 docs/cucumber/test/QA/120/salesforce-test-Chrome/test-failed-1.png
2026-02-27T21:25:08.1221137Z  create mode 100644 docs/cucumber/test/QA/120/salesforce-test-Chrome/trace.zip
2026-02-27T21:25:08.1221665Z  create mode 100644 docs/cucumber/test/QA/120/salesforce-test-Chrome/video.webm
2026-02-27T21:25:08.1222139Z  create mode 100644 docs/cucumber/test/QA/120/test-result.json
2026-02-27T21:25:08.1222545Z  create mode 100644 docs/cucumber/test/QA/120/test-result.xml
2026-02-27T21:25:08.1222974Z  create mode 100644 docs/cucumber/test/QA/120/trace/codicon.dcd00fb4.ttf
2026-02-27T21:25:08.1223428Z  create mode 100644 docs/cucumber/test/QA/120/trace/icon-16x16.png
2026-02-27T21:25:08.1223861Z  create mode 100644 docs/cucumber/test/QA/120/trace/icon-192x192.png
2026-02-27T21:25:08.1224294Z  create mode 100644 docs/cucumber/test/QA/120/trace/icon-256x256.png
2026-02-27T21:25:08.1224722Z  create mode 100644 docs/cucumber/test/QA/120/trace/icon-32x32.png
2026-02-27T21:25:08.1225148Z  create mode 100644 docs/cucumber/test/QA/120/trace/icon-384x384.png
2026-02-27T21:25:08.1225571Z  create mode 100644 docs/cucumber/test/QA/120/trace/icon-512x512.png
2026-02-27T21:25:08.1225986Z  create mode 100644 docs/cucumber/test/QA/120/trace/index.html
2026-02-27T21:25:08.1226399Z  create mode 100644 docs/cucumber/test/QA/120/trace/main.a5d7e729.css
2026-02-27T21:25:08.1227098Z  create mode 100644 docs/cucumber/test/QA/120/trace/main.ce7ea3d1.js
2026-02-27T21:25:08.1227524Z  create mode 100644 docs/cucumber/test/QA/120/trace/sw.bundle.js
2026-02-27T21:25:08.1227900Z  create mode 100644 docs/cucumber/test/QA/index.html
2026-02-27T21:25:08.1228496Z  create mode 100644 docs/cucumber/test/index.html
2026-02-27T21:25:08.1228929Z  create mode 100644 docs/index.html
2026-02-27T21:25:08.1229695Z ##[endgroup]
2026-02-27T21:25:08.1230177Z ##[group]Push the commit or tag
2026-02-27T21:25:08.1230534Z [command]/usr/bin/git push origin --force gh_pages
2026-02-27T21:25:10.5650101Z To https://github.com/PavanMudigonda/html-reporter-github-pages.git
2026-02-27T21:25:10.5651107Z  + c9f889f...c0e9c0b gh_pages -> gh_pages (forced update)
2026-02-27T21:25:10.5707731Z ##[endgroup]
2026-02-27T21:25:10.5708264Z [INFO] Action successfully completed
2026-02-27T21:25:10.5795681Z ##[group]Run #----------------------------------------------------------
2026-02-27T21:25:10.5796242Z [36;1m#----------------------------------------------------------[0m
2026-02-27T21:25:10.5796589Z [36;1m# GitHub Pages Site Configuration (consolidated)[0m
2026-02-27T21:25:10.5797387Z [36;1m#----------------------------------------------------------[0m
2026-02-27T21:25:10.5797679Z [36;1mset -e[0m
2026-02-27T21:25:10.5797873Z [36;1mIS_EXTERNAL="false"[0m
2026-02-27T21:25:10.5798116Z [36;1mif [[ -n "${EXTERNAL_REPO}" ]]; then[0m
2026-02-27T21:25:10.5798366Z [36;1m  IS_EXTERNAL="true"[0m
2026-02-27T21:25:10.5798703Z [36;1m  echo "Checking GitHub Pages configuration for external repository..."[0m
2026-02-27T21:25:10.5799050Z [36;1melse[0m
2026-02-27T21:25:10.5799270Z [36;1m  echo "Checking GitHub Pages configuration..."[0m
2026-02-27T21:25:10.5799535Z [36;1mfi[0m
2026-02-27T21:25:10.5799694Z [36;1m[0m
2026-02-27T21:25:10.5799844Z [36;1mgh api \[0m
2026-02-27T21:25:10.5800077Z [36;1m  -H "Accept: application/vnd.github+json" \[0m
2026-02-27T21:25:10.5800408Z [36;1m  -H "X-GitHub-Api-Version: 2022-11-28" \[0m
2026-02-27T21:25:10.5800772Z [36;1m  "/repos/${PAGES_REPO}/pages" --silent > gh-pages.txt 2>&1 || true;[0m
2026-02-27T21:25:10.5801104Z [36;1m[0m
2026-02-27T21:25:10.5801319Z [36;1mGH_SITE_MESSAGE=$(cat gh-pages.txt | xargs)[0m
2026-02-27T21:25:10.5801587Z [36;1m[0m
2026-02-27T21:25:10.5801851Z [36;1mif echo "${GH_SITE_MESSAGE}" | grep -q 'gh: Not Found (HTTP 404)'; then[0m
2026-02-27T21:25:10.5802260Z [36;1m  # GitHub Pages not configured - try to create it[0m
2026-02-27T21:25:10.5802694Z [36;1m  echo "::notice::GitHub Pages not yet configured, attempting to enable it via API"[0m
2026-02-27T21:25:10.5803077Z [36;1m  gh api \[0m
2026-02-27T21:25:10.5803273Z [36;1m    --method POST \[0m
2026-02-27T21:25:10.5803525Z [36;1m    -H "Accept: application/vnd.github+json" \[0m
2026-02-27T21:25:10.5803835Z [36;1m    -H "X-GitHub-Api-Version: 2022-11-28" \[0m
2026-02-27T21:25:10.5804114Z [36;1m    "/repos/${PAGES_REPO}/pages" \[0m
2026-02-27T21:25:10.5804621Z [36;1m     -f "source[branch]=${GH_PAGES_BRANCH}" -f "source[path]=${SOURCE_PATH}" --silent > gh-pages-site.json 2>&1 || true;[0m
2026-02-27T21:25:10.5805101Z [36;1m  [0m
2026-02-27T21:25:10.5805354Z [36;1m  GH_SITE_CREATION_MESSAGE=$(cat gh-pages-site.json | xargs)[0m
2026-02-27T21:25:10.5805808Z [36;1m  if echo "${GH_SITE_CREATION_MESSAGE}" | grep -q 'gh: Not Found (HTTP 404)'; then[0m
2026-02-27T21:25:10.5806464Z [36;1m    echo "::warning::API call to create GitHub Pages site failed (404). Please manually enable GitHub Pages in Settings -> Pages."[0m
2026-02-27T21:25:10.5807416Z [36;1m  elif echo "${GH_SITE_CREATION_MESSAGE}" | grep -q 'gh: Resource not accessible'; then[0m
2026-02-27T21:25:10.5808003Z [36;1m    echo "::warning::API call to create GitHub Pages site failed (403 - Insufficient permissions)."[0m
2026-02-27T21:25:10.5808460Z [36;1m    if [[ "${IS_EXTERNAL}" == "true" ]]; then[0m
2026-02-27T21:25:10.5809015Z [36;1m      echo "::warning::For external repositories, you must use a Personal Access Token (PAT) with 'repo' and 'pages: write' scopes."[0m
2026-02-27T21:25:10.5809897Z [36;1m      echo '::warning::Please provide: token: secrets.YOUR_GITHUB_PAT in your workflow file'[0m
2026-02-27T21:25:10.5810456Z [36;1m    else[0m
2026-02-27T21:25:10.5810943Z [36;1m      echo "::warning::To fix this, add 'pages: write' permission to your workflow, or manually enable GitHub Pages in Settings -> Pages."[0m
2026-02-27T21:25:10.5811476Z [36;1m    fi[0m
2026-02-27T21:25:10.5811643Z [36;1m  else[0m
2026-02-27T21:25:10.5811900Z [36;1m    echo "::notice::GitHub Pages configured successfully via API"[0m
2026-02-27T21:25:10.5812218Z [36;1m  fi;[0m
2026-02-27T21:25:10.5812382Z [36;1melse[0m
2026-02-27T21:25:10.5812620Z [36;1m  # GitHub Pages already exists - check its configuration[0m
2026-02-27T21:25:10.5812957Z [36;1m  echo "GitHub Pages already configured"[0m
2026-02-27T21:25:10.5813205Z [36;1m  [0m
2026-02-27T21:25:10.5813460Z [36;1m  # Check the build_type to determine if we should update[0m
2026-02-27T21:25:10.5813787Z [36;1m  if command -v jq &> /dev/null; then[0m
2026-02-27T21:25:10.5814159Z [36;1m    BUILD_TYPE=$(jq -r '.build_type // ""' gh-pages.txt 2>/dev/null || echo "")[0m
2026-02-27T21:25:10.5814644Z [36;1m  else[0m
2026-02-27T21:25:10.5814964Z [36;1m    BUILD_TYPE=$(awk -F'"' '/"build_type"/ {print $4}' gh-pages.txt 2>/dev/null || echo "")[0m
2026-02-27T21:25:10.5815333Z [36;1m  fi[0m
2026-02-27T21:25:10.5815492Z [36;1m  [0m
2026-02-27T21:25:10.5815737Z [36;1m  echo "Detected deployment method: ${BUILD_TYPE:-unknown}"[0m
2026-02-27T21:25:10.5816042Z [36;1m  [0m
2026-02-27T21:25:10.5816231Z [36;1m  if [ "$BUILD_TYPE" = "workflow" ]; then[0m
2026-02-27T21:25:10.5816603Z [36;1m    echo "::notice::GitHub Pages is using 'GitHub Actions' deployment method"[0m
2026-02-27T21:25:10.5817465Z [36;1m    echo "::notice::Source branch configuration is not applicable for Actions deployments"[0m
2026-02-27T21:25:10.5818028Z [36;1m    echo "::notice::Your deployment was successful via peaceiris/actions-gh-pages"[0m
2026-02-27T21:25:10.5818444Z [36;1m  elif [ "$BUILD_TYPE" = "legacy" ]; then[0m
2026-02-27T21:25:10.5818791Z [36;1m    echo "Updating GitHub Pages source branch configuration..."[0m
2026-02-27T21:25:10.5819120Z [36;1m    gh api \[0m
2026-02-27T21:25:10.5819318Z [36;1m      --method PUT \[0m
2026-02-27T21:25:10.5819572Z [36;1m      -H "Accept: application/vnd.github+json" \[0m
2026-02-27T21:25:10.5819886Z [36;1m      -H "X-GitHub-Api-Version: 2022-11-28" \[0m
2026-02-27T21:25:10.5820171Z [36;1m      "/repos/${PAGES_REPO}/pages" \[0m
2026-02-27T21:25:10.5820712Z [36;1m       -f "source[branch]=${GH_PAGES_BRANCH}" -f "source[path]=${SOURCE_PATH}" --silent > gh-pages-site.json 2>&1 || true;[0m
2026-02-27T21:25:10.5821206Z [36;1m    [0m
2026-02-27T21:25:10.5821464Z [36;1m    GH_SITE_UPDATE_MESSAGE=$(cat gh-pages-site.json | xargs)[0m
2026-02-27T21:25:10.5821911Z [36;1m    if echo "${GH_SITE_UPDATE_MESSAGE}" | grep -q 'gh: Not Found (HTTP 404)'; then[0m
2026-02-27T21:25:10.5822541Z [36;1m      echo "::warning::API call to update GitHub Pages site failed (404). The site should still work if already configured."[0m
2026-02-27T21:25:10.5823191Z [36;1m    elif echo "${GH_SITE_UPDATE_MESSAGE}" | grep -q 'gh: Resource not accessible'; then[0m
2026-02-27T21:25:10.5823771Z [36;1m      echo "::warning::API call to update GitHub Pages site failed (403 - Insufficient permissions)."[0m
2026-02-27T21:25:10.5824230Z [36;1m      if [[ "${IS_EXTERNAL}" == "true" ]]; then[0m
2026-02-27T21:25:10.5824708Z [36;1m        echo "::warning::For external repositories, ensure your PAT has 'repo' and 'pages: write' scopes."[0m
2026-02-27T21:25:10.5825154Z [36;1m      else[0m
2026-02-27T21:25:10.5825474Z [36;1m        echo "::warning::To fix this, add 'pages: write' permission to your workflow."[0m
2026-02-27T21:25:10.5825841Z [36;1m      fi[0m
2026-02-27T21:25:10.5826207Z [36;1m      echo "::notice::Your deployment was successful, but source branch settings were not updated"[0m
2026-02-27T21:25:10.5826768Z [36;1m    else[0m
2026-02-27T21:25:10.5827677Z [36;1m      echo "::notice::GitHub Pages source branch updated successfully"[0m
2026-02-27T21:25:10.5828035Z [36;1m    fi[0m
2026-02-27T21:25:10.5828195Z [36;1m  else[0m
2026-02-27T21:25:10.5828493Z [36;1m    echo "::notice::GitHub Pages deployment method is unknown or not detected"[0m
2026-02-27T21:25:10.5829051Z [36;1m    echo "::notice::Your content has been deployed successfully via peaceiris/actions-gh-pages"[0m
2026-02-27T21:25:10.5829728Z [36;1m    echo "::notice::If this is the first deployment, you may need to manually enable GitHub Pages in Settings → Pages"[0m
2026-02-27T21:25:10.5830220Z [36;1m  fi[0m
2026-02-27T21:25:10.5830377Z [36;1mfi;[0m
2026-02-27T21:25:10.5830533Z [36;1m[0m
2026-02-27T21:25:10.5830729Z [36;1m# Get and display the GitHub Pages URL[0m
2026-02-27T21:25:10.5831442Z [36;1mREPORT_URL=$(gh api -H "Accept: application/vnd.github+json" -H "X-GitHub-Api-Version: 2022-11-28" "/repos/${PAGES_REPO}/pages" --jq '.html_url' 2>/dev/null | xargs || echo "")[0m
2026-02-27T21:25:10.5832262Z [36;1m# Validate the response is a real URL (not a 403 error JSON body)[0m
2026-02-27T21:25:10.5832984Z [36;1mif [[ -n "$REPORT_URL" && "$REPORT_URL" == http* && "$REPORT_URL" != *"Resource not accessible"* ]]; then[0m
2026-02-27T21:25:10.5833421Z [36;1m  REPORT_URL="${REPORT_URL%/}"[0m
2026-02-27T21:25:10.5833699Z [36;1m  echo "Your GitHub Pages URL: $REPORT_URL"[0m
2026-02-27T21:25:10.5833954Z [36;1melse[0m
2026-02-27T21:25:10.5834153Z [36;1m  if [[ "${IS_EXTERNAL}" == "true" ]]; then[0m
2026-02-27T21:25:10.5834422Z [36;1m    EXT_OWNER="${EXTERNAL_REPO%%/*}"[0m
2026-02-27T21:25:10.5834694Z [36;1m    EXT_NAME="${EXTERNAL_REPO##*/}"[0m
2026-02-27T21:25:10.5835025Z [36;1m    FALLBACK_URL="https://${EXT_OWNER}.github.io/${EXT_NAME}"[0m
2026-02-27T21:25:10.5835339Z [36;1m  else[0m
2026-02-27T21:25:10.5835597Z [36;1m    FALLBACK_URL="https://${REPO_OWNER}.github.io/${REPO_NAME}"[0m
2026-02-27T21:25:10.5835913Z [36;1m  fi[0m
2026-02-27T21:25:10.5836179Z [36;1m  echo "::notice::GitHub Pages URL (constructed): ${FALLBACK_URL}"[0m
2026-02-27T21:25:10.5836705Z [36;1m  echo "::notice::To get the exact URL via API, add 'pages: write' to your workflow permissions block."[0m
2026-02-27T21:25:10.5837436Z [36;1mfi[0m
2026-02-27T21:25:10.5837596Z [36;1m[0m
2026-02-27T21:25:10.5837767Z [36;1m# Clean up temp files[0m
2026-02-27T21:25:10.5838019Z [36;1mrm -f gh-pages.txt gh-pages-site.json[0m
2026-02-27T21:25:10.5888147Z shell: /usr/bin/bash --noprofile --norc -e -o pipefail {0}
2026-02-27T21:25:10.5888465Z env:
2026-02-27T21:25:10.5888708Z   pythonLocation: /opt/hostedtoolcache/Python/3.13.12/x64
2026-02-27T21:25:10.5889110Z   PKG_CONFIG_PATH: /opt/hostedtoolcache/Python/3.13.12/x64/lib/pkgconfig
2026-02-27T21:25:10.5889499Z   Python_ROOT_DIR: /opt/hostedtoolcache/Python/3.13.12/x64
2026-02-27T21:25:10.5889849Z   Python2_ROOT_DIR: /opt/hostedtoolcache/Python/3.13.12/x64
2026-02-27T21:25:10.5890214Z   Python3_ROOT_DIR: /opt/hostedtoolcache/Python/3.13.12/x64
2026-02-27T21:25:10.5890580Z   LD_LIBRARY_PATH: /opt/hostedtoolcache/Python/3.13.12/x64/lib
2026-02-27T21:25:10.5891008Z   REPORT_URL: https://pavanmudigonda.github.io/html-reporter-github-pages
2026-02-27T21:25:10.5891384Z   GH_PAGES: gh_pages/docs/cucumber/test/QA
2026-02-27T21:25:10.5891852Z   GITHUB_PAGES_WEBSITE_URL: https://pavanmudigonda.github.io/html-reporter-github-pages/cucumber/test/QA
2026-02-27T21:25:10.5892476Z   GH_TOKEN: ***
2026-02-27T21:25:10.5892725Z   PAGES_REPO: PavanMudigonda/html-reporter-github-pages
2026-02-27T21:25:10.5893018Z   SOURCE_PATH: /docs
2026-02-27T21:25:10.5893216Z   GH_PAGES_BRANCH: gh_pages
2026-02-27T21:25:10.5893412Z   EXTERNAL_REPO: 
2026-02-27T21:25:10.5893601Z   REPO_OWNER: PavanMudigonda
2026-02-27T21:25:10.5893836Z   REPO_NAME: html-reporter-github-pages
2026-02-27T21:25:10.5894072Z ##[endgroup]
2026-02-27T21:25:10.5969173Z Checking GitHub Pages configuration...
2026-02-27T21:25:10.7838059Z GitHub Pages already configured
2026-02-27T21:25:10.7872573Z Detected deployment method: unknown
2026-02-27T21:25:10.7874319Z ##[notice]GitHub Pages deployment method is unknown or not detected
2026-02-27T21:25:10.7875753Z ##[notice]Your content has been deployed successfully via peaceiris/actions-gh-pages
2026-02-27T21:25:10.7877719Z ##[notice]If this is the first deployment, you may need to manually enable GitHub Pages in Settings → Pages
2026-02-27T21:25:10.9970583Z Your GitHub Pages URL: https://pavanmudigonda.github.io/html-reporter-github-pages
