2026-02-27T21:24:37.3863067Z Current runner version: '2.331.0'
2026-02-27T21:24:37.3889883Z ##[group]Runner Image Provisioner
2026-02-27T21:24:37.3890755Z Hosted Compute Agent
2026-02-27T21:24:37.3891368Z Version: 20260213.493
2026-02-27T21:24:37.3891929Z Commit: 5c115507f6dd24b8de37d8bbe0bb4509d0cc0fa3
2026-02-27T21:24:37.3892701Z Build Date: 2026-02-13T00:28:41Z
2026-02-27T21:24:37.3893373Z Worker ID: {5348fa7a-bc69-409c-9da6-e2b8860c746e}
2026-02-27T21:24:37.3894069Z Azure Region: northcentralus
2026-02-27T21:24:37.3894711Z ##[endgroup]
2026-02-27T21:24:37.3896431Z ##[group]Operating System
2026-02-27T21:24:37.3897223Z Ubuntu
2026-02-27T21:24:37.3897783Z 24.04.3
2026-02-27T21:24:37.3898251Z LTS
2026-02-27T21:24:37.3898712Z ##[endgroup]
2026-02-27T21:24:37.3899280Z ##[group]Runner Image
2026-02-27T21:24:37.3899839Z Image: ubuntu-24.04
2026-02-27T21:24:37.3900312Z Version: 20260224.36.1
2026-02-27T21:24:37.3901561Z Included Software: https://github.com/actions/runner-images/blob/ubuntu24/20260224.36/images/ubuntu/Ubuntu2404-Readme.md
2026-02-27T21:24:37.3902989Z Image Release: https://github.com/actions/runner-images/releases/tag/ubuntu24%2F20260224.36
2026-02-27T21:24:37.3903898Z ##[endgroup]
2026-02-27T21:24:37.3904948Z ##[group]GITHUB_TOKEN Permissions
2026-02-27T21:24:37.3907370Z Contents: write
2026-02-27T21:24:37.3907969Z Metadata: read
2026-02-27T21:24:37.3908489Z Pages: write
2026-02-27T21:24:37.3909077Z ##[endgroup]
2026-02-27T21:24:37.3911127Z Secret source: Actions
2026-02-27T21:24:37.3912112Z Prepare workflow directory
2026-02-27T21:24:37.4252870Z Prepare all required actions
2026-02-27T21:24:37.4291924Z Getting action download info
2026-02-27T21:24:38.1152772Z Download action repository 'actions/checkout@v6.0.1' (SHA:8e8c483db84b4bee98b60c0593521ed34d9990e8)
2026-02-27T21:24:38.2431107Z Download action repository 'actions/setup-node@v6.1.0' (SHA:395ad3262231945c25e8478fd5baf05154b1d79f)
2026-02-27T21:24:38.4616205Z Download action repository 'PavanMudigonda/html-reporter-github-pages@v1.5.13' (SHA:924d52595e4f24e7cade55806c329acf64661c94)
2026-02-27T21:24:39.1920201Z Getting action download info
2026-02-27T21:24:39.4404864Z Download action repository 'actions/setup-python@v6.2.0' (SHA:a309ff8b426b58ec0e2a45f0f869d46889d02405)
2026-02-27T21:24:39.5174978Z Download action repository 'sersoft-gmbh/setup-gh-cli-action@v2.0.1' (SHA:2d02c06e284b7d55e954d6d6406e7a886f45a818)
2026-02-27T21:24:39.8752202Z Download action repository 'actions/setup-java@v4.2.1' (SHA:99b8673ff64fbf99d8d325f52d9a5bdedb8483e9)
2026-02-27T21:24:40.3290915Z Download action repository 'actions/checkout@v5.0.0' (SHA:08c6903cd8c0fde910a37f88322edcfb5dd907a8)
2026-02-27T21:24:40.3708843Z Download action repository 'peaceiris/actions-gh-pages@v4.0.0' (SHA:4f9cc6602d3f66b9c108549d475ec49e8ef4d45e)
2026-02-27T21:24:41.0223428Z Complete job name: test
2026-02-27T21:24:41.0959389Z ##[group]Run actions/checkout@v6.0.1
2026-02-27T21:24:41.0960648Z with:
2026-02-27T21:24:41.0961538Z   repository: PavanMudigonda/html-reporter-github-pages
2026-02-27T21:24:41.0962893Z   token: ***
2026-02-27T21:24:41.0963623Z   ssh-strict: true
2026-02-27T21:24:41.0964355Z   ssh-user: git
2026-02-27T21:24:41.0965084Z   persist-credentials: true
2026-02-27T21:24:41.0965902Z   clean: true
2026-02-27T21:24:41.0966642Z   sparse-checkout-cone-mode: true
2026-02-27T21:24:41.0967774Z   fetch-depth: 1
2026-02-27T21:24:41.0968486Z   fetch-tags: false
2026-02-27T21:24:41.0969223Z   show-progress: true
2026-02-27T21:24:41.0969965Z   lfs: false
2026-02-27T21:24:41.0970631Z   submodules: false
2026-02-27T21:24:41.0971376Z   set-safe-directory: true
2026-02-27T21:24:41.0972461Z ##[endgroup]
2026-02-27T21:24:41.1944074Z Syncing repository: PavanMudigonda/html-reporter-github-pages
2026-02-27T21:24:41.1946706Z ##[group]Getting Git version info
2026-02-27T21:24:41.1948906Z Working directory is '/home/runner/work/html-reporter-github-pages/html-reporter-github-pages'
2026-02-27T21:24:41.1951223Z [command]/usr/bin/git version
2026-02-27T21:24:41.2034199Z git version 2.53.0
2026-02-27T21:24:41.2057456Z ##[endgroup]
2026-02-27T21:24:41.2073940Z Temporarily overriding HOME='/home/runner/work/_temp/e80862c5-bf08-4372-b729-4753bdb65b4a' before making global git config changes
2026-02-27T21:24:41.2077753Z Adding repository directory to the temporary git global config as a safe directory
2026-02-27T21:24:41.2081811Z [command]/usr/bin/git config --global --add safe.directory /home/runner/work/html-reporter-github-pages/html-reporter-github-pages
2026-02-27T21:24:41.2124474Z Deleting the contents of '/home/runner/work/html-reporter-github-pages/html-reporter-github-pages'
2026-02-27T21:24:41.2127900Z ##[group]Initializing the repository
2026-02-27T21:24:41.2133519Z [command]/usr/bin/git init /home/runner/work/html-reporter-github-pages/html-reporter-github-pages
2026-02-27T21:24:41.2251108Z hint: Using 'master' as the name for the initial branch. This default branch name
2026-02-27T21:24:41.2252999Z hint: will change to "main" in Git 3.0. To configure the initial branch name
2026-02-27T21:24:41.2255167Z hint: to use in all of your new repositories, which will suppress this warning,
2026-02-27T21:24:41.2257318Z hint: call:
2026-02-27T21:24:41.2258079Z hint:
2026-02-27T21:24:41.2258954Z hint: 	git config --global init.defaultBranch <name>
2026-02-27T21:24:41.2260025Z hint:
2026-02-27T21:24:41.2261544Z hint: Names commonly chosen instead of 'master' are 'main', 'trunk' and
2026-02-27T21:24:41.2263410Z hint: 'development'. The just-created branch can be renamed via this command:
2026-02-27T21:24:41.2264717Z hint:
2026-02-27T21:24:41.2265424Z hint: 	git branch -m <name>
2026-02-27T21:24:41.2267014Z hint:
2026-02-27T21:24:41.2268189Z hint: Disable this message with "git config set advice.defaultBranchName false"
2026-02-27T21:24:41.2270448Z Initialized empty Git repository in /home/runner/work/html-reporter-github-pages/html-reporter-github-pages/.git/
2026-02-27T21:24:41.2274200Z [command]/usr/bin/git remote add origin https://github.com/PavanMudigonda/html-reporter-github-pages
2026-02-27T21:24:41.2309396Z ##[endgroup]
2026-02-27T21:24:41.2310724Z ##[group]Disabling automatic garbage collection
2026-02-27T21:24:41.2312742Z [command]/usr/bin/git config --local gc.auto 0
2026-02-27T21:24:41.2344530Z ##[endgroup]
2026-02-27T21:24:41.2345756Z ##[group]Setting up auth
2026-02-27T21:24:41.2346674Z Removing SSH command configuration
2026-02-27T21:24:41.2351227Z [command]/usr/bin/git config --local --name-only --get-regexp core\.sshCommand
2026-02-27T21:24:41.2386495Z [command]/usr/bin/git submodule foreach --recursive sh -c "git config --local --name-only --get-regexp 'core\.sshCommand' && git config --local --unset-all 'core.sshCommand' || :"
2026-02-27T21:24:41.2749236Z Removing HTTP extra header
2026-02-27T21:24:41.2755673Z [command]/usr/bin/git config --local --name-only --get-regexp http\.https\:\/\/github\.com\/\.extraheader
2026-02-27T21:24:41.2790324Z [command]/usr/bin/git submodule foreach --recursive sh -c "git config --local --name-only --get-regexp 'http\.https\:\/\/github\.com\/\.extraheader' && git config --local --unset-all 'http.https://github.com/.extraheader' || :"
2026-02-27T21:24:41.3019446Z Removing includeIf entries pointing to credentials config files
2026-02-27T21:24:41.3024946Z [command]/usr/bin/git config --local --name-only --get-regexp ^includeIf\.gitdir:
2026-02-27T21:24:41.3056741Z [command]/usr/bin/git submodule foreach --recursive git config --local --show-origin --name-only --get-regexp remote.origin.url
2026-02-27T21:24:41.3293955Z [command]/usr/bin/git config --file /home/runner/work/_temp/git-credentials-d28ca94f-df1d-4935-936c-d7cd3e71842e.config http.https://github.com/.extraheader AUTHORIZATION: basic ***
2026-02-27T21:24:41.3333125Z [command]/usr/bin/git config --local includeIf.gitdir:/home/runner/work/html-reporter-github-pages/html-reporter-github-pages/.git.path /home/runner/work/_temp/git-credentials-d28ca94f-df1d-4935-936c-d7cd3e71842e.config
2026-02-27T21:24:41.3364989Z [command]/usr/bin/git config --local includeIf.gitdir:/home/runner/work/html-reporter-github-pages/html-reporter-github-pages/.git/worktrees/*.path /home/runner/work/_temp/git-credentials-d28ca94f-df1d-4935-936c-d7cd3e71842e.config
2026-02-27T21:24:41.3395813Z [command]/usr/bin/git config --local includeIf.gitdir:/github/workspace/.git.path /github/runner_temp/git-credentials-d28ca94f-df1d-4935-936c-d7cd3e71842e.config
2026-02-27T21:24:41.3427370Z [command]/usr/bin/git config --local includeIf.gitdir:/github/workspace/.git/worktrees/*.path /github/runner_temp/git-credentials-d28ca94f-df1d-4935-936c-d7cd3e71842e.config
2026-02-27T21:24:41.3455351Z ##[endgroup]
2026-02-27T21:24:41.3457615Z ##[group]Fetching the repository
2026-02-27T21:24:41.3464427Z [command]/usr/bin/git -c protocol.version=2 fetch --no-tags --prune --no-recurse-submodules --depth=1 origin +d670529bac95a974e939642ed9f46ec8629363e4:refs/remotes/origin/main
2026-02-27T21:24:41.6918151Z From https://github.com/PavanMudigonda/html-reporter-github-pages
2026-02-27T21:24:41.6919996Z  * [new ref]         d670529bac95a974e939642ed9f46ec8629363e4 -> origin/main
2026-02-27T21:24:41.6955792Z ##[endgroup]
2026-02-27T21:24:41.6957615Z ##[group]Determining the checkout info
2026-02-27T21:24:41.6959097Z ##[endgroup]
2026-02-27T21:24:41.6962820Z [command]/usr/bin/git sparse-checkout disable
2026-02-27T21:24:41.7009244Z [command]/usr/bin/git config --local --unset-all extensions.worktreeConfig
2026-02-27T21:24:41.7040985Z ##[group]Checking out the ref
2026-02-27T21:24:41.7044392Z [command]/usr/bin/git checkout --progress --force -B main refs/remotes/origin/main
2026-02-27T21:24:41.7243497Z Switched to a new branch 'main'
2026-02-27T21:24:41.7247122Z branch 'main' set up to track 'origin/main'.
2026-02-27T21:24:41.7253376Z ##[endgroup]
2026-02-27T21:24:41.7288876Z [command]/usr/bin/git log -1 --format=%H
2026-02-27T21:24:41.7313435Z d670529bac95a974e939642ed9f46ec8629363e4
2026-02-27T21:24:41.7612161Z ##[group]Run actions/setup-node@v6.1.0
2026-02-27T21:24:41.7613117Z with:
2026-02-27T21:24:41.7613773Z   node-version: lts/*
2026-02-27T21:24:41.7614532Z   check-latest: false
2026-02-27T21:24:41.7615546Z   token: ***
2026-02-27T21:24:41.7616272Z   package-manager-cache: true
2026-02-27T21:24:41.7617277Z ##[endgroup]
2026-02-27T21:24:41.9026992Z Attempt to resolve LTS alias from manifest...
2026-02-27T21:24:41.9190892Z (node:2221) [DEP0040] DeprecationWarning: The `punycode` module is deprecated. Please use a userland alternative instead.
2026-02-27T21:24:41.9194054Z (Use `node --trace-deprecation ...` to show where the warning was created)
2026-02-27T21:24:42.4088297Z Found in cache @ /opt/hostedtoolcache/node/24.13.1/x64
2026-02-27T21:24:42.4093402Z ##[group]Environment details
2026-02-27T21:24:44.8904743Z node: v24.13.1
2026-02-27T21:24:44.8905109Z npm: 11.8.0
2026-02-27T21:24:44.8905288Z yarn: 1.22.22
2026-02-27T21:24:44.8905907Z ##[endgroup]
2026-02-27T21:24:44.9639462Z ##[group]Run PavanMudigonda/html-reporter-github-pages@v1.5.13
2026-02-27T21:24:44.9639827Z with:
2026-02-27T21:24:44.9640013Z   test_results: test-results
2026-02-27T21:24:44.9640231Z   keep_reports: 20
2026-02-27T21:24:44.9640421Z   gh_pages: gh_pages
2026-02-27T21:24:44.9640624Z   subfolder: docs
2026-02-27T21:24:44.9640801Z   tool_name: cucumber
2026-02-27T21:24:44.9640984Z   workflow_name: test
2026-02-27T21:24:44.9641162Z   env: QA
2026-02-27T21:24:44.9641328Z   use_actions_summary: true
2026-02-27T21:24:44.9641665Z   token: ***
2026-02-27T21:24:44.9641878Z   results_history: results-history
2026-02-27T21:24:44.9642107Z   github_run_num: 120
2026-02-27T21:24:44.9642300Z   github_run_id: 22504364968
2026-02-27T21:24:44.9642583Z   github_repo: PavanMudigonda/html-reporter-github-pages
2026-02-27T21:24:44.9642894Z   order: descending
2026-02-27T21:24:44.9643102Z   allure_report_generate_flag: false
2026-02-27T21:24:44.9643340Z   force_orphan: true
2026-02-27T21:24:44.9643557Z ##[endgroup]
2026-02-27T21:24:44.9755426Z ##[group]Run actions/setup-python@v6.2.0
2026-02-27T21:24:44.9755683Z with:
2026-02-27T21:24:44.9755876Z   python-version: 3.13
2026-02-27T21:24:44.9756084Z   check-latest: false
2026-02-27T21:24:44.9756370Z   token: ***
2026-02-27T21:24:44.9756723Z   update-environment: true
2026-02-27T21:24:44.9757156Z   allow-prereleases: false
2026-02-27T21:24:44.9757415Z   freethreaded: false
2026-02-27T21:24:44.9757610Z ##[endgroup]
2026-02-27T21:24:45.1013046Z ##[group]Installed versions
2026-02-27T21:24:45.1115737Z Successfully set up CPython (3.13.12)
2026-02-27T21:24:45.1116386Z ##[endgroup]
2026-02-27T21:24:45.1217789Z ##[group]Run set -e
2026-02-27T21:24:45.1218137Z [36;1mset -e[0m
2026-02-27T21:24:45.1218402Z [36;1mecho "::group::Validating action inputs"[0m
2026-02-27T21:24:45.1218685Z [36;1m[0m
2026-02-27T21:24:45.1218950Z [36;1m# Validate keep_reports is a positive integer (minimum 1)[0m
2026-02-27T21:24:45.1219347Z [36;1mif ! [[ "20" =~ ^[0-9]+$ ]] || [[ "20" -lt 1 ]]; then[0m
2026-02-27T21:24:45.1219765Z [36;1m  echo "::error::keep_reports must be a positive integer (minimum 1), got: 20"[0m
2026-02-27T21:24:45.1220163Z [36;1m  exit 1[0m
2026-02-27T21:24:45.1220331Z [36;1mfi[0m
2026-02-27T21:24:45.1220491Z [36;1m[0m
2026-02-27T21:24:45.1220675Z [36;1m# Validate order parameter[0m
2026-02-27T21:24:45.1221029Z [36;1mif [[ "descending" != "ascending" && "descending" != "descending" ]]; then[0m
2026-02-27T21:24:45.1221511Z [36;1m  echo "::error::order must be 'ascending' or 'descending', got: descending"[0m
2026-02-27T21:24:45.1221873Z [36;1m  exit 1[0m
2026-02-27T21:24:45.1222049Z [36;1mfi[0m
2026-02-27T21:24:45.1222201Z [36;1m[0m
2026-02-27T21:24:45.1222403Z [36;1m# Validate test_results directory exists[0m
2026-02-27T21:24:45.1222696Z [36;1mif [ ! -d "test-results" ]; then[0m
2026-02-27T21:24:45.1223030Z [36;1m  echo "::error::test_results directory not found: test-results"[0m
2026-02-27T21:24:45.1223355Z [36;1m  exit 1[0m
2026-02-27T21:24:45.1223538Z [36;1mfi[0m
2026-02-27T21:24:45.1223698Z [36;1m[0m
2026-02-27T21:24:45.1223925Z [36;1m# Validate subfolder doesn't contain dangerous paths[0m
2026-02-27T21:24:45.1224234Z [36;1mif [[ "docs" == *..* ]]; then[0m
2026-02-27T21:24:45.1224606Z [36;1m  echo "::error::subfolder cannot contain '..' (parent directory references)"[0m
2026-02-27T21:24:45.1224990Z [36;1m  exit 1[0m
2026-02-27T21:24:45.1225153Z [36;1mfi[0m
2026-02-27T21:24:45.1225306Z [36;1m[0m
2026-02-27T21:24:45.1225462Z [36;1mif [[ "docs" == /* ]]; then[0m
2026-02-27T21:24:45.1225821Z [36;1m  echo "::error::subfolder cannot be an absolute path (cannot start with '/')"[0m
2026-02-27T21:24:45.1226275Z [36;1m  exit 1[0m
2026-02-27T21:24:45.1226470Z [36;1mfi[0m
2026-02-27T21:24:45.1226627Z [36;1m[0m
2026-02-27T21:24:45.1227149Z [36;1m# Validate allure_report_generate_flag is a boolean[0m
2026-02-27T21:24:45.1227511Z [36;1mif [[ "false" != "true" && "false" != "false" ]]; then[0m
2026-02-27T21:24:45.1228155Z [36;1m  echo "::error::allure_report_generate_flag must be 'true' or 'false', got: false"[0m
2026-02-27T21:24:45.1228551Z [36;1m  exit 1[0m
2026-02-27T21:24:45.1228721Z [36;1mfi[0m
2026-02-27T21:24:45.1228876Z [36;1m[0m
2026-02-27T21:24:45.1229081Z [36;1m# Validate use_actions_summary is a boolean[0m
2026-02-27T21:24:45.1229414Z [36;1mif [[ "true" != "true" && "true" != "false" ]]; then[0m
2026-02-27T21:24:45.1229805Z [36;1m  echo "::error::use_actions_summary must be 'true' or 'false', got: true"[0m
2026-02-27T21:24:45.1230155Z [36;1m  exit 1[0m
2026-02-27T21:24:45.1230320Z [36;1mfi[0m
2026-02-27T21:24:45.1230475Z [36;1m[0m
2026-02-27T21:24:45.1230677Z [36;1m# Warn about external_repository usage[0m
2026-02-27T21:24:45.1230942Z [36;1mif [[ -n "" ]]; then[0m
2026-02-27T21:24:45.1231377Z [36;1m  echo "::warning::Using external_repository requires a Personal Access Token (PAT) with 'repo' scope."[0m
2026-02-27T21:24:45.1232036Z [36;1m  echo '::warning::Make sure you provide: token: secrets.YOUR_GITHUB_PAT in your workflow file'[0m
2026-02-27T21:24:45.1232623Z [36;1m  echo "::warning::The default GITHUB_TOKEN cannot push to external repositories."[0m
2026-02-27T21:24:45.1232994Z [36;1mfi[0m
2026-02-27T21:24:45.1233152Z [36;1m[0m
2026-02-27T21:24:45.1233490Z [36;1mecho "✅ All input validations passed"[0m
2026-02-27T21:24:45.1233764Z [36;1mecho "::endgroup::"[0m
2026-02-27T21:24:45.1298013Z shell: /usr/bin/bash --noprofile --norc -e -o pipefail {0}
2026-02-27T21:24:45.1298354Z env:
2026-02-27T21:24:45.1298596Z   pythonLocation: /opt/hostedtoolcache/Python/3.13.12/x64
2026-02-27T21:24:45.1299018Z   PKG_CONFIG_PATH: /opt/hostedtoolcache/Python/3.13.12/x64/lib/pkgconfig
2026-02-27T21:24:45.1299436Z   Python_ROOT_DIR: /opt/hostedtoolcache/Python/3.13.12/x64
2026-02-27T21:24:45.1299805Z   Python2_ROOT_DIR: /opt/hostedtoolcache/Python/3.13.12/x64
2026-02-27T21:24:45.1300172Z   Python3_ROOT_DIR: /opt/hostedtoolcache/Python/3.13.12/x64
2026-02-27T21:24:45.1300559Z   LD_LIBRARY_PATH: /opt/hostedtoolcache/Python/3.13.12/x64/lib
2026-02-27T21:24:45.1300861Z ##[endgroup]
2026-02-27T21:24:45.1409030Z ##[group]Validating action inputs
2026-02-27T21:24:45.1412150Z ✅ All input validations passed
2026-02-27T21:24:45.1412967Z ##[endgroup]
2026-02-27T21:24:45.1450197Z ##[group]Run sersoft-gmbh/setup-gh-cli-action@v2.0.1
2026-02-27T21:24:45.1450517Z with:
2026-02-27T21:24:45.1450695Z   version: stable
2026-02-27T21:24:45.1451052Z   github-token: ***
2026-02-27T21:24:45.1451238Z env:
2026-02-27T21:24:45.1451484Z   pythonLocation: /opt/hostedtoolcache/Python/3.13.12/x64
2026-02-27T21:24:45.1451901Z   PKG_CONFIG_PATH: /opt/hostedtoolcache/Python/3.13.12/x64/lib/pkgconfig
2026-02-27T21:24:45.1452305Z   Python_ROOT_DIR: /opt/hostedtoolcache/Python/3.13.12/x64
2026-02-27T21:24:45.1452659Z   Python2_ROOT_DIR: /opt/hostedtoolcache/Python/3.13.12/x64
2026-02-27T21:24:45.1453014Z   Python3_ROOT_DIR: /opt/hostedtoolcache/Python/3.13.12/x64
2026-02-27T21:24:45.1453390Z   LD_LIBRARY_PATH: /opt/hostedtoolcache/Python/3.13.12/x64/lib
2026-02-27T21:24:45.1453685Z ##[endgroup]
2026-02-27T21:24:45.2329684Z ##[group]Validate input
2026-02-27T21:24:45.2331683Z ##[endgroup]
2026-02-27T21:24:45.2332631Z ##[group]Checking cache
2026-02-27T21:24:45.2334379Z ##[endgroup]
2026-02-27T21:24:45.2334802Z ##[group]Fetching release
2026-02-27T21:24:45.4896054Z ##[endgroup]
2026-02-27T21:24:45.4896709Z ##[group]Installing release
2026-02-27T21:24:45.7384270Z [command]/usr/bin/tar xz --warning=no-unknown-keyword --overwrite -C /home/runner/work/_temp/43854824-ae4d-4e64-ad79-a4f926545fa1 -f /home/runner/work/_temp/294d6c18-4530-454b-a9b6-f0a5fedbe98f
2026-02-27T21:24:46.1110134Z ##[endgroup]
2026-02-27T21:24:46.1110745Z ##[group]Checking installation
2026-02-27T21:24:46.1133298Z [command]/opt/hostedtoolcache/gh/gh-cli/2.87.3/bin/gh version
2026-02-27T21:24:46.1433451Z gh version 2.87.3 (2026-02-23)
2026-02-27T21:24:46.1434096Z https://github.com/cli/cli/releases/tag/v2.87.3
2026-02-27T21:24:46.1454848Z ##[endgroup]
2026-02-27T21:24:46.1571757Z ##[group]Run set -e
2026-02-27T21:24:46.1572039Z [36;1mset -e[0m
2026-02-27T21:24:46.1572277Z [36;1mCURRENT_BRANCH=$(git branch --show-current)[0m
2026-02-27T21:24:46.1572674Z [36;1m# Fallback to SHA if in detached HEAD state (common in GitHub Actions)[0m
2026-02-27T21:24:46.1573056Z [36;1mif [[ -z "$CURRENT_BRANCH" ]]; then[0m
2026-02-27T21:24:46.1573331Z [36;1m  CURRENT_REF=$(git rev-parse HEAD)[0m
2026-02-27T21:24:46.1573679Z [36;1m  echo "In detached HEAD state, will restore to commit: $CURRENT_REF"[0m
2026-02-27T21:24:46.1574015Z [36;1melse[0m
2026-02-27T21:24:46.1574198Z [36;1m  CURRENT_REF="$CURRENT_BRANCH"[0m
2026-02-27T21:24:46.1574478Z [36;1m  echo "Current branch: $CURRENT_BRANCH"[0m
2026-02-27T21:24:46.1574733Z [36;1mfi[0m
2026-02-27T21:24:46.1574897Z [36;1mSTASHED=false[0m
2026-02-27T21:24:46.1575117Z [36;1mif [[ -n $(git status -s) ]]; then[0m
2026-02-27T21:24:46.1575442Z [36;1m  git stash push --keep-index --include-untracked || true[0m
2026-02-27T21:24:46.1575769Z [36;1m  STASHED=true[0m
2026-02-27T21:24:46.1575967Z [36;1mfi;[0m
2026-02-27T21:24:46.1576134Z [36;1m[0m
2026-02-27T21:24:46.1576413Z [36;1m# Check if the remote branch exists (use token for private repo support)[0m
2026-02-27T21:24:46.1577511Z [36;1mif git ls-remote --exit-code --heads "https://x-access-token:${GITHUB_TOKEN}@github.com/PavanMudigonda/html-reporter-github-pages.git" "gh_pages"; then[0m
2026-02-27T21:24:46.1578383Z [36;1m  echo "REMOTE BRANCH EXISTS"[0m
2026-02-27T21:24:46.1578612Z [36;1melse[0m
2026-02-27T21:24:46.1578845Z [36;1m  git config --local user.email "$GIT_USER_EMAIL"[0m
2026-02-27T21:24:46.1579173Z [36;1m  git config --local user.name "$GIT_USER_NAME"[0m
2026-02-27T21:24:46.1579474Z [36;1m  git switch --orphan "gh_pages"[0m
2026-02-27T21:24:46.1579714Z [36;1m  git add .[0m
2026-02-27T21:24:46.1579988Z [36;1m  git commit --allow-empty -m "Initial commit on orphan branch"[0m
2026-02-27T21:24:46.1580350Z [36;1m  git config --global pull.rebase true[0m
2026-02-27T21:24:46.1580664Z [36;1m  # Configure git to use token for authentication[0m
2026-02-27T21:24:46.1581260Z [36;1m  git remote set-url origin "https://x-access-token:${GITHUB_TOKEN}@github.com/PavanMudigonda/html-reporter-github-pages.git"[0m
2026-02-27T21:24:46.1581827Z [36;1m  git push -u origin "gh_pages"[0m
2026-02-27T21:24:46.1582062Z [36;1mfi;[0m
2026-02-27T21:24:46.1582220Z [36;1m[0m
2026-02-27T21:24:46.1582420Z [36;1m# Switch back to the original branch or commit[0m
2026-02-27T21:24:46.1582710Z [36;1mgit checkout "$CURRENT_REF"[0m
2026-02-27T21:24:46.1582923Z [36;1m[0m
2026-02-27T21:24:46.1583103Z [36;1m# Restore the stash if there was one[0m
2026-02-27T21:24:46.1583359Z [36;1mif [[ "$STASHED" == true ]]; then[0m
2026-02-27T21:24:46.1583627Z [36;1m  if git stash list | grep -q "WIP"; then[0m
2026-02-27T21:24:46.1583897Z [36;1m    git stash pop || true[0m
2026-02-27T21:24:46.1584108Z [36;1m  else[0m
2026-02-27T21:24:46.1584310Z [36;1m    echo "No stash entries found."[0m
2026-02-27T21:24:46.1584553Z [36;1m  fi[0m
2026-02-27T21:24:46.1584712Z [36;1mfi;[0m
2026-02-27T21:24:46.1635995Z shell: /usr/bin/bash --noprofile --norc -e -o pipefail {0}
2026-02-27T21:24:46.1636310Z env:
2026-02-27T21:24:46.1636556Z   pythonLocation: /opt/hostedtoolcache/Python/3.13.12/x64
2026-02-27T21:24:46.1637240Z   PKG_CONFIG_PATH: /opt/hostedtoolcache/Python/3.13.12/x64/lib/pkgconfig
2026-02-27T21:24:46.1637642Z   Python_ROOT_DIR: /opt/hostedtoolcache/Python/3.13.12/x64
2026-02-27T21:24:46.1637987Z   Python2_ROOT_DIR: /opt/hostedtoolcache/Python/3.13.12/x64
2026-02-27T21:24:46.1638346Z   Python3_ROOT_DIR: /opt/hostedtoolcache/Python/3.13.12/x64
2026-02-27T21:24:46.1638690Z   LD_LIBRARY_PATH: /opt/hostedtoolcache/Python/3.13.12/x64/lib
2026-02-27T21:24:46.1639000Z   GIT_USER_EMAIL: actions@github.com
2026-02-27T21:24:46.1639236Z   GIT_USER_NAME: GitHub Actions
2026-02-27T21:24:46.1639654Z   GITHUB_TOKEN: ***
2026-02-27T21:24:46.1639847Z ##[endgroup]
2026-02-27T21:24:46.1743410Z Current branch: main
2026-02-27T21:24:46.3646055Z c9f889ff6574afa2922fbacda5b37027eaf22b4b	refs/heads/gh_pages
2026-02-27T21:24:46.3648702Z REMOTE BRANCH EXISTS
2026-02-27T21:24:46.3679501Z Already on 'main'
2026-02-27T21:24:46.3683252Z Your branch is up to date with 'origin/main'.
2026-02-27T21:24:46.3710575Z ##[group]Run # Check if the folder exists
2026-02-27T21:24:46.3710891Z [36;1m# Check if the folder exists[0m
2026-02-27T21:24:46.3711135Z [36;1mif [ -d "gh_pages" ]; then[0m
2026-02-27T21:24:46.3711403Z [36;1m  echo "Folder exists. Deleting..."[0m
2026-02-27T21:24:46.3711667Z [36;1m  rm -rf "gh_pages"[0m
2026-02-27T21:24:46.3711886Z [36;1m  echo "Folder deleted."[0m
2026-02-27T21:24:46.3712103Z [36;1melse[0m
2026-02-27T21:24:46.3712285Z [36;1m  echo "Folder does not exist."[0m
2026-02-27T21:24:46.3712517Z [36;1mfi;[0m
2026-02-27T21:24:46.3762883Z shell: /usr/bin/bash --noprofile --norc -e -o pipefail {0}
2026-02-27T21:24:46.3763201Z env:
2026-02-27T21:24:46.3763469Z   pythonLocation: /opt/hostedtoolcache/Python/3.13.12/x64
2026-02-27T21:24:46.3763875Z   PKG_CONFIG_PATH: /opt/hostedtoolcache/Python/3.13.12/x64/lib/pkgconfig
2026-02-27T21:24:46.3764268Z   Python_ROOT_DIR: /opt/hostedtoolcache/Python/3.13.12/x64
2026-02-27T21:24:46.3764635Z   Python2_ROOT_DIR: /opt/hostedtoolcache/Python/3.13.12/x64
2026-02-27T21:24:46.3765198Z   Python3_ROOT_DIR: /opt/hostedtoolcache/Python/3.13.12/x64
2026-02-27T21:24:46.3765599Z   LD_LIBRARY_PATH: /opt/hostedtoolcache/Python/3.13.12/x64/lib
2026-02-27T21:24:46.3765892Z ##[endgroup]
2026-02-27T21:24:46.3839927Z Folder does not exist.
2026-02-27T21:24:46.3911775Z ##[group]Run actions/checkout@v5.0.0
2026-02-27T21:24:46.3912175Z with:
2026-02-27T21:24:46.3912440Z   ref: gh_pages
2026-02-27T21:24:46.3912734Z   path: gh_pages
2026-02-27T21:24:46.3913046Z   persist-credentials: false
2026-02-27T21:24:46.3913497Z   repository: PavanMudigonda/html-reporter-github-pages
2026-02-27T21:24:46.3913942Z   token: ***
2026-02-27T21:24:46.3914127Z   ssh-strict: true
2026-02-27T21:24:46.3914312Z   ssh-user: git
2026-02-27T21:24:46.3914483Z   clean: true
2026-02-27T21:24:46.3914668Z   sparse-checkout-cone-mode: true
2026-02-27T21:24:46.3914901Z   fetch-depth: 1
2026-02-27T21:24:46.3915081Z   fetch-tags: false
2026-02-27T21:24:46.3915263Z   show-progress: true
2026-02-27T21:24:46.3915463Z   lfs: false
2026-02-27T21:24:46.3915622Z   submodules: false
2026-02-27T21:24:46.3915808Z   set-safe-directory: true
2026-02-27T21:24:46.3915998Z env:
2026-02-27T21:24:46.3916226Z   pythonLocation: /opt/hostedtoolcache/Python/3.13.12/x64
2026-02-27T21:24:46.3916627Z   PKG_CONFIG_PATH: /opt/hostedtoolcache/Python/3.13.12/x64/lib/pkgconfig
2026-02-27T21:24:46.3917297Z   Python_ROOT_DIR: /opt/hostedtoolcache/Python/3.13.12/x64
2026-02-27T21:24:46.3917654Z   Python2_ROOT_DIR: /opt/hostedtoolcache/Python/3.13.12/x64
2026-02-27T21:24:46.3918001Z   Python3_ROOT_DIR: /opt/hostedtoolcache/Python/3.13.12/x64
2026-02-27T21:24:46.3918358Z   LD_LIBRARY_PATH: /opt/hostedtoolcache/Python/3.13.12/x64/lib
2026-02-27T21:24:46.3918653Z ##[endgroup]
2026-02-27T21:24:46.4804272Z Syncing repository: PavanMudigonda/html-reporter-github-pages
2026-02-27T21:24:46.4805219Z ##[group]Getting Git version info
2026-02-27T21:24:46.4810176Z Working directory is '/home/runner/work/html-reporter-github-pages/html-reporter-github-pages/gh_pages'
2026-02-27T21:24:46.4857484Z [command]/usr/bin/git version
2026-02-27T21:24:46.4910779Z git version 2.53.0
2026-02-27T21:24:46.4939672Z ##[endgroup]
2026-02-27T21:24:46.4957827Z Temporarily overriding HOME='/home/runner/work/_temp/b047b9e8-c365-4562-a313-66b30e50e37e' before making global git config changes
2026-02-27T21:24:46.4959109Z Adding repository directory to the temporary git global config as a safe directory
2026-02-27T21:24:46.4965599Z [command]/usr/bin/git config --global --add safe.directory /home/runner/work/html-reporter-github-pages/html-reporter-github-pages/gh_pages
2026-02-27T21:24:46.5005286Z ##[group]Initializing the repository
2026-02-27T21:24:46.5013220Z [command]/usr/bin/git init /home/runner/work/html-reporter-github-pages/html-reporter-github-pages/gh_pages
2026-02-27T21:24:46.5056393Z hint: Using 'master' as the name for the initial branch. This default branch name
2026-02-27T21:24:46.5059629Z hint: will change to "main" in Git 3.0. To configure the initial branch name
2026-02-27T21:24:46.5060658Z hint: to use in all of your new repositories, which will suppress this warning,
2026-02-27T21:24:46.5061388Z hint: call:
2026-02-27T21:24:46.5061702Z hint:
2026-02-27T21:24:46.5062237Z hint: 	git config --global init.defaultBranch <name>
2026-02-27T21:24:46.5062769Z hint:
2026-02-27T21:24:46.5063404Z hint: Names commonly chosen instead of 'master' are 'main', 'trunk' and
2026-02-27T21:24:46.5064200Z hint: 'development'. The just-created branch can be renamed via this command:
2026-02-27T21:24:46.5064587Z hint:
2026-02-27T21:24:46.5064938Z hint: 	git branch -m <name>
2026-02-27T21:24:46.5065398Z hint:
2026-02-27T21:24:46.5066343Z hint: Disable this message with "git config set advice.defaultBranchName false"
2026-02-27T21:24:46.5068053Z Initialized empty Git repository in /home/runner/work/html-reporter-github-pages/html-reporter-github-pages/gh_pages/.git/
2026-02-27T21:24:46.5072917Z [command]/usr/bin/git remote add origin https://github.com/PavanMudigonda/html-reporter-github-pages
2026-02-27T21:24:46.5105909Z ##[endgroup]
2026-02-27T21:24:46.5106291Z ##[group]Disabling automatic garbage collection
2026-02-27T21:24:46.5111944Z [command]/usr/bin/git config --local gc.auto 0
2026-02-27T21:24:46.5142406Z ##[endgroup]
2026-02-27T21:24:46.5142961Z ##[group]Setting up auth
2026-02-27T21:24:46.5150368Z [command]/usr/bin/git config --local --name-only --get-regexp core\.sshCommand
2026-02-27T21:24:46.5182948Z [command]/usr/bin/git submodule foreach --recursive sh -c "git config --local --name-only --get-regexp 'core\.sshCommand' && git config --local --unset-all 'core.sshCommand' || :"
2026-02-27T21:24:46.5424819Z [command]/usr/bin/git config --local --name-only --get-regexp http\.https\:\/\/github\.com\/\.extraheader
2026-02-27T21:24:46.5455959Z [command]/usr/bin/git submodule foreach --recursive sh -c "git config --local --name-only --get-regexp 'http\.https\:\/\/github\.com\/\.extraheader' && git config --local --unset-all 'http.https://github.com/.extraheader' || :"
2026-02-27T21:24:46.5694786Z [command]/usr/bin/git config --local http.https://github.com/.extraheader AUTHORIZATION: basic ***
2026-02-27T21:24:46.5732375Z ##[endgroup]
2026-02-27T21:24:46.5733001Z ##[group]Fetching the repository
2026-02-27T21:24:46.5742863Z [command]/usr/bin/git -c protocol.version=2 fetch --no-tags --prune --no-recurse-submodules --depth=1 origin +refs/heads/gh_pages*:refs/remotes/origin/gh_pages* +refs/tags/gh_pages*:refs/tags/gh_pages*
2026-02-27T21:24:46.9568207Z From https://github.com/PavanMudigonda/html-reporter-github-pages
2026-02-27T21:24:46.9568743Z  * [new branch]      gh_pages   -> origin/gh_pages
2026-02-27T21:24:46.9599515Z ##[endgroup]
2026-02-27T21:24:46.9599906Z ##[group]Determining the checkout info
2026-02-27T21:24:46.9607151Z [command]/usr/bin/git branch --list --remote origin/gh_pages
2026-02-27T21:24:46.9632588Z   origin/gh_pages
2026-02-27T21:24:46.9637665Z ##[endgroup]
2026-02-27T21:24:46.9642195Z [command]/usr/bin/git sparse-checkout disable
2026-02-27T21:24:46.9680833Z [command]/usr/bin/git config --local --unset-all extensions.worktreeConfig
2026-02-27T21:24:46.9709489Z ##[group]Checking out the ref
2026-02-27T21:24:46.9714277Z [command]/usr/bin/git checkout --progress --force -B gh_pages refs/remotes/origin/gh_pages
2026-02-27T21:24:47.1066382Z Switched to a new branch 'gh_pages'
2026-02-27T21:24:47.1068955Z branch 'gh_pages' set up to track 'origin/gh_pages'.
2026-02-27T21:24:47.1075201Z ##[endgroup]
2026-02-27T21:24:47.1119477Z [command]/usr/bin/git log -1 --format=%H
2026-02-27T21:24:47.1148698Z c9f889ff6574afa2922fbacda5b37027eaf22b4b
2026-02-27T21:24:47.1159378Z ##[group]Removing auth
2026-02-27T21:24:47.1164170Z [command]/usr/bin/git config --local --name-only --get-regexp core\.sshCommand
2026-02-27T21:24:47.1199357Z [command]/usr/bin/git submodule foreach --recursive sh -c "git config --local --name-only --get-regexp 'core\.sshCommand' && git config --local --unset-all 'core.sshCommand' || :"
2026-02-27T21:24:47.1444018Z [command]/usr/bin/git config --local --name-only --get-regexp http\.https\:\/\/github\.com\/\.extraheader
2026-02-27T21:24:47.1467113Z http.https://github.com/.extraheader
2026-02-27T21:24:47.1474824Z [command]/usr/bin/git config --local --unset-all http.https://github.com/.extraheader
2026-02-27T21:24:47.1504943Z [command]/usr/bin/git submodule foreach --recursive sh -c "git config --local --name-only --get-regexp 'http\.https\:\/\/github\.com\/\.extraheader' && git config --local --unset-all 'http.https://github.com/.extraheader' || :"
2026-02-27T21:24:47.1734416Z ##[endgroup]
2026-02-27T21:24:47.1872663Z ##[group]Run set -e
2026-02-27T21:24:47.1873167Z [36;1mset -e[0m
2026-02-27T21:24:47.1873365Z [36;1mGH_PAGES_ACTION_HOME="$PWD"[0m
2026-02-27T21:24:47.1873688Z [36;1m# Transform workflow name: replace spaces with hyphens[0m
2026-02-27T21:24:47.1874072Z [36;1mWORKFLOW_NAME=$(echo "${WORKFLOW_NAME}" | tr " " "-")[0m
2026-02-27T21:24:47.1874431Z [36;1m#--------------------------------------------------------[0m
2026-02-27T21:24:47.1874924Z [36;1mmkdir -p "${GH_PAGES}"[0m
2026-02-27T21:24:47.1875150Z [36;1mcd "${GH_PAGES}"[0m
2026-02-27T21:24:47.1875376Z [36;1mif [[ "${SUBFOLDER}" != "" ]]; then[0m
2026-02-27T21:24:47.1875643Z [36;1m  mkdir -p "${SUBFOLDER}"[0m
2026-02-27T21:24:47.1875869Z [36;1mfi;[0m
2026-02-27T21:24:47.1876046Z [36;1mcd "${GH_PAGES_ACTION_HOME}"[0m
2026-02-27T21:24:47.1876272Z [36;1m# Set variables[0m
2026-02-27T21:24:47.1876502Z [36;1mif [[ "${ALLURE_FLAG}" == 'true' ]]; then[0m
2026-02-27T21:24:47.1876969Z [36;1m  ALLURE_REPORT="allure-report"[0m
2026-02-27T21:24:47.1877266Z [36;1mfi;[0m
2026-02-27T21:24:47.1877513Z [36;1m#-------------------------------------------------------------------[0m
2026-02-27T21:24:47.1877904Z [36;1m# Use single index generator script with order parameter[0m
2026-02-27T21:24:47.1878583Z [36;1mINDEX_SCRIPT_PATH="/home/runner/work/_actions/PavanMudigonda/html-reporter-github-pages/v1.5.13/scripts/index-html-generator.py"[0m
2026-02-27T21:24:47.1879231Z [36;1m#-------------------------------------------------------------------[0m
2026-02-27T21:24:47.1879559Z [36;1mdelete_folders_func () {[0m
2026-02-27T21:24:47.1879915Z [36;1m  # Count only numeric run directories (not index.html, last-history, etc.)[0m
2026-02-27T21:24:47.1880391Z [36;1m  COUNT=$(find . -maxdepth 1 -type d -regex '.*/[0-9]+' 2>/dev/null | wc -l)[0m
2026-02-27T21:24:47.1880847Z [36;1m  echo "count numeric run folders in results-history: ${COUNT}"[0m
2026-02-27T21:24:47.1881216Z [36;1m  echo "keep reports count ${KEEP_REPORTS}"[0m
2026-02-27T21:24:47.1881516Z [36;1m  if (( COUNT >= $KEEP_REPORTS )); then[0m
2026-02-27T21:24:47.1881798Z [36;1m    echo "remove old reports"[0m
2026-02-27T21:24:47.1882099Z [36;1m    REMOVE_COUNT=$(( COUNT - $KEEP_REPORTS + 1 ))[0m
2026-02-27T21:24:47.1882603Z [36;1m    find . -maxdepth 1 -type d -regex '.*/[0-9]+' -print0 | sort -zn | head -zn "${REMOVE_COUNT}" | xargs -0 rm -rv[0m
2026-02-27T21:24:47.1883066Z [36;1m    if [ -f index.html ]; then[0m
2026-02-27T21:24:47.1883314Z [36;1m      echo "remove index.html"[0m
2026-02-27T21:24:47.1883545Z [36;1m      rm -rv index.html[0m
2026-02-27T21:24:47.1883760Z [36;1m    fi;[0m
2026-02-27T21:24:47.1883951Z [36;1m    if [ -d last-history ]; then[0m
2026-02-27T21:24:47.1884215Z [36;1m      echo "remove last-history folder"[0m
2026-02-27T21:24:47.1884485Z [36;1m      rm -rv last-history[0m
2026-02-27T21:24:47.1884709Z [36;1m    fi;            [0m
2026-02-27T21:24:47.1884904Z [36;1m  fi;[0m
2026-02-27T21:24:47.1885059Z [36;1m}[0m
2026-02-27T21:24:47.1885290Z [36;1m#-------------------------------------------------------------------[0m
2026-02-27T21:24:47.1885656Z [36;1mEXTERNAL_REPO_OWNER_SLASH_NAME=${EXTERNAL_REPO}[0m
2026-02-27T21:24:47.1886159Z [36;1mEXTERNAL_REPO_NAME=${EXTERNAL_REPO_OWNER_SLASH_NAME##*/}[0m
2026-02-27T21:24:47.1886526Z [36;1mif [[ "${EXTERNAL_REPO_NAME}" == '' ]]; [0m
2026-02-27T21:24:47.1886956Z [36;1mthen[0m
2026-02-27T21:24:47.1887245Z [36;1m  GH_PAGES_API="/repos/${GITHUB_REPOSITORY}/pages"[0m
2026-02-27T21:24:47.1887554Z [36;1melif [[ "${EXTERNAL_REPO}" != '' ]][0m
2026-02-27T21:24:47.1887794Z [36;1mthen[0m
2026-02-27T21:24:47.1888000Z [36;1m  GH_PAGES_API="/repos/${EXTERNAL_REPO}/pages"[0m
2026-02-27T21:24:47.1888266Z [36;1mfi[0m
2026-02-27T21:24:47.1888751Z [36;1mgh api -H "Accept: application/vnd.github+json" -H "X-GitHub-Api-Version: 2022-11-28" ${GH_PAGES_API} > gh-pages.json || true[0m
2026-02-27T21:24:47.1889347Z [36;1m#-------------------------------------------------------------------[0m
2026-02-27T21:24:47.1889669Z [36;1mif [[ ${REPORT_URL} != '' ]]; then[0m
2026-02-27T21:24:47.1889986Z [36;1m    echo "Replacing github pages url. NEW url ${REPORT_URL}"[0m
2026-02-27T21:24:47.1890294Z [36;1melse[0m
2026-02-27T21:24:47.1890900Z [36;1m    REPORT_URL=$(gh api -H "Accept: application/vnd.github+json" -H "X-GitHub-Api-Version: 2022-11-28" ${GH_PAGES_API} --jq '.html_url' 2>/dev/null | tr -d '"' | xargs || echo "")[0m
2026-02-27T21:24:47.1891877Z [36;1m    # Handle null, empty, or error responses (e.g. 403 when token lacks pages:read permission)[0m
2026-02-27T21:24:47.1892553Z [36;1m    if [[ "$REPORT_URL" == "null" || -z "$REPORT_URL" || "$REPORT_URL" == *"Resource not accessible"* || "$REPORT_URL" != http* ]]; then[0m
2026-02-27T21:24:47.1893083Z [36;1m      # Construct URL from repository name[0m
2026-02-27T21:24:47.1893381Z [36;1m      if [[ -n "${EXTERNAL_REPO}" ]]; then[0m
2026-02-27T21:24:47.1893650Z [36;1m        EXT_OWNER="${EXTERNAL_REPO%%/*}"[0m
2026-02-27T21:24:47.1893924Z [36;1m        EXT_NAME="${EXTERNAL_REPO##*/}"[0m
2026-02-27T21:24:47.1894268Z [36;1m        REPORT_URL="https://${EXT_OWNER}.github.io/${EXT_NAME}"[0m
2026-02-27T21:24:47.1894597Z [36;1m      else[0m
2026-02-27T21:24:47.1894824Z [36;1m        REPO_OWNER_NAME="${GITHUB_REPOSITORY%%/*}"[0m
2026-02-27T21:24:47.1895146Z [36;1m        REPO_BASE_NAME="${GITHUB_REPOSITORY##*/}"[0m
2026-02-27T21:24:47.1895521Z [36;1m        REPORT_URL="https://${REPO_OWNER_NAME}.github.io/${REPO_BASE_NAME}"[0m
2026-02-27T21:24:47.1895870Z [36;1m      fi[0m
2026-02-27T21:24:47.1896376Z [36;1m      echo "::notice::Could not fetch GitHub Pages URL via API (likely missing pages:read permission). Using constructed URL: ${REPORT_URL}"[0m
2026-02-27T21:24:47.1897357Z [36;1m      echo "::notice::To get the exact URL, add 'pages: write' to your workflow permissions block."[0m
2026-02-27T21:24:47.1897777Z [36;1m    fi[0m
2026-02-27T21:24:47.1897970Z [36;1m    REPORT_URL="${REPORT_URL%/}"[0m
2026-02-27T21:24:47.1898229Z [36;1m    echo "${REPORT_URL}"[0m
2026-02-27T21:24:47.1898498Z [36;1m    echo "REPORT_URL=${REPORT_URL}" >> $GITHUB_ENV[0m
2026-02-27T21:24:47.1898821Z [36;1m    if [[ "${USE_ACTIONS_SUMMARY}" != 'false' ]]; then[0m
2026-02-27T21:24:47.1899184Z [36;1m      echo "#### GitHub Pages HTML Reports" >> $GITHUB_STEP_SUMMARY[0m
2026-02-27T21:24:47.1899490Z [36;1m    fi;[0m
2026-02-27T21:24:47.1899739Z [36;1m    echo "REPORT_URL=${REPORT_URL}" >> $GITHUB_OUTPUT        [0m
2026-02-27T21:24:47.1900047Z [36;1mfi;[0m
2026-02-27T21:24:47.1900284Z [36;1m#-------------------------------------------------------------------[0m
2026-02-27T21:24:47.1900670Z [36;1m# Save original GH_PAGES value before it gets modified[0m
2026-02-27T21:24:47.1900971Z [36;1mGH_PAGES_BASE="${GH_PAGES}"[0m
2026-02-27T21:24:47.1901275Z [36;1m# Identify where the current report should be copied to[0m
2026-02-27T21:24:47.1901588Z [36;1mif [[ "${SUBFOLDER}" != "" ]]; then[0m
2026-02-27T21:24:47.1901853Z [36;1m  GH_PAGES="${GH_PAGES}/${SUBFOLDER}"[0m
2026-02-27T21:24:47.1902115Z [36;1m  mkdir -p "${GH_PAGES}"[0m
2026-02-27T21:24:47.1902326Z [36;1mfi;[0m
2026-02-27T21:24:47.1902632Z [36;1mif [[ "${TOOL_NAME}" != "" ]]; then[0m
2026-02-27T21:24:47.1902893Z [36;1m    GH_PAGES="${GH_PAGES}/${TOOL_NAME}"[0m
2026-02-27T21:24:47.1903215Z [36;1m    GITHUB_PAGES_WEBSITE_URL="${REPORT_URL}/${TOOL_NAME}"[0m
2026-02-27T21:24:47.1903520Z [36;1m    mkdir -p "${GH_PAGES}"[0m
2026-02-27T21:24:47.1903739Z [36;1melse[0m
2026-02-27T21:24:47.1903949Z [36;1m    GITHUB_PAGES_WEBSITE_URL="${REPORT_URL}"[0m
2026-02-27T21:24:47.1904202Z [36;1mfi;[0m
2026-02-27T21:24:47.1904389Z [36;1mif [[ "${WORKFLOW_NAME}" != "" ]]; then[0m
2026-02-27T21:24:47.1904665Z [36;1m    GH_PAGES="${GH_PAGES}/${WORKFLOW_NAME}"[0m
2026-02-27T21:24:47.1905044Z [36;1m    GITHUB_PAGES_WEBSITE_URL="${GITHUB_PAGES_WEBSITE_URL}/${WORKFLOW_NAME}"[0m
2026-02-27T21:24:47.1905407Z [36;1m    mkdir -p "${GH_PAGES}"[0m
2026-02-27T21:24:47.1905626Z [36;1mfi;[0m
2026-02-27T21:24:47.1905791Z [36;1mif [[ "${ENV}" != "" ]]; then[0m
2026-02-27T21:24:47.1906033Z [36;1m    GH_PAGES="${GH_PAGES}/${ENV}"[0m
2026-02-27T21:24:47.1906358Z [36;1m    GITHUB_PAGES_WEBSITE_URL="${GITHUB_PAGES_WEBSITE_URL}/${ENV}"[0m
2026-02-27T21:24:47.1906686Z [36;1m    mkdir -p "${GH_PAGES}"[0m
2026-02-27T21:24:47.1907102Z [36;1mfi;[0m
2026-02-27T21:24:47.1907343Z [36;1m#-------------------------------------------------------------------        [0m
2026-02-27T21:24:47.1907808Z [36;1mcreate_executor_json_func () {[0m
2026-02-27T21:24:47.1908098Z [36;1m  if [ ! -f "${TEST_RESULTS}/executor.json" ]; then[0m
2026-02-27T21:24:47.1908388Z [36;1m    #echo "executor.json"[0m
2026-02-27T21:24:47.1908788Z [36;1m    echo '{"name":"GitHub Actions","type":"github","reportName":"Test Reporting",' > executor.json[0m
2026-02-27T21:24:47.1909298Z [36;1m    echo "\"url\":\"${GITHUB_PAGES_WEBSITE_URL}\"," >> executor.json # ???[0m
2026-02-27T21:24:47.1909797Z [36;1m    echo "\"reportUrl\":\"${GITHUB_PAGES_WEBSITE_URL}/${GITHUB_RUN_NUM}/\"," >> executor.json[0m
2026-02-27T21:24:47.1910442Z [36;1m    echo "\"buildUrl\":\"${GITHUB_SERVER_URL}/${GITHUB_REPOSITORY}/actions/runs/${GITHUB_RUN_ID}\"," >> executor.json[0m
2026-02-27T21:24:47.1911154Z [36;1m    echo "\"buildName\":\"GitHub Actions Run #${GITHUB_RUN_NUM}\",\"buildOrder\":\"${GITHUB_RUN_NUM}\"}" >> executor.json[0m
2026-02-27T21:24:47.1911624Z [36;1m[0m
2026-02-27T21:24:47.1911809Z [36;1m    mv ./executor.json ${TEST_RESULTS}  [0m
2026-02-27T21:24:47.1912067Z [36;1m  fi[0m
2026-02-27T21:24:47.1912303Z [36;1m  if [ ! -f "${TEST_RESULTS}/environment.properties" ]; then[0m
2026-02-27T21:24:47.1912604Z [36;1m    {[0m
2026-02-27T21:24:47.1912807Z [36;1m     echo "URL=${GITHUB_PAGES_WEBSITE_URL}"[0m
2026-02-27T21:24:47.1913238Z [36;1m     echo "BUILD_URL=${GITHUB_SERVER_URL}/${GITHUB_REPOSITORY}/actions/runs/${GITHUB_RUN_ID}"[0m
2026-02-27T21:24:47.1913683Z [36;1m     echo "GIT_BRANCH=${GITHUB_REF_NAME}"[0m
2026-02-27T21:24:47.1913959Z [36;1m     echo "GIT_COMMIT_ID=${GITHUB_SHA}"[0m
2026-02-27T21:24:47.1914290Z [36;1m     echo "GIT_COMMIT_MESSAGE=$(git show -s --format=%s HEAD)"[0m
2026-02-27T21:24:47.1914700Z [36;1m     echo "GIT_COMMIT_AUTHOR_NAME=$(git show -s --format='%ae' HEAD)"[0m
2026-02-27T21:24:47.1915099Z [36;1m     echo "GIT_COMMIT_TIME=$(git show -s --format=%ci HEAD)"[0m
2026-02-27T21:24:47.1915456Z [36;1m    } >> environment.properties[0m
2026-02-27T21:24:47.1915694Z [36;1m[0m
2026-02-27T21:24:47.1915904Z [36;1m    mv ./environment.properties ${TEST_RESULTS}[0m
2026-02-27T21:24:47.1916173Z [36;1m  fi [0m
2026-02-27T21:24:47.1916340Z [36;1m}[0m
2026-02-27T21:24:47.1916564Z [36;1m#-------------------------------------------------------------------[0m
2026-02-27T21:24:47.1917068Z [36;1mcopy_current_results_func () {[0m
2026-02-27T21:24:47.1917347Z [36;1m  mkdir -p "./${GH_PAGES}/${GITHUB_RUN_NUM}"[0m
2026-02-27T21:24:47.1917724Z [36;1m  # Preserve the original creation time for this run directory so the[0m
2026-02-27T21:24:47.1918162Z [36;1m  # index listing always shows when a run first happened, even after[0m
2026-02-27T21:24:47.1918702Z [36;1m  # force-orphan re-deployments reset filesystem mtimes.[0m
2026-02-27T21:24:47.1919099Z [36;1m  CREATED_AT_FILE="./${GH_PAGES}/${GITHUB_RUN_NUM}/.created_at"[0m
2026-02-27T21:24:47.1919441Z [36;1m  if [ ! -f "${CREATED_AT_FILE}" ]; then[0m
2026-02-27T21:24:47.1919756Z [36;1m    date -u +"%Y-%m-%dT%H:%M:%SZ" > "${CREATED_AT_FILE}"[0m
2026-02-27T21:24:47.1920037Z [36;1m  fi[0m
2026-02-27T21:24:47.1920309Z [36;1m  # If we are not dealing with Allure Reports then copy the test results[0m
2026-02-27T21:24:47.1920675Z [36;1m  if [[ "${ALLURE_FLAG}" != 'true' ]]; then[0m
2026-02-27T21:24:47.1921033Z [36;1m    # Check if source directory exists and has content before copying[0m
2026-02-27T21:24:47.1921619Z [36;1m    if [ -d "${GH_PAGES_ACTION_HOME}/${TEST_RESULTS}" ] && [ "$(ls -A "${GH_PAGES_ACTION_HOME}/${TEST_RESULTS}" 2>/dev/null)" ]; then[0m
2026-02-27T21:24:47.1922238Z [36;1m      cp -r "${GH_PAGES_ACTION_HOME}/${TEST_RESULTS}"/. "./${GH_PAGES}/${GITHUB_RUN_NUM}"[0m
2026-02-27T21:24:47.1922815Z [36;1m      # If no index.html exists in run folder but HTML files are present, create a redirect index.html[0m
2026-02-27T21:24:47.1923286Z [36;1m      RUN_DEST="./${GH_PAGES}/${GITHUB_RUN_NUM}"[0m
2026-02-27T21:24:47.1923592Z [36;1m      if [ ! -f "${RUN_DEST}/index.html" ]; then[0m
2026-02-27T21:24:47.1924204Z [36;1m        HTML_FILE=$(find "${RUN_DEST}" -maxdepth 1 \( -name "*.html" -o -name "*.htm" \) 2>/dev/null | sort -f | head -n 1)[0m
2026-02-27T21:24:47.1924692Z [36;1m        if [ -n "${HTML_FILE}" ]; then[0m
2026-02-27T21:24:47.1924988Z [36;1m          HTML_BASENAME=$(basename "${HTML_FILE}")[0m
2026-02-27T21:24:47.1925364Z [36;1m          # Validate filename contains only safe characters to prevent XSS[0m
2026-02-27T21:24:47.1925776Z [36;1m          if [[ "${HTML_BASENAME}" =~ ^[a-zA-Z0-9._\ -]+$ ]]; then[0m
2026-02-27T21:24:47.1926313Z [36;1m            echo "::notice::No index.html found in test results. Creating redirect from index.html to ${HTML_BASENAME}"[0m
2026-02-27T21:24:47.1926961Z [36;1m            printf '%s\n' \[0m
2026-02-27T21:24:47.1927244Z [36;1m              '<!DOCTYPE html>' \[0m
2026-02-27T21:24:47.1927480Z [36;1m              '<html>' \[0m
2026-02-27T21:24:47.1927695Z [36;1m              '<head>' \[0m
2026-02-27T21:24:47.1927936Z [36;1m              '  <meta charset="utf-8">' \[0m
2026-02-27T21:24:47.1928314Z [36;1m              "  <meta http-equiv=\"refresh\" content=\"0; url=${HTML_BASENAME}\">" \[0m
2026-02-27T21:24:47.1928744Z [36;1m              "  <title>Redirecting to ${HTML_BASENAME}</title>" \[0m
2026-02-27T21:24:47.1929045Z [36;1m              '</head>' \[0m
2026-02-27T21:24:47.1929264Z [36;1m              '<body>' \[0m
2026-02-27T21:24:47.1929611Z [36;1m              "  <p>Redirecting to <a href=\"${HTML_BASENAME}\">${HTML_BASENAME}</a>...</p>" \[0m
2026-02-27T21:24:47.1929993Z [36;1m              '</body>' \[0m
2026-02-27T21:24:47.1930208Z [36;1m              '</html>' \[0m
2026-02-27T21:24:47.1930440Z [36;1m              > "${RUN_DEST}/index.html"[0m
2026-02-27T21:24:47.1930690Z [36;1m          else[0m
2026-02-27T21:24:47.1931139Z [36;1m            echo "::warning::HTML file '${HTML_BASENAME}' contains unsafe characters; skipping redirect index.html creation"[0m
2026-02-27T21:24:47.1931630Z [36;1m          fi[0m
2026-02-27T21:24:47.1931813Z [36;1m        fi[0m
2026-02-27T21:24:47.1931981Z [36;1m      fi[0m
2026-02-27T21:24:47.1932142Z [36;1m    else[0m
2026-02-27T21:24:47.1932538Z [36;1m      echo "::warning::Test results directory is empty or does not exist: ${GH_PAGES_ACTION_HOME}/${TEST_RESULTS}"[0m
2026-02-27T21:24:47.1932997Z [36;1m    fi[0m
2026-02-27T21:24:47.1933151Z [36;1m  fi;[0m
2026-02-27T21:24:47.1933313Z [36;1m}[0m
2026-02-27T21:24:47.1933534Z [36;1m#-------------------------------------------------------------------[0m
2026-02-27T21:24:47.1933852Z [36;1mgenerate_index_html_func () {[0m
2026-02-27T21:24:47.1934216Z [36;1m  # Strategy: always use a throwaway venv so we never touch the system Python[0m
2026-02-27T21:24:47.1934800Z [36;1m  # and avoid all PEP-668 / externally-managed-environment issues.[0m
2026-02-27T21:24:47.1935274Z [36;1m  # If jinja2 is already importable (e.g. user pre-installed it) skip the venv.[0m
2026-02-27T21:24:47.1935761Z [36;1m  # uv is used to speed up the pip install when available, but is NOT required.[0m
2026-02-27T21:24:47.1936177Z [36;1m  if python3 -c "import jinja2" 2>/dev/null; then[0m
2026-02-27T21:24:47.1936517Z [36;1m    echo "jinja2 already available, skipping install"[0m
2026-02-27T21:24:47.1937071Z [36;1m    python3 "${INDEX_SCRIPT_PATH}" --order "${ORDER}"[0m
2026-02-27T21:24:47.1937358Z [36;1m  else[0m
2026-02-27T21:24:47.1937543Z [36;1m    _J2_VENV="$(mktemp -d)/j2venv"[0m
2026-02-27T21:24:47.1937840Z [36;1m    echo "Creating venv at ${_J2_VENV} for jinja2..."[0m
2026-02-27T21:24:47.1938474Z [36;1m    python3 -m venv "${_J2_VENV}" || { echo "::error::python3 -m venv failed — ensure python3-venv is installed on self-hosted runners"; return 1; }[0m
2026-02-27T21:24:47.1939094Z [36;1m    if command -v uv &>/dev/null; then[0m
2026-02-27T21:24:47.1939452Z [36;1m      uv pip install --python "${_J2_VENV}/bin/python3" --quiet jinja2[0m
2026-02-27T21:24:47.1939777Z [36;1m    else[0m
2026-02-27T21:24:47.1939999Z [36;1m      "${_J2_VENV}/bin/pip" install --quiet jinja2[0m
2026-02-27T21:24:47.1940387Z [36;1m    fi[0m
2026-02-27T21:24:47.1940655Z [36;1m    "${_J2_VENV}/bin/python3" "${INDEX_SCRIPT_PATH}" --order "${ORDER}"[0m
2026-02-27T21:24:47.1940980Z [36;1m  fi[0m
2026-02-27T21:24:47.1941177Z [36;1m  echo "Completed index html generation"[0m
2026-02-27T21:24:47.1941432Z [36;1m}[0m
2026-02-27T21:24:47.1941653Z [36;1m#-------------------------------------------------------------------[0m
2026-02-27T21:24:47.1941969Z [36;1mecho "current path: $PWD"[0m
2026-02-27T21:24:47.1942202Z [36;1mmkdir -p "./${GH_PAGES}"[0m
2026-02-27T21:24:47.1942482Z [36;1mmkdir -p "${GH_PAGES_ACTION_HOME}/${TEST_RESULTS}"[0m
2026-02-27T21:24:47.1942813Z [36;1mecho "NEW results history folder ${GH_PAGES}"[0m
2026-02-27T21:24:47.1943115Z [36;1mecho "New GH_PAGES folder: ${GH_PAGES}"[0m
2026-02-27T21:24:47.1943465Z [36;1mecho "NEW github pages url ${GITHUB_PAGES_WEBSITE_URL}"       [0m
2026-02-27T21:24:47.1943822Z [36;1mecho "GH_PAGES=${GH_PAGES}" >> $GITHUB_ENV[0m
2026-02-27T21:24:47.1944209Z [36;1mecho "GITHUB_PAGES_WEBSITE_URL=${GITHUB_PAGES_WEBSITE_URL}" >> $GITHUB_ENV[0m
2026-02-27T21:24:47.1944704Z [36;1mecho "GITHUB_PAGES_WEBSITE_URL=${GITHUB_PAGES_WEBSITE_URL}" >> $GITHUB_OUTPUT[0m
2026-02-27T21:24:47.1945145Z [36;1m#-------------------------------------------------------------------[0m
2026-02-27T21:24:47.1945634Z [36;1mecho "LATEST_RUN_GH_PAGES_URL=${GITHUB_PAGES_WEBSITE_URL}/${GITHUB_RUN_NUM}/" >> $GITHUB_OUTPUT[0m
2026-02-27T21:24:47.1946064Z [36;1m# Publish Job Summary[0m
2026-02-27T21:24:47.1946331Z [36;1mif [[ "${USE_ACTIONS_SUMMARY}" != 'false' ]]; then[0m
2026-02-27T21:24:47.1946703Z [36;1m  echo "GH Pages History URL: ${REPORT_URL}" >> $GITHUB_STEP_SUMMARY[0m
2026-02-27T21:24:47.1947556Z [36;1m  echo "GH Pages Latest Result URL: ${GITHUB_PAGES_WEBSITE_URL}/${GITHUB_RUN_NUM}/" >> $GITHUB_STEP_SUMMARY[0m
2026-02-27T21:24:47.1948015Z [36;1mfi;[0m
2026-02-27T21:24:47.1948245Z [36;1m#-------------------------------------------------------------------[0m
2026-02-27T21:24:47.1948569Z [36;1m# First Run Delete Function[0m
2026-02-27T21:24:47.1948799Z [36;1mcd "./${GH_PAGES}"[0m
2026-02-27T21:24:47.1949012Z [36;1mdelete_folders_func[0m
2026-02-27T21:24:47.1949227Z [36;1mcd "$GH_PAGES_ACTION_HOME"[0m
2026-02-27T21:24:47.1949512Z [36;1m#-------------------------------------------------------------------[0m
2026-02-27T21:24:47.1949846Z [36;1m# Copy current test-results for staging[0m
2026-02-27T21:24:47.1950111Z [36;1mcopy_current_results_func[0m
2026-02-27T21:24:47.1950404Z [36;1m#-------------------------------------------------------------------   [0m
2026-02-27T21:24:47.1950762Z [36;1m# Generate Final FOLDER STRUCTURE at lowest level[0m
2026-02-27T21:24:47.1951180Z [36;1mcd "./${GH_PAGES}"[0m
2026-02-27T21:24:47.1951394Z [36;1mgenerate_index_html_func[0m
2026-02-27T21:24:47.1951621Z [36;1mcd "$GH_PAGES_ACTION_HOME"[0m
2026-02-27T21:24:47.1951917Z [36;1m#-------------------------------------------------------------------   [0m
2026-02-27T21:24:47.1952321Z [36;1m# Generate index.html at each level of the directory hierarchy[0m
2026-02-27T21:24:47.1952734Z [36;1m# Build path segments: base / subfolder / tool / workflow / env[0m
2026-02-27T21:24:47.1953116Z [36;1mINDEX_DIR="${GH_PAGES_ACTION_HOME}/${GH_PAGES_BASE}"[0m
2026-02-27T21:24:47.1953435Z [36;1m# Always generate at the base level[0m
2026-02-27T21:24:47.1953690Z [36;1mcd "${INDEX_DIR}"[0m
2026-02-27T21:24:47.1953900Z [36;1mgenerate_index_html_func[0m
2026-02-27T21:24:47.1954130Z [36;1mcd "$GH_PAGES_ACTION_HOME"[0m
2026-02-27T21:24:47.1954450Z [36;1m# Walk through each optional path segment and generate index.html[0m
2026-02-27T21:24:47.1954910Z [36;1mfor SEGMENT in "${SUBFOLDER}" "${TOOL_NAME}" "${WORKFLOW_NAME}" "${ENV}"; do[0m
2026-02-27T21:24:47.1955277Z [36;1m  if [[ -n "${SEGMENT}" ]]; then[0m
2026-02-27T21:24:47.1955540Z [36;1m    INDEX_DIR="${INDEX_DIR}/${SEGMENT}"[0m
2026-02-27T21:24:47.1955810Z [36;1m    if [[ -d "${INDEX_DIR}" ]]; then[0m
2026-02-27T21:24:47.1956163Z [36;1m      cd "${INDEX_DIR}"[0m
2026-02-27T21:24:47.1956392Z [36;1m      generate_index_html_func[0m
2026-02-27T21:24:47.1956632Z [36;1m      cd "$GH_PAGES_ACTION_HOME"[0m
2026-02-27T21:24:47.1957061Z [36;1m    fi[0m
2026-02-27T21:24:47.1957225Z [36;1m  fi[0m
2026-02-27T21:24:47.1957388Z [36;1mdone[0m
2026-02-27T21:24:47.1957614Z [36;1m#-------------------------------------------------------------------[0m
2026-02-27T21:24:47.1957928Z [36;1mcd "$GH_PAGES_ACTION_HOME"[0m
2026-02-27T21:24:47.1958191Z [36;1m# Manage History and Last History Folders[0m
2026-02-27T21:24:47.1958519Z [36;1m# Create History folder just in case if its not present.[0m
2026-02-27T21:24:47.1958886Z [36;1m# For Allure Reports it would be present by default[0m
2026-02-27T21:24:47.1959210Z [36;1m# For other reports it will not be present[0m
2026-02-27T21:24:47.1959531Z [36;1mmkdir -p "./${GH_PAGES}/${GITHUB_RUN_NUM}/history"[0m
2026-02-27T21:24:47.1959874Z [36;1m#-------------------------------------------------------------------[0m
2026-02-27T21:24:47.1960188Z [36;1mcd "$GH_PAGES_ACTION_HOME"[0m
2026-02-27T21:24:47.1960430Z [36;1mcd "./${GH_PAGES}"[0m
2026-02-27T21:24:47.1960735Z [36;1mif [ -d last-history ] && [ "$(ls -A ./last-history 2>/dev/null)" ]; then[0m
2026-02-27T21:24:47.1961271Z [36;1m   #Copy Last History from previous run in to Allure Results Folder for Allure Report Generation[0m
2026-02-27T21:24:47.1961807Z [36;1m   cp -r ./last-history/. "${GH_PAGES_ACTION_HOME}/${TEST_RESULTS}/history"[0m
2026-02-27T21:24:47.1962157Z [36;1mfi;[0m
2026-02-27T21:24:47.1962398Z [36;1m#--------------------------------------------------------------------[0m
2026-02-27T21:24:47.1962714Z [36;1m# Allure Report Generation[0m
2026-02-27T21:24:47.1962971Z [36;1mif [[ "${ALLURE_FLAG}" == 'true' ]]; then[0m
2026-02-27T21:24:47.1963231Z [36;1m  cd "$GH_PAGES_ACTION_HOME"[0m
2026-02-27T21:24:47.1963497Z [36;1m  if ! command -v allure &> /dev/null; then[0m
2026-02-27T21:24:47.1963788Z [36;1m    npm -g install allure-commandline[0m
2026-02-27T21:24:47.1964034Z [36;1m  fi[0m
2026-02-27T21:24:47.1964208Z [36;1m  npx allure --version[0m
2026-02-27T21:24:47.1964463Z [36;1m  # cd "${GH_PAGES_ACTION_HOME}/${TEST_RESULTS}"[0m
2026-02-27T21:24:47.1964741Z [36;1m  create_executor_json_func [0m
2026-02-27T21:24:47.1965057Z [36;1m  npx allure generate "${TEST_RESULTS}" -o allure-report --clean[0m
2026-02-27T21:24:47.1965398Z [36;1m  # finally copy allure report[0m
2026-02-27T21:24:47.1965735Z [36;1m  if [ -d allure-report ] && [ "$(ls -A allure-report 2>/dev/null)" ]; then[0m
2026-02-27T21:24:47.1966143Z [36;1m    cp -r allure-report/. "${GH_PAGES}/${GITHUB_RUN_NUM}"[0m
2026-02-27T21:24:47.1966591Z [36;1m  else[0m
2026-02-27T21:24:47.1967242Z [36;1m    echo "::error::Allure report generation failed - allure-report directory is empty or does not exist"[0m
2026-02-27T21:24:47.1967705Z [36;1m    exit 1[0m
2026-02-27T21:24:47.1967873Z [36;1m  fi[0m
2026-02-27T21:24:47.1968096Z [36;1m  # Create Last History Folder if its not present[0m
2026-02-27T21:24:47.1968398Z [36;1m  mkdir -p "./${GH_PAGES}/last-history"[0m
2026-02-27T21:24:47.1968811Z [36;1m  # Create History folder in Test Results just in case so next command copy won't fail[0m
2026-02-27T21:24:47.1969263Z [36;1m  mkdir -p "${GH_PAGES}/${GITHUB_RUN_NUM}/history"[0m
2026-02-27T21:24:47.1969815Z [36;1m  # Move files from Last History folder to History folder inside the most latest run that is currently being run right now[0m
2026-02-27T21:24:47.1970438Z [36;1m  # This is to show up history and retires information under Allure Reports[0m
2026-02-27T21:24:47.1970826Z [36;1m  if [ -d "./${GH_PAGES}/last-history" ]; then[0m
2026-02-27T21:24:47.1971266Z [36;1m    if [ -d ./allure-report/history ] && [ "$(ls -A ./allure-report/history 2>/dev/null)" ]; then[0m
2026-02-27T21:24:47.1971760Z [36;1m      cp -r ./allure-report/history/. "./${GH_PAGES}/last-history"[0m
2026-02-27T21:24:47.1972198Z [36;1m    fi[0m
2026-02-27T21:24:47.1972360Z [36;1m  else[0m
2026-02-27T21:24:47.1972544Z [36;1m    mkdir "./${GH_PAGES}/last-history"[0m
2026-02-27T21:24:47.1972956Z [36;1m    if [ -d ./allure-report/history ] && [ "$(ls -A ./allure-report/history 2>/dev/null)" ]; then[0m
2026-02-27T21:24:47.1973437Z [36;1m      cp -r ./allure-report/history/. "./${GH_PAGES}/last-history"[0m
2026-02-27T21:24:47.1973739Z [36;1m    fi[0m
2026-02-27T21:24:47.1973898Z [36;1m  fi;[0m
2026-02-27T21:24:47.1974054Z [36;1mfi;[0m
2026-02-27T21:24:47.1974286Z [36;1m#--------------------------------------------------------------------[0m
2026-02-27T21:24:47.2023625Z shell: /usr/bin/bash --noprofile --norc -e -o pipefail {0}
2026-02-27T21:24:47.2023939Z env:
2026-02-27T21:24:47.2024170Z   pythonLocation: /opt/hostedtoolcache/Python/3.13.12/x64
2026-02-27T21:24:47.2024572Z   PKG_CONFIG_PATH: /opt/hostedtoolcache/Python/3.13.12/x64/lib/pkgconfig
2026-02-27T21:24:47.2024975Z   Python_ROOT_DIR: /opt/hostedtoolcache/Python/3.13.12/x64
2026-02-27T21:24:47.2025327Z   Python2_ROOT_DIR: /opt/hostedtoolcache/Python/3.13.12/x64
2026-02-27T21:24:47.2025678Z   Python3_ROOT_DIR: /opt/hostedtoolcache/Python/3.13.12/x64
2026-02-27T21:24:47.2026033Z   LD_LIBRARY_PATH: /opt/hostedtoolcache/Python/3.13.12/x64/lib
2026-02-27T21:24:47.2026337Z   ALLURE_FLAG: false
2026-02-27T21:24:47.2026509Z   ENV: QA
2026-02-27T21:24:47.2027013Z   TOKEN: ***
2026-02-27T21:24:47.2027199Z   GH_PAGES: gh_pages
2026-02-27T21:24:47.2027393Z   SUBFOLDER: docs
2026-02-27T21:24:47.2027562Z   KEEP_REPORTS: 20
2026-02-27T21:24:47.2027745Z   GITHUB_RUN_ID: 22504364968
2026-02-27T21:24:47.2028001Z   REPO: PavanMudigonda/html-reporter-github-pages
2026-02-27T21:24:47.2028362Z   GITHUB_REPOSITORY: PavanMudigonda/html-reporter-github-pages
2026-02-27T21:24:47.2028676Z   REPORT_URL: 
2026-02-27T21:24:47.2028837Z   EXTERNAL_REPO: 
2026-02-27T21:24:47.2029009Z   RUNNER_OS: Linux
2026-02-27T21:24:47.2029174Z   GITHUB_RUN_NUM: 120
2026-02-27T21:24:47.2029353Z   TOOL_NAME: cucumber
2026-02-27T21:24:47.2029533Z   ORDER: descending
2026-02-27T21:24:47.2029776Z   GH_TOKEN: ***
2026-02-27T21:24:47.2029951Z   TEST_RESULTS: test-results
2026-02-27T21:24:47.2030151Z   USE_ACTIONS_SUMMARY: true
2026-02-27T21:24:47.2030348Z   WORKFLOW_NAME: test
2026-02-27T21:24:47.2030547Z   GITHUB_SERVER_URL: https://github.com
2026-02-27T21:24:47.2030835Z   GITHUB_SHA: d670529bac95a974e939642ed9f46ec8629363e4
2026-02-27T21:24:47.2031097Z   GITHUB_REF_NAME: main
2026-02-27T21:24:47.2031283Z ##[endgroup]
2026-02-27T21:24:47.5845547Z https://pavanmudigonda.github.io/html-reporter-github-pages
2026-02-27T21:24:47.5903596Z current path: /home/runner/work/html-reporter-github-pages/html-reporter-github-pages
2026-02-27T21:24:47.5929783Z NEW results history folder gh_pages/docs/cucumber/test/QA
2026-02-27T21:24:47.5930512Z New GH_PAGES folder: gh_pages/docs/cucumber/test/QA
2026-02-27T21:24:47.5931175Z NEW github pages url https://pavanmudigonda.github.io/html-reporter-github-pages/cucumber/test/QA
2026-02-27T21:24:47.5957644Z count numeric run folders in results-history: 12
2026-02-27T21:24:47.5958191Z keep reports count 20
2026-02-27T21:24:47.6671812Z Creating venv at /tmp/tmp.84ImZYuCnE/j2venv for jinja2...
2026-02-27T21:24:51.2880597Z 
2026-02-27T21:24:51.2881810Z [notice] A new release of pip is available: 25.3 -> 26.0.1
2026-02-27T21:24:51.2883252Z [notice] To update, run: /tmp/tmp.84ImZYuCnE/j2venv/bin/python3 -m pip install --upgrade pip
2026-02-27T21:24:51.4128264Z ##[notice]Skipping navigation index.html generation in /home/runner/work/html-reporter-github-pages/html-reporter-github-pages/gh_pages/docs/cucumber/test/QA — existing index.html is a user report, not a generated navigation file.
2026-02-27T21:24:51.4228956Z Completed index html generation
2026-02-27T21:24:51.4545369Z Creating venv at /tmp/tmp.JjyPMsy71L/j2venv for jinja2...
2026-02-27T21:24:54.4937464Z 
2026-02-27T21:24:54.4938531Z [notice] A new release of pip is available: 25.3 -> 26.0.1
2026-02-27T21:24:54.4939802Z [notice] To update, run: /tmp/tmp.JjyPMsy71L/j2venv/bin/python3 -m pip install --upgrade pip
2026-02-27T21:24:54.6265642Z Completed index html generation
2026-02-27T21:24:54.6575624Z Creating venv at /tmp/tmp.As4gjRVWSU/j2venv for jinja2...
2026-02-27T21:24:57.7135666Z 
2026-02-27T21:24:57.7136384Z [notice] A new release of pip is available: 25.3 -> 26.0.1
2026-02-27T21:24:57.7137725Z [notice] To update, run: /tmp/tmp.As4gjRVWSU/j2venv/bin/python3 -m pip install --upgrade pip
2026-02-27T21:24:57.8319089Z ##[notice]Skipping navigation index.html generation in /home/runner/work/html-reporter-github-pages/html-reporter-github-pages/gh_pages/docs — existing index.html is a user report, not a generated navigation file.
2026-02-27T21:24:57.8426929Z Completed index html generation
2026-02-27T21:24:57.8737219Z Creating venv at /tmp/tmp.QrhKckK2zx/j2venv for jinja2...
2026-02-27T21:25:00.9297494Z 
2026-02-27T21:25:00.9298251Z [notice] A new release of pip is available: 25.3 -> 26.0.1
2026-02-27T21:25:00.9299325Z [notice] To update, run: /tmp/tmp.QrhKckK2zx/j2venv/bin/python3 -m pip install --upgrade pip
2026-02-27T21:25:01.0594408Z ##[notice]Skipping navigation index.html generation in /home/runner/work/html-reporter-github-pages/html-reporter-github-pages/gh_pages/docs/cucumber — existing index.html is a user report, not a generated navigation file.
2026-02-27T21:25:01.0720741Z Completed index html generation
2026-02-27T21:25:01.1041569Z Creating venv at /tmp/tmp.l5k6puZrq4/j2venv for jinja2...
2026-02-27T21:25:04.1874183Z 
2026-02-27T21:25:04.1875144Z [notice] A new release of pip is available: 25.3 -> 26.0.1
2026-02-27T21:25:04.1876217Z [notice] To update, run: /tmp/tmp.l5k6puZrq4/j2venv/bin/python3 -m pip install --upgrade pip
2026-02-27T21:25:04.3240026Z ##[notice]Skipping navigation index.html generation in /home/runner/work/html-reporter-github-pages/html-reporter-github-pages/gh_pages/docs/cucumber/test — existing index.html is a user report, not a generated navigation file.
2026-02-27T21:25:04.3373980Z Completed index html generation
2026-02-27T21:25:04.3714350Z Creating venv at /tmp/tmp.ZOkzkKaBJg/j2venv for jinja2...
2026-02-27T21:25:07.5067690Z 
2026-02-27T21:25:07.5068674Z [notice] A new release of pip is available: 25.3 -> 26.0.1
2026-02-27T21:25:07.5069495Z [notice] To update, run: /tmp/tmp.ZOkzkKaBJg/j2venv/bin/python3 -m pip install --upgrade pip
2026-02-27T21:25:07.6318580Z ##[notice]Skipping navigation index.html generation in /home/runner/work/html-reporter-github-pages/html-reporter-github-pages/gh_pages/docs/cucumber/test/QA — existing index.html is a user report, not a generated navigation file.
2026-02-27T21:25:07.6442125Z Completed index html generation
2026-02-27T21:25:07.6562196Z ##[group]Run peaceiris/actions-gh-pages@v4.0.0
2026-02-27T21:25:07.6562668Z with:
2026-02-27T21:25:07.6563030Z   github_token: ***
2026-02-27T21:25:07.6563223Z   force_orphan: true
2026-02-27T21:25:07.6563422Z   publish_branch: gh_pages
2026-02-27T21:25:07.6563629Z   keep_files: false
2026-02-27T21:25:07.6563815Z   publish_dir: gh_pages/docs
2026-02-27T21:25:07.6564033Z   destination_dir: docs
2026-02-27T21:25:07.6564223Z   allow_empty_commit: true
2026-02-27T21:25:07.6564417Z   enable_jekyll: false
2026-02-27T21:25:07.6564604Z   disable_nojekyll: false
2026-02-27T21:25:07.6564795Z   exclude_assets: .github
2026-02-27T21:25:07.6564970Z env:
2026-02-27T21:25:07.6565184Z   pythonLocation: /opt/hostedtoolcache/Python/3.13.12/x64
2026-02-27T21:25:07.6565576Z   PKG_CONFIG_PATH: /opt/hostedtoolcache/Python/3.13.12/x64/lib/pkgconfig
2026-02-27T21:25:07.6565954Z   Python_ROOT_DIR: /opt/hostedtoolcache/Python/3.13.12/x64
2026-02-27T21:25:07.6566293Z   Python2_ROOT_DIR: /opt/hostedtoolcache/Python/3.13.12/x64
2026-02-27T21:25:07.6566632Z   Python3_ROOT_DIR: /opt/hostedtoolcache/Python/3.13.12/x64
2026-02-27T21:25:07.6567145Z   LD_LIBRARY_PATH: /opt/hostedtoolcache/Python/3.13.12/x64/lib
2026-02-27T21:25:07.6567611Z   REPORT_URL: https://pavanmudigonda.github.io/html-reporter-github-pages
2026-02-27T21:25:07.6567983Z   GH_PAGES: gh_pages/docs/cucumber/test/QA
2026-02-27T21:25:07.6568620Z   GITHUB_PAGES_WEBSITE_URL: https://pavanmudigonda.github.io/html-reporter-github-pages/cucumber/test/QA
2026-02-27T21:25:07.6569079Z ##[endgroup]
2026-02-27T21:25:07.7218576Z [INFO] Usage https://github.com/peaceiris/actions-gh-pages#readme
2026-02-27T21:25:07.7223308Z ##[group]Dump inputs
2026-02-27T21:25:07.7223723Z [INFO] GithubToken: true
2026-02-27T21:25:07.7224064Z [INFO] PublishBranch: gh_pages
2026-02-27T21:25:07.7224415Z [INFO] PublishDir: gh_pages/docs
2026-02-27T21:25:07.7224928Z [INFO] DestinationDir: docs
2026-02-27T21:25:07.7225238Z [INFO] ExternalRepository: 
2026-02-27T21:25:07.7225546Z [INFO] AllowEmptyCommit: true
2026-02-27T21:25:07.7225840Z [INFO] KeepFiles: false
2026-02-27T21:25:07.7226100Z [INFO] ForceOrphan: true
2026-02-27T21:25:07.7226309Z [INFO] UserName: 
2026-02-27T21:25:07.7226500Z [INFO] UserEmail: 
2026-02-27T21:25:07.7226695Z [INFO] CommitMessage: 
2026-02-27T21:25:07.7227288Z [INFO] FullCommitMessage: 
2026-02-27T21:25:07.7227662Z [INFO] TagName: 
2026-02-27T21:25:07.7228002Z [INFO] TagMessage: 
2026-02-27T21:25:07.7228460Z [INFO] EnableJekyll (DisableNoJekyll): false
2026-02-27T21:25:07.7228898Z [INFO] CNAME: 
2026-02-27T21:25:07.7229207Z [INFO] ExcludeAssets .github
2026-02-27T21:25:07.7229364Z 
2026-02-27T21:25:07.7229687Z ##[endgroup]
2026-02-27T21:25:07.7230194Z ##[group]Setup auth token
2026-02-27T21:25:07.7230587Z [INFO] setup GITHUB_TOKEN
2026-02-27T21:25:07.7231714Z ##[endgroup]
2026-02-27T21:25:07.7232227Z ##[group]Prepare publishing assets
2026-02-27T21:25:07.7235168Z [INFO] ForceOrphan: true
2026-02-27T21:25:07.7243924Z [INFO] chdir /home/runner/actions_github_pages_1772227507722
2026-02-27T21:25:07.7299114Z [command]/usr/bin/git init
2026-02-27T21:25:07.7355757Z hint: Using 'master' as the name for the initial branch. This default branch name
2026-02-27T21:25:07.7358166Z hint: will change to "main" in Git 3.0. To configure the initial branch name
2026-02-27T21:25:07.7359280Z hint: to use in all of your new repositories, which will suppress this warning,
2026-02-27T21:25:07.7359974Z hint: call:
2026-02-27T21:25:07.7360275Z hint:
2026-02-27T21:25:07.7360802Z hint: 	git config --global init.defaultBranch <name>
2026-02-27T21:25:07.7361315Z hint:
2026-02-27T21:25:07.7361959Z hint: Names commonly chosen instead of 'master' are 'main', 'trunk' and
2026-02-27T21:25:07.7363002Z hint: 'development'. The just-created branch can be renamed via this command:
2026-02-27T21:25:07.7363666Z hint:
2026-02-27T21:25:07.7364018Z hint: 	git branch -m <name>
2026-02-27T21:25:07.7364390Z hint:
2026-02-27T21:25:07.7365101Z hint: Disable this message with "git config set advice.defaultBranchName false"
2026-02-27T21:25:07.7373868Z Initialized empty Git repository in /home/runner/actions_github_pages_1772227507722/.git/
2026-02-27T21:25:07.7408410Z [command]/usr/bin/git checkout --orphan gh_pages
2026-02-27T21:25:07.7436059Z Switched to a new branch 'gh_pages'
2026-02-27T21:25:07.7442442Z [INFO] prepare publishing assets
2026-02-27T21:25:07.7443901Z [INFO] copy /home/runner/work/html-reporter-github-pages/html-reporter-github-pages/gh_pages/docs to /home/runner/actions_github_pages_1772227507722/docs
2026-02-27T21:25:07.8193838Z cp: no such file or directory: /home/runner/work/html-reporter-github-pages/html-reporter-github-pages/gh_pages/docs/.*
2026-02-27T21:25:07.8195970Z [INFO] delete excluded assets
2026-02-27T21:25:07.8231643Z rm: no paths given
2026-02-27T21:25:07.8234374Z [INFO] Created /home/runner/actions_github_pages_1772227507722/.nojekyll
2026-02-27T21:25:07.8235238Z ##[endgroup]
2026-02-27T21:25:07.8236365Z ##[group]Setup Git config
2026-02-27T21:25:07.8256429Z [command]/usr/bin/git remote rm origin
2026-02-27T21:25:07.8297779Z error: No such remote: 'origin'
2026-02-27T21:25:07.8305937Z [INFO] The process '/usr/bin/git' failed with exit code 2
2026-02-27T21:25:07.8328624Z [command]/usr/bin/git remote add origin ***github.com/PavanMudigonda/html-reporter-github-pages.git
2026-02-27T21:25:07.8390231Z [command]/usr/bin/git add --all
2026-02-27T21:25:07.9804974Z [command]/usr/bin/git config user.name PavanMudigondaTR
2026-02-27T21:25:07.9864790Z [command]/usr/bin/git config user.email PavanMudigondaTR@users.noreply.github.com
2026-02-27T21:25:07.9904734Z ##[endgroup]
2026-02-27T21:25:07.9905342Z ##[group]Create a commit
2026-02-27T21:25:07.9922533Z [command]/usr/bin/git commit --allow-empty -m deploy: d670529bac95a974e939642ed9f46ec8629363e4
2026-02-27T21:25:08.1075224Z [gh_pages (root-commit) c0e9c0b] deploy: d670529bac95a974e939642ed9f46ec8629363e4
2026-02-27T21:25:08.1076551Z  269 files changed, 5877 insertions(+)
2026-02-27T21:25:08.1077444Z  create mode 100644 .nojekyll
2026-02-27T21:25:08.1078024Z  create mode 100644 docs/cucumber/index.html
2026-02-27T21:25:08.1079107Z  create mode 100644 docs/cucumber/test/QA/106/data/5f0633a6c88f56aecd7e663d5fc25aadc7e29d34.zip
2026-02-27T21:25:08.1080404Z  create mode 100644 docs/cucumber/test/QA/106/data/726ba10d0d6d6472e2202d1dbb2f0cfdf58261b3.webm
2026-02-27T21:25:08.1081329Z  create mode 100644 docs/cucumber/test/QA/106/data/d495cc8c8a7f57b7b572c7abd8696843e3cd2e7e.png
2026-02-27T21:25:08.1082414Z  create mode 100644 docs/cucumber/test/QA/106/index.html
2026-02-27T21:25:08.1083369Z  create mode 100644 docs/cucumber/test/QA/106/salesforce-test-Chrome/test-failed-1.png
2026-02-27T21:25:08.1084375Z  create mode 100644 docs/cucumber/test/QA/106/salesforce-test-Chrome/trace.zip
2026-02-27T21:25:08.1085337Z  create mode 100644 docs/cucumber/test/QA/106/salesforce-test-Chrome/video.webm
2026-02-27T21:25:08.1085964Z  create mode 100644 docs/cucumber/test/QA/106/test-result.json
2026-02-27T21:25:08.1086428Z  create mode 100644 docs/cucumber/test/QA/106/test-result.xml
2026-02-27T21:25:08.1087136Z  create mode 100644 docs/cucumber/test/QA/106/trace/codicon.dcd00fb4.ttf
2026-02-27T21:25:08.1087715Z  create mode 100644 docs/cucumber/test/QA/106/trace/icon-16x16.png
2026-02-27T21:25:08.1088336Z  create mode 100644 docs/cucumber/test/QA/106/trace/icon-192x192.png
2026-02-27T21:25:08.1088960Z  create mode 100644 docs/cucumber/test/QA/106/trace/icon-256x256.png
2026-02-27T21:25:08.1089468Z  create mode 100644 docs/cucumber/test/QA/106/trace/icon-32x32.png
2026-02-27T21:25:08.1089954Z  create mode 100644 docs/cucumber/test/QA/106/trace/icon-384x384.png
2026-02-27T21:25:08.1090455Z  create mode 100644 docs/cucumber/test/QA/106/trace/icon-512x512.png
2026-02-27T21:25:08.1091077Z  create mode 100644 docs/cucumber/test/QA/106/trace/index.html
2026-02-27T21:25:08.1091693Z  create mode 100644 docs/cucumber/test/QA/106/trace/main.a5d7e729.css
2026-02-27T21:25:08.1092200Z  create mode 100644 docs/cucumber/test/QA/106/trace/main.ce7ea3d1.js
2026-02-27T21:25:08.1092686Z  create mode 100644 docs/cucumber/test/QA/106/trace/sw.bundle.js
2026-02-27T21:25:08.1093706Z  create mode 100644 docs/cucumber/test/QA/107/data/5f0633a6c88f56aecd7e663d5fc25aadc7e29d34.zip
2026-02-27T21:25:08.1094553Z  create mode 100644 docs/cucumber/test/QA/107/data/726ba10d0d6d6472e2202d1dbb2f0cfdf58261b3.webm
2026-02-27T21:25:08.1095228Z  create mode 100644 docs/cucumber/test/QA/107/data/d495cc8c8a7f57b7b572c7abd8696843e3cd2e7e.png
2026-02-27T21:25:08.1095743Z  create mode 100644 docs/cucumber/test/QA/107/index.html
2026-02-27T21:25:08.1096220Z  create mode 100644 docs/cucumber/test/QA/107/salesforce-test-Chrome/test-failed-1.png
2026-02-27T21:25:08.1097235Z  create mode 100644 docs/cucumber/test/QA/107/salesforce-test-Chrome/trace.zip
2026-02-27T21:25:08.1097916Z  create mode 100644 docs/cucumber/test/QA/107/salesforce-test-Chrome/video.webm
2026-02-27T21:25:08.1098603Z  create mode 100644 docs/cucumber/test/QA/107/test-result.json
2026-02-27T21:25:08.1099408Z  create mode 100644 docs/cucumber/test/QA/107/test-result.xml
2026-02-27T21:25:08.1100283Z  create mode 100644 docs/cucumber/test/QA/107/trace/codicon.dcd00fb4.ttf
2026-02-27T21:25:08.1101131Z  create mode 100644 docs/cucumber/test/QA/107/trace/icon-16x16.png
2026-02-27T21:25:08.1101940Z  create mode 100644 docs/cucumber/test/QA/107/trace/icon-192x192.png
2026-02-27T21:25:08.1102729Z  create mode 100644 docs/cucumber/test/QA/107/trace/icon-256x256.png
2026-02-27T21:25:08.1103748Z  create mode 100644 docs/cucumber/test/QA/107/trace/icon-32x32.png
2026-02-27T21:25:08.1104499Z  create mode 100644 docs/cucumber/test/QA/107/trace/icon-384x384.png
2026-02-27T21:25:08.1105300Z  create mode 100644 docs/cucumber/test/QA/107/trace/icon-512x512.png
2026-02-27T21:25:08.1106054Z  create mode 100644 docs/cucumber/test/QA/107/trace/index.html
2026-02-27T21:25:08.1107076Z  create mode 100644 docs/cucumber/test/QA/107/trace/main.a5d7e729.css
2026-02-27T21:25:08.1107932Z  create mode 100644 docs/cucumber/test/QA/107/trace/main.ce7ea3d1.js
2026-02-27T21:25:08.1108681Z  create mode 100644 docs/cucumber/test/QA/107/trace/sw.bundle.js
2026-02-27T21:25:08.1109577Z  create mode 100644 docs/cucumber/test/QA/108/data/5f0633a6c88f56aecd7e663d5fc25aadc7e29d34.zip
2026-02-27T21:25:08.1110596Z  create mode 100644 docs/cucumber/test/QA/108/data/726ba10d0d6d6472e2202d1dbb2f0cfdf58261b3.webm
2026-02-27T21:25:08.1111599Z  create mode 100644 docs/cucumber/test/QA/108/data/d495cc8c8a7f57b7b572c7abd8696843e3cd2e7e.png
2026-02-27T21:25:08.1112430Z  create mode 100644 docs/cucumber/test/QA/108/index.html
2026-02-27T21:25:08.1113233Z  create mode 100644 docs/cucumber/test/QA/108/salesforce-test-Chrome/test-failed-1.png
2026-02-27T21:25:08.1114157Z  create mode 100644 docs/cucumber/test/QA/108/salesforce-test-Chrome/trace.zip
2026-02-27T21:25:08.1115050Z  create mode 100644 docs/cucumber/test/QA/108/salesforce-test-Chrome/video.webm
2026-02-27T21:25:08.1116139Z  create mode 100644 docs/cucumber/test/QA/108/test-result.json
2026-02-27T21:25:08.1117007Z  create mode 100644 docs/cucumber/test/QA/108/test-result.xml
2026-02-27T21:25:08.1117518Z  create mode 100644 docs/cucumber/test/QA/108/trace/codicon.dcd00fb4.ttf
2026-02-27T21:25:08.1117998Z  create mode 100644 docs/cucumber/test/QA/108/trace/icon-16x16.png
2026-02-27T21:25:08.1118442Z  create mode 100644 docs/cucumber/test/QA/108/trace/icon-192x192.png
2026-02-27T21:25:08.1118893Z  create mode 100644 docs/cucumber/test/QA/108/trace/icon-256x256.png
2026-02-27T21:25:08.1119343Z  create mode 100644 docs/cucumber/test/QA/108/trace/icon-32x32.png
2026-02-27T21:25:08.1119766Z  create mode 100644 docs/cucumber/test/QA/108/trace/icon-384x384.png
2026-02-27T21:25:08.1120203Z  create mode 100644 docs/cucumber/test/QA/108/trace/icon-512x512.png
2026-02-27T21:25:08.1120618Z  create mode 100644 docs/cucumber/test/QA/108/trace/index.html
2026-02-27T21:25:08.1121037Z  create mode 100644 docs/cucumber/test/QA/108/trace/main.a5d7e729.css
2026-02-27T21:25:08.1121471Z  create mode 100644 docs/cucumber/test/QA/108/trace/main.ce7ea3d1.js
2026-02-27T21:25:08.1121889Z  create mode 100644 docs/cucumber/test/QA/108/trace/sw.bundle.js
2026-02-27T21:25:08.1122604Z  create mode 100644 docs/cucumber/test/QA/110/data/5f0633a6c88f56aecd7e663d5fc25aadc7e29d34.zip
2026-02-27T21:25:08.1123276Z  create mode 100644 docs/cucumber/test/QA/110/data/726ba10d0d6d6472e2202d1dbb2f0cfdf58261b3.webm
2026-02-27T21:25:08.1123937Z  create mode 100644 docs/cucumber/test/QA/110/data/d495cc8c8a7f57b7b572c7abd8696843e3cd2e7e.png
2026-02-27T21:25:08.1124855Z  create mode 100644 docs/cucumber/test/QA/110/index.html
2026-02-27T21:25:08.1125726Z  create mode 100644 docs/cucumber/test/QA/110/salesforce-test-Chrome/test-failed-1.png
2026-02-27T21:25:08.1126743Z  create mode 100644 docs/cucumber/test/QA/110/salesforce-test-Chrome/trace.zip
2026-02-27T21:25:08.1127986Z  create mode 100644 docs/cucumber/test/QA/110/salesforce-test-Chrome/video.webm
2026-02-27T21:25:08.1128841Z  create mode 100644 docs/cucumber/test/QA/110/test-result.json
2026-02-27T21:25:08.1129599Z  create mode 100644 docs/cucumber/test/QA/110/test-result.xml
2026-02-27T21:25:08.1130134Z  create mode 100644 docs/cucumber/test/QA/110/trace/codicon.dcd00fb4.ttf
2026-02-27T21:25:08.1130602Z  create mode 100644 docs/cucumber/test/QA/110/trace/icon-16x16.png
2026-02-27T21:25:08.1131042Z  create mode 100644 docs/cucumber/test/QA/110/trace/icon-192x192.png
2026-02-27T21:25:08.1131467Z  create mode 100644 docs/cucumber/test/QA/110/trace/icon-256x256.png
2026-02-27T21:25:08.1132081Z  create mode 100644 docs/cucumber/test/QA/110/trace/icon-32x32.png
2026-02-27T21:25:08.1132508Z  create mode 100644 docs/cucumber/test/QA/110/trace/icon-384x384.png
2026-02-27T21:25:08.1132926Z  create mode 100644 docs/cucumber/test/QA/110/trace/icon-512x512.png
2026-02-27T21:25:08.1133336Z  create mode 100644 docs/cucumber/test/QA/110/trace/index.html
2026-02-27T21:25:08.1133759Z  create mode 100644 docs/cucumber/test/QA/110/trace/main.a5d7e729.css
2026-02-27T21:25:08.1134184Z  create mode 100644 docs/cucumber/test/QA/110/trace/main.ce7ea3d1.js
2026-02-27T21:25:08.1134601Z  create mode 100644 docs/cucumber/test/QA/110/trace/sw.bundle.js
2026-02-27T21:25:08.1135137Z  create mode 100644 docs/cucumber/test/QA/112/data/5f0633a6c88f56aecd7e663d5fc25aadc7e29d34.zip
2026-02-27T21:25:08.1135778Z  create mode 100644 docs/cucumber/test/QA/112/data/726ba10d0d6d6472e2202d1dbb2f0cfdf58261b3.webm
2026-02-27T21:25:08.1136418Z  create mode 100644 docs/cucumber/test/QA/112/data/d495cc8c8a7f57b7b572c7abd8696843e3cd2e7e.png
2026-02-27T21:25:08.1137178Z  create mode 100644 docs/cucumber/test/QA/112/index.html
2026-02-27T21:25:08.1137663Z  create mode 100644 docs/cucumber/test/QA/112/salesforce-test-Chrome/test-failed-1.png
2026-02-27T21:25:08.1138223Z  create mode 100644 docs/cucumber/test/QA/112/salesforce-test-Chrome/trace.zip
2026-02-27T21:25:08.1138752Z  create mode 100644 docs/cucumber/test/QA/112/salesforce-test-Chrome/video.webm
2026-02-27T21:25:08.1139223Z  create mode 100644 docs/cucumber/test/QA/112/test-result.json
2026-02-27T21:25:08.1139619Z  create mode 100644 docs/cucumber/test/QA/112/test-result.xml
2026-02-27T21:25:08.1140051Z  create mode 100644 docs/cucumber/test/QA/112/trace/codicon.dcd00fb4.ttf
2026-02-27T21:25:08.1140496Z  create mode 100644 docs/cucumber/test/QA/112/trace/icon-16x16.png
2026-02-27T21:25:08.1140929Z  create mode 100644 docs/cucumber/test/QA/112/trace/icon-192x192.png
2026-02-27T21:25:08.1141365Z  create mode 100644 docs/cucumber/test/QA/112/trace/icon-256x256.png
2026-02-27T21:25:08.1141788Z  create mode 100644 docs/cucumber/test/QA/112/trace/icon-32x32.png
2026-02-27T21:25:08.1142216Z  create mode 100644 docs/cucumber/test/QA/112/trace/icon-384x384.png
2026-02-27T21:25:08.1142650Z  create mode 100644 docs/cucumber/test/QA/112/trace/icon-512x512.png
2026-02-27T21:25:08.1143056Z  create mode 100644 docs/cucumber/test/QA/112/trace/index.html
2026-02-27T21:25:08.1143477Z  create mode 100644 docs/cucumber/test/QA/112/trace/main.a5d7e729.css
2026-02-27T21:25:08.1143914Z  create mode 100644 docs/cucumber/test/QA/112/trace/main.ce7ea3d1.js
2026-02-27T21:25:08.1144326Z  create mode 100644 docs/cucumber/test/QA/112/trace/sw.bundle.js
2026-02-27T21:25:08.1145003Z  create mode 100644 docs/cucumber/test/QA/113/data/5f0633a6c88f56aecd7e663d5fc25aadc7e29d34.zip
2026-02-27T21:25:08.1145654Z  create mode 100644 docs/cucumber/test/QA/113/data/726ba10d0d6d6472e2202d1dbb2f0cfdf58261b3.webm
2026-02-27T21:25:08.1146295Z  create mode 100644 docs/cucumber/test/QA/113/data/d495cc8c8a7f57b7b572c7abd8696843e3cd2e7e.png
2026-02-27T21:25:08.1146973Z  create mode 100644 docs/cucumber/test/QA/113/index.html
2026-02-27T21:25:08.1147504Z  create mode 100644 docs/cucumber/test/QA/113/salesforce-test-Chrome/test-failed-1.png
2026-02-27T21:25:08.1148072Z  create mode 100644 docs/cucumber/test/QA/113/salesforce-test-Chrome/trace.zip
2026-02-27T21:25:08.1148598Z  create mode 100644 docs/cucumber/test/QA/113/salesforce-test-Chrome/video.webm
2026-02-27T21:25:08.1149066Z  create mode 100644 docs/cucumber/test/QA/113/test-result.json
2026-02-27T21:25:08.1149466Z  create mode 100644 docs/cucumber/test/QA/113/test-result.xml
2026-02-27T21:25:08.1149893Z  create mode 100644 docs/cucumber/test/QA/113/trace/codicon.dcd00fb4.ttf
2026-02-27T21:25:08.1150348Z  create mode 100644 docs/cucumber/test/QA/113/trace/icon-16x16.png
2026-02-27T21:25:08.1150782Z  create mode 100644 docs/cucumber/test/QA/113/trace/icon-192x192.png
2026-02-27T21:25:08.1151207Z  create mode 100644 docs/cucumber/test/QA/113/trace/icon-256x256.png
2026-02-27T21:25:08.1151769Z  create mode 100644 docs/cucumber/test/QA/113/trace/icon-32x32.png
2026-02-27T21:25:08.1152192Z  create mode 100644 docs/cucumber/test/QA/113/trace/icon-384x384.png
2026-02-27T21:25:08.1152615Z  create mode 100644 docs/cucumber/test/QA/113/trace/icon-512x512.png
2026-02-27T21:25:08.1153026Z  create mode 100644 docs/cucumber/test/QA/113/trace/index.html
2026-02-27T21:25:08.1153437Z  create mode 100644 docs/cucumber/test/QA/113/trace/main.a5d7e729.css
2026-02-27T21:25:08.1153884Z  create mode 100644 docs/cucumber/test/QA/113/trace/main.ce7ea3d1.js
2026-02-27T21:25:08.1154306Z  create mode 100644 docs/cucumber/test/QA/113/trace/sw.bundle.js
2026-02-27T21:25:08.1154899Z  create mode 100644 docs/cucumber/test/QA/114/data/5f0633a6c88f56aecd7e663d5fc25aadc7e29d34.zip
2026-02-27T21:25:08.1155556Z  create mode 100644 docs/cucumber/test/QA/114/data/726ba10d0d6d6472e2202d1dbb2f0cfdf58261b3.webm
2026-02-27T21:25:08.1156211Z  create mode 100644 docs/cucumber/test/QA/114/data/d495cc8c8a7f57b7b572c7abd8696843e3cd2e7e.png
2026-02-27T21:25:08.1156720Z  create mode 100644 docs/cucumber/test/QA/114/index.html
2026-02-27T21:25:08.1157429Z  create mode 100644 docs/cucumber/test/QA/114/salesforce-test-Chrome/test-failed-1.png
2026-02-27T21:25:08.1158001Z  create mode 100644 docs/cucumber/test/QA/114/salesforce-test-Chrome/trace.zip
2026-02-27T21:25:08.1158544Z  create mode 100644 docs/cucumber/test/QA/114/salesforce-test-Chrome/video.webm
2026-02-27T21:25:08.1159018Z  create mode 100644 docs/cucumber/test/QA/114/test-result.json
2026-02-27T21:25:08.1159426Z  create mode 100644 docs/cucumber/test/QA/114/test-result.xml
2026-02-27T21:25:08.1159859Z  create mode 100644 docs/cucumber/test/QA/114/trace/codicon.dcd00fb4.ttf
2026-02-27T21:25:08.1160319Z  create mode 100644 docs/cucumber/test/QA/114/trace/icon-16x16.png
2026-02-27T21:25:08.1160761Z  create mode 100644 docs/cucumber/test/QA/114/trace/icon-192x192.png
2026-02-27T21:25:08.1161205Z  create mode 100644 docs/cucumber/test/QA/114/trace/icon-256x256.png
2026-02-27T21:25:08.1161631Z  create mode 100644 docs/cucumber/test/QA/114/trace/icon-32x32.png
2026-02-27T21:25:08.1162056Z  create mode 100644 docs/cucumber/test/QA/114/trace/icon-384x384.png
2026-02-27T21:25:08.1162483Z  create mode 100644 docs/cucumber/test/QA/114/trace/icon-512x512.png
2026-02-27T21:25:08.1162894Z  create mode 100644 docs/cucumber/test/QA/114/trace/index.html
2026-02-27T21:25:08.1163319Z  create mode 100644 docs/cucumber/test/QA/114/trace/main.a5d7e729.css
2026-02-27T21:25:08.1163753Z  create mode 100644 docs/cucumber/test/QA/114/trace/main.ce7ea3d1.js
2026-02-27T21:25:08.1164169Z  create mode 100644 docs/cucumber/test/QA/114/trace/sw.bundle.js
2026-02-27T21:25:08.1164834Z  create mode 100644 docs/cucumber/test/QA/115/data/5f0633a6c88f56aecd7e663d5fc25aadc7e29d34.zip
2026-02-27T21:25:08.1165487Z  create mode 100644 docs/cucumber/test/QA/115/data/726ba10d0d6d6472e2202d1dbb2f0cfdf58261b3.webm
2026-02-27T21:25:08.1166121Z  create mode 100644 docs/cucumber/test/QA/115/data/d495cc8c8a7f57b7b572c7abd8696843e3cd2e7e.png
2026-02-27T21:25:08.1166628Z  create mode 100644 docs/cucumber/test/QA/115/index.html
2026-02-27T21:25:08.1167348Z  create mode 100644 docs/cucumber/test/QA/115/salesforce-test-Chrome/test-failed-1.png
2026-02-27T21:25:08.1167904Z  create mode 100644 docs/cucumber/test/QA/115/salesforce-test-Chrome/trace.zip
2026-02-27T21:25:08.1168433Z  create mode 100644 docs/cucumber/test/QA/115/salesforce-test-Chrome/video.webm
2026-02-27T21:25:08.1168896Z  create mode 100644 docs/cucumber/test/QA/115/test-result.json
2026-02-27T21:25:08.1169286Z  create mode 100644 docs/cucumber/test/QA/115/test-result.xml
2026-02-27T21:25:08.1169720Z  create mode 100644 docs/cucumber/test/QA/115/trace/codicon.dcd00fb4.ttf
2026-02-27T21:25:08.1170183Z  create mode 100644 docs/cucumber/test/QA/115/trace/icon-16x16.png
2026-02-27T21:25:08.1170608Z  create mode 100644 docs/cucumber/test/QA/115/trace/icon-192x192.png
2026-02-27T21:25:08.1171041Z  create mode 100644 docs/cucumber/test/QA/115/trace/icon-256x256.png
2026-02-27T21:25:08.1171611Z  create mode 100644 docs/cucumber/test/QA/115/trace/icon-32x32.png
2026-02-27T21:25:08.1172028Z  create mode 100644 docs/cucumber/test/QA/115/trace/icon-384x384.png
2026-02-27T21:25:08.1172456Z  create mode 100644 docs/cucumber/test/QA/115/trace/icon-512x512.png
2026-02-27T21:25:08.1172863Z  create mode 100644 docs/cucumber/test/QA/115/trace/index.html
2026-02-27T21:25:08.1173273Z  create mode 100644 docs/cucumber/test/QA/115/trace/main.a5d7e729.css
2026-02-27T21:25:08.1173710Z  create mode 100644 docs/cucumber/test/QA/115/trace/main.ce7ea3d1.js
2026-02-27T21:25:08.1174124Z  create mode 100644 docs/cucumber/test/QA/115/trace/sw.bundle.js
2026-02-27T21:25:08.1174649Z  create mode 100644 docs/cucumber/test/QA/116/data/5f0633a6c88f56aecd7e663d5fc25aadc7e29d34.zip
2026-02-27T21:25:08.1175321Z  create mode 100644 docs/cucumber/test/QA/116/data/726ba10d0d6d6472e2202d1dbb2f0cfdf58261b3.webm
2026-02-27T21:25:08.1175968Z  create mode 100644 docs/cucumber/test/QA/116/data/d495cc8c8a7f57b7b572c7abd8696843e3cd2e7e.png
2026-02-27T21:25:08.1176483Z  create mode 100644 docs/cucumber/test/QA/116/index.html
2026-02-27T21:25:08.1177224Z  create mode 100644 docs/cucumber/test/QA/116/salesforce-test-Chrome/test-failed-1.png
2026-02-27T21:25:08.1177809Z  create mode 100644 docs/cucumber/test/QA/116/salesforce-test-Chrome/trace.zip
2026-02-27T21:25:08.1178352Z  create mode 100644 docs/cucumber/test/QA/116/salesforce-test-Chrome/video.webm
2026-02-27T21:25:08.1178825Z  create mode 100644 docs/cucumber/test/QA/116/test-result.json
2026-02-27T21:25:08.1179231Z  create mode 100644 docs/cucumber/test/QA/116/test-result.xml
2026-02-27T21:25:08.1179679Z  create mode 100644 docs/cucumber/test/QA/116/trace/codicon.dcd00fb4.ttf
2026-02-27T21:25:08.1180135Z  create mode 100644 docs/cucumber/test/QA/116/trace/icon-16x16.png
2026-02-27T21:25:08.1180571Z  create mode 100644 docs/cucumber/test/QA/116/trace/icon-192x192.png
2026-02-27T21:25:08.1180999Z  create mode 100644 docs/cucumber/test/QA/116/trace/icon-256x256.png
2026-02-27T21:25:08.1181433Z  create mode 100644 docs/cucumber/test/QA/116/trace/icon-32x32.png
2026-02-27T21:25:08.1181860Z  create mode 100644 docs/cucumber/test/QA/116/trace/icon-384x384.png
2026-02-27T21:25:08.1182287Z  create mode 100644 docs/cucumber/test/QA/116/trace/icon-512x512.png
2026-02-27T21:25:08.1182698Z  create mode 100644 docs/cucumber/test/QA/116/trace/index.html
2026-02-27T21:25:08.1183118Z  create mode 100644 docs/cucumber/test/QA/116/trace/main.a5d7e729.css
2026-02-27T21:25:08.1183545Z  create mode 100644 docs/cucumber/test/QA/116/trace/main.ce7ea3d1.js
2026-02-27T21:25:08.1183961Z  create mode 100644 docs/cucumber/test/QA/116/trace/sw.bundle.js
2026-02-27T21:25:08.1184471Z  create mode 100644 docs/cucumber/test/QA/117/.created_at
2026-02-27T21:25:08.1184996Z  create mode 100644 docs/cucumber/test/QA/117/data/5f0633a6c88f56aecd7e663d5fc25aadc7e29d34.zip
2026-02-27T21:25:08.1185643Z  create mode 100644 docs/cucumber/test/QA/117/data/726ba10d0d6d6472e2202d1dbb2f0cfdf58261b3.webm
2026-02-27T21:25:08.1186284Z  create mode 100644 docs/cucumber/test/QA/117/data/d495cc8c8a7f57b7b572c7abd8696843e3cd2e7e.png
2026-02-27T21:25:08.1186914Z  create mode 100644 docs/cucumber/test/QA/117/index.html
2026-02-27T21:25:08.1187405Z  create mode 100644 docs/cucumber/test/QA/117/salesforce-test-Chrome/test-failed-1.png
2026-02-27T21:25:08.1187970Z  create mode 100644 docs/cucumber/test/QA/117/salesforce-test-Chrome/trace.zip
2026-02-27T21:25:08.1188497Z  create mode 100644 docs/cucumber/test/QA/117/salesforce-test-Chrome/video.webm
2026-02-27T21:25:08.1188983Z  create mode 100644 docs/cucumber/test/QA/117/test-result.json
2026-02-27T21:25:08.1189388Z  create mode 100644 docs/cucumber/test/QA/117/test-result.xml
2026-02-27T21:25:08.1189825Z  create mode 100644 docs/cucumber/test/QA/117/trace/codicon.dcd00fb4.ttf
2026-02-27T21:25:08.1190279Z  create mode 100644 docs/cucumber/test/QA/117/trace/icon-16x16.png
2026-02-27T21:25:08.1190713Z  create mode 100644 docs/cucumber/test/QA/117/trace/icon-192x192.png
2026-02-27T21:25:08.1191273Z  create mode 100644 docs/cucumber/test/QA/117/trace/icon-256x256.png
2026-02-27T21:25:08.1191701Z  create mode 100644 docs/cucumber/test/QA/117/trace/icon-32x32.png
2026-02-27T21:25:08.1192134Z  create mode 100644 docs/cucumber/test/QA/117/trace/icon-384x384.png
2026-02-27T21:25:08.1192556Z  create mode 100644 docs/cucumber/test/QA/117/trace/icon-512x512.png
2026-02-27T21:25:08.1192968Z  create mode 100644 docs/cucumber/test/QA/117/trace/index.html
2026-02-27T21:25:08.1193390Z  create mode 100644 docs/cucumber/test/QA/117/trace/main.a5d7e729.css
2026-02-27T21:25:08.1193821Z  create mode 100644 docs/cucumber/test/QA/117/trace/main.ce7ea3d1.js
2026-02-27T21:25:08.1194244Z  create mode 100644 docs/cucumber/test/QA/117/trace/sw.bundle.js
2026-02-27T21:25:08.1194630Z  create mode 100644 docs/cucumber/test/QA/118/.created_at
2026-02-27T21:25:08.1195141Z  create mode 100644 docs/cucumber/test/QA/118/data/5f0633a6c88f56aecd7e663d5fc25aadc7e29d34.zip
2026-02-27T21:25:08.1195792Z  create mode 100644 docs/cucumber/test/QA/118/data/726ba10d0d6d6472e2202d1dbb2f0cfdf58261b3.webm
2026-02-27T21:25:08.1196442Z  create mode 100644 docs/cucumber/test/QA/118/data/d495cc8c8a7f57b7b572c7abd8696843e3cd2e7e.png
2026-02-27T21:25:08.1197050Z  create mode 100644 docs/cucumber/test/QA/118/index.html
2026-02-27T21:25:08.1197527Z  create mode 100644 docs/cucumber/test/QA/118/salesforce-test-Chrome/test-failed-1.png
2026-02-27T21:25:08.1198087Z  create mode 100644 docs/cucumber/test/QA/118/salesforce-test-Chrome/trace.zip
2026-02-27T21:25:08.1198607Z  create mode 100644 docs/cucumber/test/QA/118/salesforce-test-Chrome/video.webm
2026-02-27T21:25:08.1199071Z  create mode 100644 docs/cucumber/test/QA/118/test-result.json
2026-02-27T21:25:08.1199476Z  create mode 100644 docs/cucumber/test/QA/118/test-result.xml
2026-02-27T21:25:08.1199903Z  create mode 100644 docs/cucumber/test/QA/118/trace/codicon.dcd00fb4.ttf
2026-02-27T21:25:08.1200599Z  create mode 100644 docs/cucumber/test/QA/118/trace/icon-16x16.png
2026-02-27T21:25:08.1201472Z  create mode 100644 docs/cucumber/test/QA/118/trace/icon-192x192.png
2026-02-27T21:25:08.1202169Z  create mode 100644 docs/cucumber/test/QA/118/trace/icon-256x256.png
2026-02-27T21:25:08.1202611Z  create mode 100644 docs/cucumber/test/QA/118/trace/icon-32x32.png
2026-02-27T21:25:08.1203048Z  create mode 100644 docs/cucumber/test/QA/118/trace/icon-384x384.png
2026-02-27T21:25:08.1203494Z  create mode 100644 docs/cucumber/test/QA/118/trace/icon-512x512.png
2026-02-27T21:25:08.1203918Z  create mode 100644 docs/cucumber/test/QA/118/trace/index.html
2026-02-27T21:25:08.1204345Z  create mode 100644 docs/cucumber/test/QA/118/trace/main.a5d7e729.css
2026-02-27T21:25:08.1204948Z  create mode 100644 docs/cucumber/test/QA/118/trace/main.ce7ea3d1.js
2026-02-27T21:25:08.1205386Z  create mode 100644 docs/cucumber/test/QA/118/trace/sw.bundle.js
2026-02-27T21:25:08.1205952Z  create mode 100644 docs/cucumber/test/QA/119/.created_at
2026-02-27T21:25:08.1207044Z  create mode 100644 docs/cucumber/test/QA/119/data/5f0633a6c88f56aecd7e663d5fc25aadc7e29d34.zip
2026-02-27T21:25:08.1207947Z  create mode 100644 docs/cucumber/test/QA/119/data/726ba10d0d6d6472e2202d1dbb2f0cfdf58261b3.webm
2026-02-27T21:25:08.1209038Z  create mode 100644 docs/cucumber/test/QA/119/data/d495cc8c8a7f57b7b572c7abd8696843e3cd2e7e.png
2026-02-27T21:25:08.1209554Z  create mode 100644 docs/cucumber/test/QA/119/index.html
2026-02-27T21:25:08.1210174Z  create mode 100644 docs/cucumber/test/QA/119/salesforce-test-Chrome/test-failed-1.png
2026-02-27T21:25:08.1210741Z  create mode 100644 docs/cucumber/test/QA/119/salesforce-test-Chrome/trace.zip
2026-02-27T21:25:08.1211273Z  create mode 100644 docs/cucumber/test/QA/119/salesforce-test-Chrome/video.webm
2026-02-27T21:25:08.1211749Z  create mode 100644 docs/cucumber/test/QA/119/test-result.json
2026-02-27T21:25:08.1212156Z  create mode 100644 docs/cucumber/test/QA/119/test-result.xml
2026-02-27T21:25:08.1212598Z  create mode 100644 docs/cucumber/test/QA/119/trace/codicon.dcd00fb4.ttf
2026-02-27T21:25:08.1213232Z  create mode 100644 docs/cucumber/test/QA/119/trace/icon-16x16.png
2026-02-27T21:25:08.1213670Z  create mode 100644 docs/cucumber/test/QA/119/trace/icon-192x192.png
2026-02-27T21:25:08.1214103Z  create mode 100644 docs/cucumber/test/QA/119/trace/icon-256x256.png
2026-02-27T21:25:08.1214530Z  create mode 100644 docs/cucumber/test/QA/119/trace/icon-32x32.png
2026-02-27T21:25:08.1214961Z  create mode 100644 docs/cucumber/test/QA/119/trace/icon-384x384.png
2026-02-27T21:25:08.1215386Z  create mode 100644 docs/cucumber/test/QA/119/trace/icon-512x512.png
2026-02-27T21:25:08.1215794Z  create mode 100644 docs/cucumber/test/QA/119/trace/index.html
2026-02-27T21:25:08.1216221Z  create mode 100644 docs/cucumber/test/QA/119/trace/main.a5d7e729.css
2026-02-27T21:25:08.1216655Z  create mode 100644 docs/cucumber/test/QA/119/trace/main.ce7ea3d1.js
2026-02-27T21:25:08.1217332Z  create mode 100644 docs/cucumber/test/QA/119/trace/sw.bundle.js
2026-02-27T21:25:08.1217735Z  create mode 100644 docs/cucumber/test/QA/120/.created_at
2026-02-27T21:25:08.1218261Z  create mode 100644 docs/cucumber/test/QA/120/data/5f0633a6c88f56aecd7e663d5fc25aadc7e29d34.zip
2026-02-27T21:25:08.1218915Z  create mode 100644 docs/cucumber/test/QA/120/data/726ba10d0d6d6472e2202d1dbb2f0cfdf58261b3.webm
2026-02-27T21:25:08.1219553Z  create mode 100644 docs/cucumber/test/QA/120/data/d495cc8c8a7f57b7b572c7abd8696843e3cd2e7e.png
2026-02-27T21:25:08.1220047Z  create mode 100644 docs/cucumber/test/QA/120/index.html
2026-02-27T21:25:08.1220579Z  create mode 100644 docs/cucumber/test/QA/120/salesforce-test-Chrome/test-failed-1.png
2026-02-27T21:25:08.1221139Z  create mode 100644 docs/cucumber/test/QA/120/salesforce-test-Chrome/trace.zip
2026-02-27T21:25:08.1221670Z  create mode 100644 docs/cucumber/test/QA/120/salesforce-test-Chrome/video.webm
2026-02-27T21:25:08.1222141Z  create mode 100644 docs/cucumber/test/QA/120/test-result.json
2026-02-27T21:25:08.1222547Z  create mode 100644 docs/cucumber/test/QA/120/test-result.xml
2026-02-27T21:25:08.1222976Z  create mode 100644 docs/cucumber/test/QA/120/trace/codicon.dcd00fb4.ttf
2026-02-27T21:25:08.1223430Z  create mode 100644 docs/cucumber/test/QA/120/trace/icon-16x16.png
2026-02-27T21:25:08.1223863Z  create mode 100644 docs/cucumber/test/QA/120/trace/icon-192x192.png
2026-02-27T21:25:08.1224296Z  create mode 100644 docs/cucumber/test/QA/120/trace/icon-256x256.png
2026-02-27T21:25:08.1224724Z  create mode 100644 docs/cucumber/test/QA/120/trace/icon-32x32.png
2026-02-27T21:25:08.1225150Z  create mode 100644 docs/cucumber/test/QA/120/trace/icon-384x384.png
2026-02-27T21:25:08.1225573Z  create mode 100644 docs/cucumber/test/QA/120/trace/icon-512x512.png
2026-02-27T21:25:08.1225988Z  create mode 100644 docs/cucumber/test/QA/120/trace/index.html
2026-02-27T21:25:08.1226542Z  create mode 100644 docs/cucumber/test/QA/120/trace/main.a5d7e729.css
2026-02-27T21:25:08.1227101Z  create mode 100644 docs/cucumber/test/QA/120/trace/main.ce7ea3d1.js
2026-02-27T21:25:08.1227526Z  create mode 100644 docs/cucumber/test/QA/120/trace/sw.bundle.js
2026-02-27T21:25:08.1227908Z  create mode 100644 docs/cucumber/test/QA/index.html
2026-02-27T21:25:08.1228499Z  create mode 100644 docs/cucumber/test/index.html
2026-02-27T21:25:08.1228935Z  create mode 100644 docs/index.html
2026-02-27T21:25:08.1229701Z ##[endgroup]
2026-02-27T21:25:08.1230181Z ##[group]Push the commit or tag
2026-02-27T21:25:08.1230537Z [command]/usr/bin/git push origin --force gh_pages
2026-02-27T21:25:10.5650148Z To https://github.com/PavanMudigonda/html-reporter-github-pages.git
2026-02-27T21:25:10.5651115Z  + c9f889f...c0e9c0b gh_pages -> gh_pages (forced update)
2026-02-27T21:25:10.5707753Z ##[endgroup]
2026-02-27T21:25:10.5708269Z [INFO] Action successfully completed
2026-02-27T21:25:10.5795707Z ##[group]Run #----------------------------------------------------------
2026-02-27T21:25:10.5796245Z [36;1m#----------------------------------------------------------[0m
2026-02-27T21:25:10.5796592Z [36;1m# GitHub Pages Site Configuration (consolidated)[0m
2026-02-27T21:25:10.5797391Z [36;1m#----------------------------------------------------------[0m
2026-02-27T21:25:10.5797688Z [36;1mset -e[0m
2026-02-27T21:25:10.5797875Z [36;1mIS_EXTERNAL="false"[0m
2026-02-27T21:25:10.5798119Z [36;1mif [[ -n "${EXTERNAL_REPO}" ]]; then[0m
2026-02-27T21:25:10.5798368Z [36;1m  IS_EXTERNAL="true"[0m
2026-02-27T21:25:10.5798705Z [36;1m  echo "Checking GitHub Pages configuration for external repository..."[0m
2026-02-27T21:25:10.5799052Z [36;1melse[0m
2026-02-27T21:25:10.5799272Z [36;1m  echo "Checking GitHub Pages configuration..."[0m
2026-02-27T21:25:10.5799537Z [36;1mfi[0m
2026-02-27T21:25:10.5799696Z [36;1m[0m
2026-02-27T21:25:10.5799854Z [36;1mgh api \[0m
2026-02-27T21:25:10.5800086Z [36;1m  -H "Accept: application/vnd.github+json" \[0m
2026-02-27T21:25:10.5800410Z [36;1m  -H "X-GitHub-Api-Version: 2022-11-28" \[0m
2026-02-27T21:25:10.5800775Z [36;1m  "/repos/${PAGES_REPO}/pages" --silent > gh-pages.txt 2>&1 || true;[0m
2026-02-27T21:25:10.5801106Z [36;1m[0m
2026-02-27T21:25:10.5801321Z [36;1mGH_SITE_MESSAGE=$(cat gh-pages.txt | xargs)[0m
2026-02-27T21:25:10.5801589Z [36;1m[0m
2026-02-27T21:25:10.5801853Z [36;1mif echo "${GH_SITE_MESSAGE}" | grep -q 'gh: Not Found (HTTP 404)'; then[0m
2026-02-27T21:25:10.5802262Z [36;1m  # GitHub Pages not configured - try to create it[0m
2026-02-27T21:25:10.5802697Z [36;1m  echo "::notice::GitHub Pages not yet configured, attempting to enable it via API"[0m
2026-02-27T21:25:10.5803080Z [36;1m  gh api \[0m
2026-02-27T21:25:10.5803275Z [36;1m    --method POST \[0m
2026-02-27T21:25:10.5803527Z [36;1m    -H "Accept: application/vnd.github+json" \[0m
2026-02-27T21:25:10.5803838Z [36;1m    -H "X-GitHub-Api-Version: 2022-11-28" \[0m
2026-02-27T21:25:10.5804127Z [36;1m    "/repos/${PAGES_REPO}/pages" \[0m
2026-02-27T21:25:10.5804624Z [36;1m     -f "source[branch]=${GH_PAGES_BRANCH}" -f "source[path]=${SOURCE_PATH}" --silent > gh-pages-site.json 2>&1 || true;[0m
2026-02-27T21:25:10.5805103Z [36;1m  [0m
2026-02-27T21:25:10.5805356Z [36;1m  GH_SITE_CREATION_MESSAGE=$(cat gh-pages-site.json | xargs)[0m
2026-02-27T21:25:10.5805810Z [36;1m  if echo "${GH_SITE_CREATION_MESSAGE}" | grep -q 'gh: Not Found (HTTP 404)'; then[0m
2026-02-27T21:25:10.5806475Z [36;1m    echo "::warning::API call to create GitHub Pages site failed (404). Please manually enable GitHub Pages in Settings -> Pages."[0m
2026-02-27T21:25:10.5807419Z [36;1m  elif echo "${GH_SITE_CREATION_MESSAGE}" | grep -q 'gh: Resource not accessible'; then[0m
2026-02-27T21:25:10.5808005Z [36;1m    echo "::warning::API call to create GitHub Pages site failed (403 - Insufficient permissions)."[0m
2026-02-27T21:25:10.5808462Z [36;1m    if [[ "${IS_EXTERNAL}" == "true" ]]; then[0m
2026-02-27T21:25:10.5809191Z [36;1m      echo "::warning::For external repositories, you must use a Personal Access Token (PAT) with 'repo' and 'pages: write' scopes."[0m
2026-02-27T21:25:10.5809899Z [36;1m      echo '::warning::Please provide: token: secrets.YOUR_GITHUB_PAT in your workflow file'[0m
2026-02-27T21:25:10.5810459Z [36;1m    else[0m
2026-02-27T21:25:10.5810946Z [36;1m      echo "::warning::To fix this, add 'pages: write' permission to your workflow, or manually enable GitHub Pages in Settings -> Pages."[0m
2026-02-27T21:25:10.5811478Z [36;1m    fi[0m
2026-02-27T21:25:10.5811644Z [36;1m  else[0m
2026-02-27T21:25:10.5811903Z [36;1m    echo "::notice::GitHub Pages configured successfully via API"[0m
2026-02-27T21:25:10.5812221Z [36;1m  fi;[0m
2026-02-27T21:25:10.5812384Z [36;1melse[0m
2026-02-27T21:25:10.5812622Z [36;1m  # GitHub Pages already exists - check its configuration[0m
2026-02-27T21:25:10.5812959Z [36;1m  echo "GitHub Pages already configured"[0m
2026-02-27T21:25:10.5813214Z [36;1m  [0m
2026-02-27T21:25:10.5813463Z [36;1m  # Check the build_type to determine if we should update[0m
2026-02-27T21:25:10.5813790Z [36;1m  if command -v jq &> /dev/null; then[0m
2026-02-27T21:25:10.5814162Z [36;1m    BUILD_TYPE=$(jq -r '.build_type // ""' gh-pages.txt 2>/dev/null || echo "")[0m
2026-02-27T21:25:10.5814647Z [36;1m  else[0m
2026-02-27T21:25:10.5814967Z [36;1m    BUILD_TYPE=$(awk -F'"' '/"build_type"/ {print $4}' gh-pages.txt 2>/dev/null || echo "")[0m
2026-02-27T21:25:10.5815336Z [36;1m  fi[0m
2026-02-27T21:25:10.5815494Z [36;1m  [0m
2026-02-27T21:25:10.5815739Z [36;1m  echo "Detected deployment method: ${BUILD_TYPE:-unknown}"[0m
2026-02-27T21:25:10.5816044Z [36;1m  [0m
2026-02-27T21:25:10.5816233Z [36;1m  if [ "$BUILD_TYPE" = "workflow" ]; then[0m
2026-02-27T21:25:10.5816605Z [36;1m    echo "::notice::GitHub Pages is using 'GitHub Actions' deployment method"[0m
2026-02-27T21:25:10.5817473Z [36;1m    echo "::notice::Source branch configuration is not applicable for Actions deployments"[0m
2026-02-27T21:25:10.5818030Z [36;1m    echo "::notice::Your deployment was successful via peaceiris/actions-gh-pages"[0m
2026-02-27T21:25:10.5818445Z [36;1m  elif [ "$BUILD_TYPE" = "legacy" ]; then[0m
2026-02-27T21:25:10.5818794Z [36;1m    echo "Updating GitHub Pages source branch configuration..."[0m
2026-02-27T21:25:10.5819123Z [36;1m    gh api \[0m
2026-02-27T21:25:10.5819320Z [36;1m      --method PUT \[0m
2026-02-27T21:25:10.5819575Z [36;1m      -H "Accept: application/vnd.github+json" \[0m
2026-02-27T21:25:10.5819888Z [36;1m      -H "X-GitHub-Api-Version: 2022-11-28" \[0m
2026-02-27T21:25:10.5820172Z [36;1m      "/repos/${PAGES_REPO}/pages" \[0m
2026-02-27T21:25:10.5820717Z [36;1m       -f "source[branch]=${GH_PAGES_BRANCH}" -f "source[path]=${SOURCE_PATH}" --silent > gh-pages-site.json 2>&1 || true;[0m
2026-02-27T21:25:10.5821209Z [36;1m    [0m
2026-02-27T21:25:10.5821466Z [36;1m    GH_SITE_UPDATE_MESSAGE=$(cat gh-pages-site.json | xargs)[0m
2026-02-27T21:25:10.5821919Z [36;1m    if echo "${GH_SITE_UPDATE_MESSAGE}" | grep -q 'gh: Not Found (HTTP 404)'; then[0m
2026-02-27T21:25:10.5822543Z [36;1m      echo "::warning::API call to update GitHub Pages site failed (404). The site should still work if already configured."[0m
2026-02-27T21:25:10.5823193Z [36;1m    elif echo "${GH_SITE_UPDATE_MESSAGE}" | grep -q 'gh: Resource not accessible'; then[0m
2026-02-27T21:25:10.5823773Z [36;1m      echo "::warning::API call to update GitHub Pages site failed (403 - Insufficient permissions)."[0m
2026-02-27T21:25:10.5824232Z [36;1m      if [[ "${IS_EXTERNAL}" == "true" ]]; then[0m
2026-02-27T21:25:10.5824711Z [36;1m        echo "::warning::For external repositories, ensure your PAT has 'repo' and 'pages: write' scopes."[0m
2026-02-27T21:25:10.5825156Z [36;1m      else[0m
2026-02-27T21:25:10.5825476Z [36;1m        echo "::warning::To fix this, add 'pages: write' permission to your workflow."[0m
2026-02-27T21:25:10.5825843Z [36;1m      fi[0m
2026-02-27T21:25:10.5826341Z [36;1m      echo "::notice::Your deployment was successful, but source branch settings were not updated"[0m
2026-02-27T21:25:10.5827180Z [36;1m    else[0m
2026-02-27T21:25:10.5827682Z [36;1m      echo "::notice::GitHub Pages source branch updated successfully"[0m
2026-02-27T21:25:10.5828038Z [36;1m    fi[0m
2026-02-27T21:25:10.5828197Z [36;1m  else[0m
2026-02-27T21:25:10.5828495Z [36;1m    echo "::notice::GitHub Pages deployment method is unknown or not detected"[0m
2026-02-27T21:25:10.5829054Z [36;1m    echo "::notice::Your content has been deployed successfully via peaceiris/actions-gh-pages"[0m
2026-02-27T21:25:10.5829731Z [36;1m    echo "::notice::If this is the first deployment, you may need to manually enable GitHub Pages in Settings → Pages"[0m
2026-02-27T21:25:10.5830222Z [36;1m  fi[0m
2026-02-27T21:25:10.5830379Z [36;1mfi;[0m
2026-02-27T21:25:10.5830535Z [36;1m[0m
2026-02-27T21:25:10.5830731Z [36;1m# Get and display the GitHub Pages URL[0m
2026-02-27T21:25:10.5831454Z [36;1mREPORT_URL=$(gh api -H "Accept: application/vnd.github+json" -H "X-GitHub-Api-Version: 2022-11-28" "/repos/${PAGES_REPO}/pages" --jq '.html_url' 2>/dev/null | xargs || echo "")[0m
2026-02-27T21:25:10.5832264Z [36;1m# Validate the response is a real URL (not a 403 error JSON body)[0m
2026-02-27T21:25:10.5832987Z [36;1mif [[ -n "$REPORT_URL" && "$REPORT_URL" == http* && "$REPORT_URL" != *"Resource not accessible"* ]]; then[0m
2026-02-27T21:25:10.5833423Z [36;1m  REPORT_URL="${REPORT_URL%/}"[0m
2026-02-27T21:25:10.5833702Z [36;1m  echo "Your GitHub Pages URL: $REPORT_URL"[0m
2026-02-27T21:25:10.5833956Z [36;1melse[0m
2026-02-27T21:25:10.5834155Z [36;1m  if [[ "${IS_EXTERNAL}" == "true" ]]; then[0m
2026-02-27T21:25:10.5834425Z [36;1m    EXT_OWNER="${EXTERNAL_REPO%%/*}"[0m
2026-02-27T21:25:10.5834696Z [36;1m    EXT_NAME="${EXTERNAL_REPO##*/}"[0m
2026-02-27T21:25:10.5835027Z [36;1m    FALLBACK_URL="https://${EXT_OWNER}.github.io/${EXT_NAME}"[0m
2026-02-27T21:25:10.5835341Z [36;1m  else[0m
2026-02-27T21:25:10.5835605Z [36;1m    FALLBACK_URL="https://${REPO_OWNER}.github.io/${REPO_NAME}"[0m
2026-02-27T21:25:10.5835915Z [36;1m  fi[0m
2026-02-27T21:25:10.5836182Z [36;1m  echo "::notice::GitHub Pages URL (constructed): ${FALLBACK_URL}"[0m
2026-02-27T21:25:10.5836708Z [36;1m  echo "::notice::To get the exact URL via API, add 'pages: write' to your workflow permissions block."[0m
2026-02-27T21:25:10.5837439Z [36;1mfi[0m
2026-02-27T21:25:10.5837598Z [36;1m[0m
2026-02-27T21:25:10.5837769Z [36;1m# Clean up temp files[0m
2026-02-27T21:25:10.5838022Z [36;1mrm -f gh-pages.txt gh-pages-site.json[0m
2026-02-27T21:25:10.5888154Z shell: /usr/bin/bash --noprofile --norc -e -o pipefail {0}
2026-02-27T21:25:10.5888467Z env:
2026-02-27T21:25:10.5888710Z   pythonLocation: /opt/hostedtoolcache/Python/3.13.12/x64
2026-02-27T21:25:10.5889119Z   PKG_CONFIG_PATH: /opt/hostedtoolcache/Python/3.13.12/x64/lib/pkgconfig
2026-02-27T21:25:10.5889501Z   Python_ROOT_DIR: /opt/hostedtoolcache/Python/3.13.12/x64
2026-02-27T21:25:10.5889859Z   Python2_ROOT_DIR: /opt/hostedtoolcache/Python/3.13.12/x64
2026-02-27T21:25:10.5890216Z   Python3_ROOT_DIR: /opt/hostedtoolcache/Python/3.13.12/x64
2026-02-27T21:25:10.5890582Z   LD_LIBRARY_PATH: /opt/hostedtoolcache/Python/3.13.12/x64/lib
2026-02-27T21:25:10.5891010Z   REPORT_URL: https://pavanmudigonda.github.io/html-reporter-github-pages
2026-02-27T21:25:10.5891387Z   GH_PAGES: gh_pages/docs/cucumber/test/QA
2026-02-27T21:25:10.5891855Z   GITHUB_PAGES_WEBSITE_URL: https://pavanmudigonda.github.io/html-reporter-github-pages/cucumber/test/QA
2026-02-27T21:25:10.5892479Z   GH_TOKEN: ***
2026-02-27T21:25:10.5892728Z   PAGES_REPO: PavanMudigonda/html-reporter-github-pages
2026-02-27T21:25:10.5893020Z   SOURCE_PATH: /docs
2026-02-27T21:25:10.5893218Z   GH_PAGES_BRANCH: gh_pages
2026-02-27T21:25:10.5893420Z   EXTERNAL_REPO: 
2026-02-27T21:25:10.5893603Z   REPO_OWNER: PavanMudigonda
2026-02-27T21:25:10.5893838Z   REPO_NAME: html-reporter-github-pages
2026-02-27T21:25:10.5894074Z ##[endgroup]
2026-02-27T21:25:10.5969417Z Checking GitHub Pages configuration...
2026-02-27T21:25:10.7838106Z GitHub Pages already configured
2026-02-27T21:25:10.7872594Z Detected deployment method: unknown
2026-02-27T21:25:10.7874334Z ##[notice]GitHub Pages deployment method is unknown or not detected
2026-02-27T21:25:10.7875759Z ##[notice]Your content has been deployed successfully via peaceiris/actions-gh-pages
2026-02-27T21:25:10.7877729Z ##[notice]If this is the first deployment, you may need to manually enable GitHub Pages in Settings → Pages
2026-02-27T21:25:10.9970621Z Your GitHub Pages URL: https://pavanmudigonda.github.io/html-reporter-github-pages
2026-02-27T21:25:11.0468887Z Post job cleanup.
2026-02-27T21:25:11.0514775Z Post job cleanup.
2026-02-27T21:25:11.1309968Z [command]/usr/bin/git version
2026-02-27T21:25:11.1349320Z git version 2.53.0
2026-02-27T21:25:11.1389451Z Temporarily overriding HOME='/home/runner/work/_temp/0f758272-da4f-46aa-93bc-d449c301d960' before making global git config changes
2026-02-27T21:25:11.1390958Z Adding repository directory to the temporary git global config as a safe directory
2026-02-27T21:25:11.1395956Z [command]/usr/bin/git config --global --add safe.directory /home/runner/work/html-reporter-github-pages/html-reporter-github-pages/gh_pages
2026-02-27T21:25:11.1434797Z [command]/usr/bin/git config --local --name-only --get-regexp core\.sshCommand
2026-02-27T21:25:11.1472512Z [command]/usr/bin/git submodule foreach --recursive sh -c "git config --local --name-only --get-regexp 'core\.sshCommand' && git config --local --unset-all 'core.sshCommand' || :"
2026-02-27T21:25:11.1715465Z [command]/usr/bin/git config --local --name-only --get-regexp http\.https\:\/\/github\.com\/\.extraheader
2026-02-27T21:25:11.1749537Z [command]/usr/bin/git submodule foreach --recursive sh -c "git config --local --name-only --get-regexp 'http\.https\:\/\/github\.com\/\.extraheader' && git config --local --unset-all 'http.https://github.com/.extraheader' || :"
2026-02-27T21:25:11.2106292Z Post job cleanup.
2026-02-27T21:25:11.3420181Z Post job cleanup.
2026-02-27T21:25:11.4757392Z (node:2946) [DEP0040] DeprecationWarning: The `punycode` module is deprecated. Please use a userland alternative instead.
2026-02-27T21:25:11.4758980Z (Use `node --trace-deprecation ...` to show where the warning was created)
2026-02-27T21:25:11.4884416Z Post job cleanup.
2026-02-27T21:25:11.5713472Z [command]/usr/bin/git version
2026-02-27T21:25:11.5756327Z git version 2.53.0
2026-02-27T21:25:11.5797920Z Temporarily overriding HOME='/home/runner/work/_temp/f2342880-3264-41d4-bf58-7b66312897c1' before making global git config changes
2026-02-27T21:25:11.5799715Z Adding repository directory to the temporary git global config as a safe directory
2026-02-27T21:25:11.5804969Z [command]/usr/bin/git config --global --add safe.directory /home/runner/work/html-reporter-github-pages/html-reporter-github-pages
2026-02-27T21:25:11.5847396Z Removing SSH command configuration
2026-02-27T21:25:11.5850599Z [command]/usr/bin/git config --local --name-only --get-regexp core\.sshCommand
2026-02-27T21:25:11.5895012Z [command]/usr/bin/git submodule foreach --recursive sh -c "git config --local --name-only --get-regexp 'core\.sshCommand' && git config --local --unset-all 'core.sshCommand' || :"
2026-02-27T21:25:11.6147655Z Removing HTTP extra header
2026-02-27T21:25:11.6153403Z [command]/usr/bin/git config --local --name-only --get-regexp http\.https\:\/\/github\.com\/\.extraheader
2026-02-27T21:25:11.6191190Z [command]/usr/bin/git submodule foreach --recursive sh -c "git config --local --name-only --get-regexp 'http\.https\:\/\/github\.com\/\.extraheader' && git config --local --unset-all 'http.https://github.com/.extraheader' || :"
2026-02-27T21:25:11.6440262Z Removing includeIf entries pointing to credentials config files
2026-02-27T21:25:11.6451704Z [command]/usr/bin/git config --local --name-only --get-regexp ^includeIf\.gitdir:
2026-02-27T21:25:11.6482960Z includeif.gitdir:/home/runner/work/html-reporter-github-pages/html-reporter-github-pages/.git.path
2026-02-27T21:25:11.6484160Z includeif.gitdir:/home/runner/work/html-reporter-github-pages/html-reporter-github-pages/.git/worktrees/*.path
2026-02-27T21:25:11.6484788Z includeif.gitdir:/github/workspace/.git.path
2026-02-27T21:25:11.6485198Z includeif.gitdir:/github/workspace/.git/worktrees/*.path
2026-02-27T21:25:11.6496072Z [command]/usr/bin/git config --local --get-all includeif.gitdir:/home/runner/work/html-reporter-github-pages/html-reporter-github-pages/.git.path
2026-02-27T21:25:11.6521533Z /home/runner/work/_temp/git-credentials-d28ca94f-df1d-4935-936c-d7cd3e71842e.config
2026-02-27T21:25:11.6533376Z [command]/usr/bin/git config --local --unset includeif.gitdir:/home/runner/work/html-reporter-github-pages/html-reporter-github-pages/.git.path /home/runner/work/_temp/git-credentials-d28ca94f-df1d-4935-936c-d7cd3e71842e.config
2026-02-27T21:25:11.6570694Z [command]/usr/bin/git config --local --get-all includeif.gitdir:/home/runner/work/html-reporter-github-pages/html-reporter-github-pages/.git/worktrees/*.path
2026-02-27T21:25:11.6593399Z /home/runner/work/_temp/git-credentials-d28ca94f-df1d-4935-936c-d7cd3e71842e.config
2026-02-27T21:25:11.6605387Z [command]/usr/bin/git config --local --unset includeif.gitdir:/home/runner/work/html-reporter-github-pages/html-reporter-github-pages/.git/worktrees/*.path /home/runner/work/_temp/git-credentials-d28ca94f-df1d-4935-936c-d7cd3e71842e.config
2026-02-27T21:25:11.6639786Z [command]/usr/bin/git config --local --get-all includeif.gitdir:/github/workspace/.git.path
2026-02-27T21:25:11.6663499Z /github/runner_temp/git-credentials-d28ca94f-df1d-4935-936c-d7cd3e71842e.config
2026-02-27T21:25:11.6671773Z [command]/usr/bin/git config --local --unset includeif.gitdir:/github/workspace/.git.path /github/runner_temp/git-credentials-d28ca94f-df1d-4935-936c-d7cd3e71842e.config
2026-02-27T21:25:11.6704153Z [command]/usr/bin/git config --local --get-all includeif.gitdir:/github/workspace/.git/worktrees/*.path
2026-02-27T21:25:11.6726591Z /github/runner_temp/git-credentials-d28ca94f-df1d-4935-936c-d7cd3e71842e.config
2026-02-27T21:25:11.6739257Z [command]/usr/bin/git config --local --unset includeif.gitdir:/github/workspace/.git/worktrees/*.path /github/runner_temp/git-credentials-d28ca94f-df1d-4935-936c-d7cd3e71842e.config
2026-02-27T21:25:11.6774226Z [command]/usr/bin/git submodule foreach --recursive git config --local --show-origin --name-only --get-regexp remote.origin.url
2026-02-27T21:25:11.7014324Z Removing credentials config '/home/runner/work/_temp/git-credentials-d28ca94f-df1d-4935-936c-d7cd3e71842e.config'
2026-02-27T21:25:11.7141657Z Cleaning up orphan processes
